<?xml version="1.0"?>
<link_info>
   <banner>TMS320C6x Linker PC v7.4.4</banner>
   <copyright>Copyright (c) 1996-2013 Texas Instruments Incorporated</copyright>
   <link_time>0x5fe40088</link_time>
   <output_file>4x4_matrix_transform.out</output_file>
   <entry_point>
      <name>_c_int00</name>
      <address>0x4083c0</address>
   </entry_point>
   <input_file_list>
      <input_file id="fl-2">
         <path>.\</path>
         <kind>object</kind>
         <file>main.obj</file>
         <name>main.obj</name>
      </input_file>
      <input_file id="fl-7d">
         <path>F:\software\ccs\ccsv5\tools\compiler\c6000_7.4.4\lib\</path>
         <kind>archive</kind>
         <file>rts6400.lib</file>
         <name>boot.obj</name>
      </input_file>
      <input_file id="fl-7e">
         <path>F:\software\ccs\ccsv5\tools\compiler\c6000_7.4.4\lib\</path>
         <kind>archive</kind>
         <file>rts6400.lib</file>
         <name>exit.obj</name>
      </input_file>
      <input_file id="fl-7f">
         <path>F:\software\ccs\ccsv5\tools\compiler\c6000_7.4.4\lib\</path>
         <kind>archive</kind>
         <file>rts6400.lib</file>
         <name>fclose.obj</name>
      </input_file>
      <input_file id="fl-80">
         <path>F:\software\ccs\ccsv5\tools\compiler\c6000_7.4.4\lib\</path>
         <kind>archive</kind>
         <file>rts6400.lib</file>
         <name>fflush.obj</name>
      </input_file>
      <input_file id="fl-81">
         <path>F:\software\ccs\ccsv5\tools\compiler\c6000_7.4.4\lib\</path>
         <kind>archive</kind>
         <file>rts6400.lib</file>
         <name>fopen.obj</name>
      </input_file>
      <input_file id="fl-82">
         <path>F:\software\ccs\ccsv5\tools\compiler\c6000_7.4.4\lib\</path>
         <kind>archive</kind>
         <file>rts6400.lib</file>
         <name>fread.obj</name>
      </input_file>
      <input_file id="fl-83">
         <path>F:\software\ccs\ccsv5\tools\compiler\c6000_7.4.4\lib\</path>
         <kind>archive</kind>
         <file>rts6400.lib</file>
         <name>lowlev.obj</name>
      </input_file>
      <input_file id="fl-84">
         <path>F:\software\ccs\ccsv5\tools\compiler\c6000_7.4.4\lib\</path>
         <kind>archive</kind>
         <file>rts6400.lib</file>
         <name>memcpy64.obj</name>
      </input_file>
      <input_file id="fl-85">
         <path>F:\software\ccs\ccsv5\tools\compiler\c6000_7.4.4\lib\</path>
         <kind>archive</kind>
         <file>rts6400.lib</file>
         <name>memory.obj</name>
      </input_file>
      <input_file id="fl-86">
         <path>F:\software\ccs\ccsv5\tools\compiler\c6000_7.4.4\lib\</path>
         <kind>archive</kind>
         <file>rts6400.lib</file>
         <name>memset.obj</name>
      </input_file>
      <input_file id="fl-87">
         <path>F:\software\ccs\ccsv5\tools\compiler\c6000_7.4.4\lib\</path>
         <kind>archive</kind>
         <file>rts6400.lib</file>
         <name>printf.obj</name>
      </input_file>
      <input_file id="fl-88">
         <path>F:\software\ccs\ccsv5\tools\compiler\c6000_7.4.4\lib\</path>
         <kind>archive</kind>
         <file>rts6400.lib</file>
         <name>remove.obj</name>
      </input_file>
      <input_file id="fl-89">
         <path>F:\software\ccs\ccsv5\tools\compiler\c6000_7.4.4\lib\</path>
         <kind>archive</kind>
         <file>rts6400.lib</file>
         <name>trgdrv.obj</name>
      </input_file>
      <input_file id="fl-8a">
         <path>F:\software\ccs\ccsv5\tools\compiler\c6000_7.4.4\lib\</path>
         <kind>archive</kind>
         <file>rts6400.lib</file>
         <name>trgmsg.obj</name>
      </input_file>
      <input_file id="fl-8b">
         <path>F:\software\ccs\ccsv5\tools\compiler\c6000_7.4.4\lib\</path>
         <kind>archive</kind>
         <file>rts6400.lib</file>
         <name>_bufread.obj</name>
      </input_file>
      <input_file id="fl-8c">
         <path>F:\software\ccs\ccsv5\tools\compiler\c6000_7.4.4\lib\</path>
         <kind>archive</kind>
         <file>rts6400.lib</file>
         <name>_io_perm.obj</name>
      </input_file>
      <input_file id="fl-8d">
         <path>F:\software\ccs\ccsv5\tools\compiler\c6000_7.4.4\lib\</path>
         <kind>archive</kind>
         <file>rts6400.lib</file>
         <name>_lock.obj</name>
      </input_file>
      <input_file id="fl-8e">
         <path>F:\software\ccs\ccsv5\tools\compiler\c6000_7.4.4\lib\</path>
         <kind>archive</kind>
         <file>rts6400.lib</file>
         <name>_printfi.obj</name>
      </input_file>
      <input_file id="fl-8f">
         <path>F:\software\ccs\ccsv5\tools\compiler\c6000_7.4.4\lib\</path>
         <kind>archive</kind>
         <file>rts6400.lib</file>
         <name>args_main.obj</name>
      </input_file>
      <input_file id="fl-90">
         <path>F:\software\ccs\ccsv5\tools\compiler\c6000_7.4.4\lib\</path>
         <kind>archive</kind>
         <file>rts6400.lib</file>
         <name>atoi.obj</name>
      </input_file>
      <input_file id="fl-91">
         <path>F:\software\ccs\ccsv5\tools\compiler\c6000_7.4.4\lib\</path>
         <kind>archive</kind>
         <file>rts6400.lib</file>
         <name>autoinit.obj</name>
      </input_file>
      <input_file id="fl-92">
         <path>F:\software\ccs\ccsv5\tools\compiler\c6000_7.4.4\lib\</path>
         <kind>archive</kind>
         <file>rts6400.lib</file>
         <name>cmpd.obj</name>
      </input_file>
      <input_file id="fl-93">
         <path>F:\software\ccs\ccsv5\tools\compiler\c6000_7.4.4\lib\</path>
         <kind>archive</kind>
         <file>rts6400.lib</file>
         <name>cpp_init.obj</name>
      </input_file>
      <input_file id="fl-94">
         <path>F:\software\ccs\ccsv5\tools\compiler\c6000_7.4.4\lib\</path>
         <kind>archive</kind>
         <file>rts6400.lib</file>
         <name>cpy_tbl.obj</name>
      </input_file>
      <input_file id="fl-95">
         <path>F:\software\ccs\ccsv5\tools\compiler\c6000_7.4.4\lib\</path>
         <kind>archive</kind>
         <file>rts6400.lib</file>
         <name>ctype.obj</name>
      </input_file>
      <input_file id="fl-96">
         <path>F:\software\ccs\ccsv5\tools\compiler\c6000_7.4.4\lib\</path>
         <kind>archive</kind>
         <file>rts6400.lib</file>
         <name>defs.obj</name>
      </input_file>
      <input_file id="fl-97">
         <path>F:\software\ccs\ccsv5\tools\compiler\c6000_7.4.4\lib\</path>
         <kind>archive</kind>
         <file>rts6400.lib</file>
         <name>divd.obj</name>
      </input_file>
      <input_file id="fl-98">
         <path>F:\software\ccs\ccsv5\tools\compiler\c6000_7.4.4\lib\</path>
         <kind>archive</kind>
         <file>rts6400.lib</file>
         <name>divu.obj</name>
      </input_file>
      <input_file id="fl-99">
         <path>F:\software\ccs\ccsv5\tools\compiler\c6000_7.4.4\lib\</path>
         <kind>archive</kind>
         <file>rts6400.lib</file>
         <name>fixdi.obj</name>
      </input_file>
      <input_file id="fl-9a">
         <path>F:\software\ccs\ccsv5\tools\compiler\c6000_7.4.4\lib\</path>
         <kind>archive</kind>
         <file>rts6400.lib</file>
         <name>fixdli.obj</name>
      </input_file>
      <input_file id="fl-9b">
         <path>F:\software\ccs\ccsv5\tools\compiler\c6000_7.4.4\lib\</path>
         <kind>archive</kind>
         <file>rts6400.lib</file>
         <name>fltlid.obj</name>
      </input_file>
      <input_file id="fl-9c">
         <path>F:\software\ccs\ccsv5\tools\compiler\c6000_7.4.4\lib\</path>
         <kind>archive</kind>
         <file>rts6400.lib</file>
         <name>fputc.obj</name>
      </input_file>
      <input_file id="fl-9d">
         <path>F:\software\ccs\ccsv5\tools\compiler\c6000_7.4.4\lib\</path>
         <kind>archive</kind>
         <file>rts6400.lib</file>
         <name>fputs.obj</name>
      </input_file>
      <input_file id="fl-9e">
         <path>F:\software\ccs\ccsv5\tools\compiler\c6000_7.4.4\lib\</path>
         <kind>archive</kind>
         <file>rts6400.lib</file>
         <name>frcmpyd_div.obj</name>
      </input_file>
      <input_file id="fl-9f">
         <path>F:\software\ccs\ccsv5\tools\compiler\c6000_7.4.4\lib\</path>
         <kind>archive</kind>
         <file>rts6400.lib</file>
         <name>fseek.obj</name>
      </input_file>
      <input_file id="fl-a0">
         <path>F:\software\ccs\ccsv5\tools\compiler\c6000_7.4.4\lib\</path>
         <kind>archive</kind>
         <file>rts6400.lib</file>
         <name>imath40.obj</name>
      </input_file>
      <input_file id="fl-a1">
         <path>F:\software\ccs\ccsv5\tools\compiler\c6000_7.4.4\lib\</path>
         <kind>archive</kind>
         <file>rts6400.lib</file>
         <name>imath64.obj</name>
      </input_file>
      <input_file id="fl-a2">
         <path>F:\software\ccs\ccsv5\tools\compiler\c6000_7.4.4\lib\</path>
         <kind>archive</kind>
         <file>rts6400.lib</file>
         <name>isinf.obj</name>
      </input_file>
      <input_file id="fl-a3">
         <path>F:\software\ccs\ccsv5\tools\compiler\c6000_7.4.4\lib\</path>
         <kind>archive</kind>
         <file>rts6400.lib</file>
         <name>llshift.obj</name>
      </input_file>
      <input_file id="fl-a4">
         <path>F:\software\ccs\ccsv5\tools\compiler\c6000_7.4.4\lib\</path>
         <kind>archive</kind>
         <file>rts6400.lib</file>
         <name>ltoa.obj</name>
      </input_file>
      <input_file id="fl-a5">
         <path>F:\software\ccs\ccsv5\tools\compiler\c6000_7.4.4\lib\</path>
         <kind>archive</kind>
         <file>rts6400.lib</file>
         <name>memccpy.obj</name>
      </input_file>
      <input_file id="fl-a6">
         <path>F:\software\ccs\ccsv5\tools\compiler\c6000_7.4.4\lib\</path>
         <kind>archive</kind>
         <file>rts6400.lib</file>
         <name>mpyd.obj</name>
      </input_file>
      <input_file id="fl-a7">
         <path>F:\software\ccs\ccsv5\tools\compiler\c6000_7.4.4\lib\</path>
         <kind>archive</kind>
         <file>rts6400.lib</file>
         <name>mpyll.obj</name>
      </input_file>
      <input_file id="fl-a8">
         <path>F:\software\ccs\ccsv5\tools\compiler\c6000_7.4.4\lib\</path>
         <kind>archive</kind>
         <file>rts6400.lib</file>
         <name>negd.obj</name>
      </input_file>
      <input_file id="fl-a9">
         <path>F:\software\ccs\ccsv5\tools\compiler\c6000_7.4.4\lib\</path>
         <kind>archive</kind>
         <file>rts6400.lib</file>
         <name>negll.obj</name>
      </input_file>
      <input_file id="fl-aa">
         <path>F:\software\ccs\ccsv5\tools\compiler\c6000_7.4.4\lib\</path>
         <kind>archive</kind>
         <file>rts6400.lib</file>
         <name>setvbuf.obj</name>
      </input_file>
      <input_file id="fl-ab">
         <path>F:\software\ccs\ccsv5\tools\compiler\c6000_7.4.4\lib\</path>
         <kind>archive</kind>
         <file>rts6400.lib</file>
         <name>subd.obj</name>
      </input_file>
      <input_file id="fl-ac">
         <path>F:\software\ccs\ccsv5\tools\compiler\c6000_7.4.4\lib\</path>
         <kind>archive</kind>
         <file>rts6400.lib</file>
         <name>abs.obj</name>
      </input_file>
      <input_file id="fl-ad">
         <path>F:\software\ccs\ccsv5\tools\compiler\c6000_7.4.4\lib\</path>
         <kind>archive</kind>
         <file>rts6400.lib</file>
         <name>addd.obj</name>
      </input_file>
      <input_file id="fl-ae">
         <path>F:\software\ccs\ccsv5\tools\compiler\c6000_7.4.4\lib\</path>
         <kind>archive</kind>
         <file>rts6400.lib</file>
         <name>frcaddd.obj</name>
      </input_file>
      <input_file id="fl-af">
         <path>F:\software\ccs\ccsv5\tools\compiler\c6000_7.4.4\lib\</path>
         <kind>archive</kind>
         <file>rts6400.lib</file>
         <name>frcmpyd.obj</name>
      </input_file>
      <input_file id="fl-b0">
         <path>F:\software\ccs\ccsv5\tools\compiler\c6000_7.4.4\lib\</path>
         <kind>archive</kind>
         <file>rts6400.lib</file>
         <name>renormd.obj</name>
      </input_file>
   </input_file_list>
   <object_component_list>
      <object_component id="oc-110">
         <name>.text:__getarg_diouxp</name>
         <load_address>0x400000</load_address>
         <run_address>0x400000</run_address>
         <size>0x620</size>
         <input_file_ref idref="fl-8e"/>
      </object_component>
      <object_component id="oc-11a">
         <name>.text:__divd</name>
         <load_address>0x400620</load_address>
         <run_address>0x400620</run_address>
         <size>0x5c0</size>
         <input_file_ref idref="fl-97"/>
      </object_component>
      <object_component id="oc-f3">
         <name>.text:__setfield</name>
         <load_address>0x400be0</load_address>
         <run_address>0x400be0</run_address>
         <size>0x4e0</size>
         <input_file_ref idref="fl-8e"/>
      </object_component>
      <object_component id="oc-e5">
         <name>.text:__printfi</name>
         <load_address>0x4010c0</load_address>
         <run_address>0x4010c0</run_address>
         <size>0x4c0</size>
         <input_file_ref idref="fl-8e"/>
      </object_component>
      <object_component id="oc-f0">
         <name>.text:_fputs</name>
         <load_address>0x401580</load_address>
         <run_address>0x401580</run_address>
         <size>0x420</size>
         <input_file_ref idref="fl-9d"/>
      </object_component>
      <object_component id="oc-117">
         <name>.text:_fcvt</name>
         <load_address>0x4019a0</load_address>
         <run_address>0x4019a0</run_address>
         <size>0x400</size>
         <input_file_ref idref="fl-8e"/>
      </object_component>
      <object_component id="oc-102">
         <name>.text:__pproc_fge</name>
         <load_address>0x401da0</load_address>
         <run_address>0x401da0</run_address>
         <size>0x3e0</size>
         <input_file_ref idref="fl-8e"/>
      </object_component>
      <object_component id="oc-114">
         <name>.text:_ecvt</name>
         <load_address>0x402180</load_address>
         <run_address>0x402180</run_address>
         <size>0x3c0</size>
         <input_file_ref idref="fl-8e"/>
      </object_component>
      <object_component id="oc-10f">
         <name>.text:__pconv_e</name>
         <load_address>0x402540</load_address>
         <run_address>0x402540</run_address>
         <size>0x320</size>
         <input_file_ref idref="fl-8e"/>
      </object_component>
      <object_component id="oc-f2">
         <name>.text:__pproc_fwp</name>
         <load_address>0x402860</load_address>
         <run_address>0x402860</run_address>
         <size>0x300</size>
         <input_file_ref idref="fl-8e"/>
      </object_component>
      <object_component id="oc-e1">
         <name>.text:_fread</name>
         <load_address>0x402b60</load_address>
         <run_address>0x402b60</run_address>
         <size>0x300</size>
         <input_file_ref idref="fl-82"/>
      </object_component>
      <object_component id="oc-f7">
         <name>.text:_free</name>
         <load_address>0x402e60</load_address>
         <run_address>0x402e60</run_address>
         <size>0x2e0</size>
         <input_file_ref idref="fl-85"/>
      </object_component>
      <object_component id="oc-126">
         <name>.text:__divull</name>
         <load_address>0x403140</load_address>
         <run_address>0x403140</run_address>
         <size>0x2c0</size>
         <input_file_ref idref="fl-a1"/>
      </object_component>
      <object_component id="oc-103">
         <name>.text:__pproc_diouxp</name>
         <load_address>0x403400</load_address>
         <run_address>0x403400</run_address>
         <size>0x2a0</size>
         <input_file_ref idref="fl-8e"/>
      </object_component>
      <object_component id="oc-119">
         <name>.text:__mpyd</name>
         <load_address>0x4036a0</load_address>
         <run_address>0x4036a0</run_address>
         <size>0x280</size>
         <input_file_ref idref="fl-a6"/>
      </object_component>
      <object_component id="oc-12d">
         <name>.text:__frcaddd</name>
         <load_address>0x403920</load_address>
         <run_address>0x403920</run_address>
         <size>0x260</size>
         <input_file_ref idref="fl-ae"/>
      </object_component>
      <object_component id="oc-f4">
         <name>.text:__pproc_str</name>
         <load_address>0x403b80</load_address>
         <run_address>0x403b80</run_address>
         <size>0x260</size>
         <input_file_ref idref="fl-8e"/>
      </object_component>
      <object_component id="oc-f5">
         <name>.text:_fputc</name>
         <load_address>0x403de0</load_address>
         <run_address>0x403de0</run_address>
         <size>0x260</size>
         <input_file_ref idref="fl-9c"/>
      </object_component>
      <object_component id="oc-129">
         <name>.text:__addd</name>
         <load_address>0x404040</load_address>
         <run_address>0x404040</run_address>
         <size>0x240</size>
         <input_file_ref idref="fl-ad"/>
      </object_component>
      <object_component id="oc-10d">
         <name>.text:__pconv_g</name>
         <load_address>0x404280</load_address>
         <run_address>0x404280</run_address>
         <size>0x240</size>
         <input_file_ref idref="fl-8e"/>
      </object_component>
      <object_component id="oc-fc">
         <name>.text:_setvbuf</name>
         <load_address>0x4044c0</load_address>
         <run_address>0x4044c0</run_address>
         <size>0x240</size>
         <input_file_ref idref="fl-aa"/>
      </object_component>
      <object_component id="oc-d7">
         <name>.text</name>
         <load_address>0x404700</load_address>
         <run_address>0x404700</run_address>
         <size>0x220</size>
         <input_file_ref idref="fl-2"/>
      </object_component>
      <object_component id="oc-d2">
         <name>.text:_HOSTrename</name>
         <load_address>0x404920</load_address>
         <run_address>0x404920</run_address>
         <size>0x200</size>
         <input_file_ref idref="fl-89"/>
      </object_component>
      <object_component id="oc-116">
         <name>.text:__mcpy</name>
         <load_address>0x404b20</load_address>
         <run_address>0x404b20</run_address>
         <size>0x200</size>
         <input_file_ref idref="fl-8e"/>
      </object_component>
      <object_component id="oc-e3">
         <name>.text:__openfile</name>
         <load_address>0x404d20</load_address>
         <run_address>0x404d20</run_address>
         <size>0x1e0</size>
         <input_file_ref idref="fl-81"/>
      </object_component>
      <object_component id="oc-e8">
         <name>.text:_malloc</name>
         <load_address>0x404f00</load_address>
         <run_address>0x404f00</run_address>
         <size>0x1c0</size>
         <input_file_ref idref="fl-85"/>
      </object_component>
      <object_component id="oc-ef">
         <name>.text:_open</name>
         <load_address>0x4050c0</load_address>
         <run_address>0x4050c0</run_address>
         <size>0x1c0</size>
         <input_file_ref idref="fl-83"/>
      </object_component>
      <object_component id="oc-125">
         <name>.text:__divul</name>
         <load_address>0x405280</load_address>
         <run_address>0x405280</run_address>
         <size>0x1a0</size>
         <input_file_ref idref="fl-a0"/>
      </object_component>
      <object_component id="oc-107">
         <name>.text:_fseek</name>
         <load_address>0x405420</load_address>
         <run_address>0x405420</run_address>
         <size>0x180</size>
         <input_file_ref idref="fl-9f"/>
      </object_component>
      <object_component id="oc-fe">
         <name>.text:_getdevice</name>
         <load_address>0x4055a0</load_address>
         <run_address>0x4055a0</run_address>
         <size>0x180</size>
         <input_file_ref idref="fl-83"/>
      </object_component>
      <object_component id="oc-112">
         <name>.text:__ltostr</name>
         <load_address>0x405720</load_address>
         <run_address>0x405720</run_address>
         <size>0x160</size>
         <input_file_ref idref="fl-8e"/>
      </object_component>
      <object_component id="oc-f1">
         <name>.text:__pproc_fflags</name>
         <load_address>0x405880</load_address>
         <run_address>0x405880</run_address>
         <size>0x160</size>
         <input_file_ref idref="fl-8e"/>
      </object_component>
      <object_component id="oc-e7">
         <name>.text:__closefile</name>
         <load_address>0x4059e0</load_address>
         <run_address>0x4059e0</run_address>
         <size>0x140</size>
         <input_file_ref idref="fl-7f"/>
      </object_component>
      <object_component id="oc-e2">
         <name>.text:__search_fp</name>
         <load_address>0x405b20</load_address>
         <run_address>0x405b20</run_address>
         <size>0x140</size>
         <input_file_ref idref="fl-81"/>
      </object_component>
      <object_component id="oc-d0">
         <name>.text:_HOSTlseek</name>
         <load_address>0x405c60</load_address>
         <run_address>0x405c60</run_address>
         <size>0x120</size>
         <input_file_ref idref="fl-89"/>
      </object_component>
      <object_component id="oc-ea">
         <name>.text:__buff_read</name>
         <load_address>0x405d80</load_address>
         <run_address>0x405d80</run_address>
         <size>0x120</size>
         <input_file_ref idref="fl-8b"/>
      </object_component>
      <object_component id="oc-122">
         <name>.text:__frcmpyd</name>
         <load_address>0x405ea0</load_address>
         <run_address>0x405ea0</run_address>
         <size>0x120</size>
         <input_file_ref idref="fl-af"/>
      </object_component>
      <object_component id="oc-ff">
         <name>.text:__wrt_ok</name>
         <load_address>0x405fc0</load_address>
         <run_address>0x405fc0</run_address>
         <size>0x120</size>
         <input_file_ref idref="fl-8c"/>
      </object_component>
      <object_component id="oc-101">
         <name>.text:_atoi</name>
         <load_address>0x4060e0</load_address>
         <run_address>0x4060e0</run_address>
         <size>0x120</size>
         <input_file_ref idref="fl-90"/>
      </object_component>
      <object_component id="oc-cc">
         <name>.text:_HOSTopen</name>
         <load_address>0x406200</load_address>
         <run_address>0x406200</run_address>
         <size>0x100</size>
         <input_file_ref idref="fl-89"/>
      </object_component>
      <object_component id="oc-ce">
         <name>.text:_HOSTread</name>
         <load_address>0x406300</load_address>
         <run_address>0x406300</run_address>
         <size>0x100</size>
         <input_file_ref idref="fl-89"/>
      </object_component>
      <object_component id="oc-cf">
         <name>.text:_HOSTwrite</name>
         <load_address>0x406400</load_address>
         <run_address>0x406400</run_address>
         <size>0x100</size>
         <input_file_ref idref="fl-89"/>
      </object_component>
      <object_component id="oc-124">
         <name>.text:__frcmpyd_div</name>
         <load_address>0x406500</load_address>
         <run_address>0x406500</run_address>
         <size>0x100</size>
         <input_file_ref idref="fl-9e"/>
      </object_component>
      <object_component id="oc-f8">
         <name>.text:_close</name>
         <load_address>0x406600</load_address>
         <run_address>0x406600</run_address>
         <size>0x100</size>
         <input_file_ref idref="fl-83"/>
      </object_component>
      <object_component id="oc-11e">
         <name>.text:_ltoa</name>
         <load_address>0x406700</load_address>
         <run_address>0x406700</run_address>
         <size>0x100</size>
         <input_file_ref idref="fl-a4"/>
      </object_component>
      <object_component id="oc-ed">
         <name>.text:_memset</name>
         <load_address>0x406800</load_address>
         <run_address>0x406800</run_address>
         <size>0x100</size>
         <input_file_ref idref="fl-86"/>
      </object_component>
      <object_component id="oc-d1">
         <name>.text:_HOSTunlink</name>
         <load_address>0x406900</load_address>
         <run_address>0x406900</run_address>
         <size>0xe0</size>
         <input_file_ref idref="fl-89"/>
      </object_component>
      <object_component id="oc-c9">
         <name>.text:__auto_init</name>
         <load_address>0x4069e0</load_address>
         <run_address>0x4069e0</run_address>
         <size>0xe0</size>
         <input_file_ref idref="fl-91"/>
      </object_component>
      <object_component id="oc-10b">
         <name>.text:__cmpd</name>
         <load_address>0x406ac0</load_address>
         <run_address>0x406ac0</run_address>
         <size>0xe0</size>
         <input_file_ref idref="fl-92"/>
      </object_component>
      <object_component id="oc-11b">
         <name>.text:__div</name>
         <load_address>0x406ba0</load_address>
         <run_address>0x406ba0</run_address>
         <size>0xe0</size>
         <input_file_ref idref="fl-8e"/>
      </object_component>
      <object_component id="oc-f6">
         <name>.text:__doflush</name>
         <load_address>0x406c80</load_address>
         <run_address>0x406c80</run_address>
         <size>0xe0</size>
         <input_file_ref idref="fl-80"/>
      </object_component>
      <object_component id="oc-10e">
         <name>.text:__pconv_f</name>
         <load_address>0x406d60</load_address>
         <run_address>0x406d60</run_address>
         <size>0xe0</size>
         <input_file_ref idref="fl-8e"/>
      </object_component>
      <object_component id="oc-d5">
         <name>.text:_memcpy</name>
         <load_address>0x406e40</load_address>
         <run_address>0x406e40</run_address>
         <size>0xe0</size>
         <input_file_ref idref="fl-84"/>
      </object_component>
      <object_component id="oc-fa">
         <name>.text:_mremove</name>
         <load_address>0x406f20</load_address>
         <run_address>0x406f20</run_address>
         <size>0xe0</size>
         <input_file_ref idref="fl-85"/>
      </object_component>
      <object_component id="oc-de">
         <name>.text:_printf</name>
         <load_address>0x407000</load_address>
         <run_address>0x407000</run_address>
         <size>0xe0</size>
         <input_file_ref idref="fl-87"/>
      </object_component>
      <object_component id="oc-cd">
         <name>.text:_HOSTclose</name>
         <load_address>0x4070e0</load_address>
         <run_address>0x4070e0</run_address>
         <size>0xc0</size>
         <input_file_ref idref="fl-89"/>
      </object_component>
      <object_component id="oc-ee">
         <name>.text:__cleanup</name>
         <load_address>0x4071a0</load_address>
         <run_address>0x4071a0</run_address>
         <size>0xc0</size>
         <input_file_ref idref="fl-81"/>
      </object_component>
      <object_component id="oc-eb">
         <name>.text:__divu</name>
         <load_address>0x407260</load_address>
         <run_address>0x407260</run_address>
         <size>0xc0</size>
         <input_file_ref idref="fl-98"/>
      </object_component>
      <object_component id="oc-115">
         <name>.text:__ecpy</name>
         <load_address>0x407320</load_address>
         <run_address>0x407320</run_address>
         <size>0xc0</size>
         <input_file_ref idref="fl-8e"/>
      </object_component>
      <object_component id="oc-118">
         <name>.text:__fcpy</name>
         <load_address>0x4073e0</load_address>
         <run_address>0x4073e0</run_address>
         <size>0xc0</size>
         <input_file_ref idref="fl-8e"/>
      </object_component>
      <object_component id="oc-e9">
         <name>.text:__rd_ok</name>
         <load_address>0x4074a0</load_address>
         <run_address>0x4074a0</run_address>
         <size>0xc0</size>
         <input_file_ref idref="fl-8c"/>
      </object_component>
      <object_component id="oc-cb">
         <name>.text:_exit</name>
         <load_address>0x407560</load_address>
         <run_address>0x407560</run_address>
         <size>0xc0</size>
         <input_file_ref idref="fl-7e"/>
      </object_component>
      <object_component id="oc-113">
         <name>.text:_lseek</name>
         <load_address>0x407620</load_address>
         <run_address>0x407620</run_address>
         <size>0xc0</size>
         <input_file_ref idref="fl-83"/>
      </object_component>
      <object_component id="oc-fb">
         <name>.text:_minsert</name>
         <load_address>0x4076e0</load_address>
         <run_address>0x4076e0</run_address>
         <size>0xc0</size>
         <input_file_ref idref="fl-85"/>
      </object_component>
      <object_component id="oc-ec">
         <name>.text:_read</name>
         <load_address>0x4077a0</load_address>
         <run_address>0x4077a0</run_address>
         <size>0xc0</size>
         <input_file_ref idref="fl-83"/>
      </object_component>
      <object_component id="oc-100">
         <name>.text:_write</name>
         <load_address>0x407860</load_address>
         <run_address>0x407860</run_address>
         <size>0xc0</size>
         <input_file_ref idref="fl-83"/>
      </object_component>
      <object_component id="oc-128">
         <name>.text:__divli</name>
         <load_address>0x407920</load_address>
         <run_address>0x407920</run_address>
         <size>0xa0</size>
         <input_file_ref idref="fl-a0"/>
      </object_component>
      <object_component id="oc-121">
         <name>.text:__fixdi</name>
         <load_address>0x4079c0</load_address>
         <run_address>0x4079c0</run_address>
         <size>0xa0</size>
         <input_file_ref idref="fl-99"/>
      </object_component>
      <object_component id="oc-11d">
         <name>.text:__fixdli</name>
         <load_address>0x407a60</load_address>
         <run_address>0x407a60</run_address>
         <size>0xa0</size>
         <input_file_ref idref="fl-9a"/>
      </object_component>
      <object_component id="oc-12e">
         <name>.text:__renormd</name>
         <load_address>0x407b00</load_address>
         <run_address>0x407b00</run_address>
         <size>0xa0</size>
         <input_file_ref idref="fl-b0"/>
      </object_component>
      <object_component id="oc-e0">
         <name>.text:_calloc</name>
         <load_address>0x407ba0</load_address>
         <run_address>0x407ba0</run_address>
         <size>0xa0</size>
         <input_file_ref idref="fl-85"/>
      </object_component>
      <object_component id="oc-d4">
         <name>.text:_copy_in</name>
         <load_address>0x407c40</load_address>
         <run_address>0x407c40</run_address>
         <size>0xa0</size>
         <input_file_ref idref="fl-94"/>
      </object_component>
      <object_component id="oc-106">
         <name>.text:_finddevice</name>
         <load_address>0x407ce0</load_address>
         <run_address>0x407ce0</run_address>
         <size>0xa0</size>
         <input_file_ref idref="fl-83"/>
      </object_component>
      <object_component id="oc-fd">
         <name>.text:_tabinit</name>
         <load_address>0x407d80</load_address>
         <run_address>0x407d80</run_address>
         <size>0xa0</size>
         <input_file_ref idref="fl-83"/>
      </object_component>
      <object_component id="oc-d6">
         <name>.text:___TI_cpp_init</name>
         <load_address>0x407e20</load_address>
         <run_address>0x407e20</run_address>
         <size>0x80</size>
         <input_file_ref idref="fl-93"/>
      </object_component>
      <object_component id="oc-11f">
         <name>.text:__fltlid</name>
         <load_address>0x407ea0</load_address>
         <run_address>0x407ea0</run_address>
         <size>0x80</size>
         <input_file_ref idref="fl-9b"/>
      </object_component>
      <object_component id="oc-12a">
         <name>.text:__llshl</name>
         <load_address>0x407f20</load_address>
         <run_address>0x407f20</run_address>
         <size>0x80</size>
         <input_file_ref idref="fl-a3"/>
      </object_component>
      <object_component id="oc-11c">
         <name>.text:__mpyll</name>
         <load_address>0x407fa0</load_address>
         <run_address>0x407fa0</run_address>
         <size>0x80</size>
         <input_file_ref idref="fl-a7"/>
      </object_component>
      <object_component id="oc-df">
         <name>.text:_fclose</name>
         <load_address>0x408020</load_address>
         <run_address>0x408020</run_address>
         <size>0x80</size>
         <input_file_ref idref="fl-7f"/>
      </object_component>
      <object_component id="oc-db">
         <name>.text:_fopen</name>
         <load_address>0x4080a0</load_address>
         <run_address>0x4080a0</run_address>
         <size>0x80</size>
         <input_file_ref idref="fl-81"/>
      </object_component>
      <object_component id="oc-104">
         <name>.text:_memccpy</name>
         <load_address>0x408120</load_address>
         <run_address>0x408120</run_address>
         <size>0x80</size>
         <input_file_ref idref="fl-a5"/>
      </object_component>
      <object_component id="oc-da">
         <name>.text:_readmsg</name>
         <load_address>0x4081a0</load_address>
         <run_address>0x4081a0</run_address>
         <size>0x80</size>
         <input_file_ref idref="fl-8a"/>
      </object_component>
      <object_component id="oc-105">
         <name>.text:_unlink</name>
         <load_address>0x408220</load_address>
         <run_address>0x408220</run_address>
         <size>0x80</size>
         <input_file_ref idref="fl-83"/>
      </object_component>
      <object_component id="oc-12c">
         <name>.text:__llshru</name>
         <load_address>0x4082a0</load_address>
         <run_address>0x4082a0</run_address>
         <size>0x60</size>
         <input_file_ref idref="fl-a3"/>
      </object_component>
      <object_component id="oc-127">
         <name>.text:__remli</name>
         <load_address>0x408300</load_address>
         <run_address>0x408300</run_address>
         <size>0x60</size>
         <input_file_ref idref="fl-a0"/>
      </object_component>
      <object_component id="oc-12b">
         <name>.text:__subcull</name>
         <load_address>0x408360</load_address>
         <run_address>0x408360</run_address>
         <size>0x60</size>
         <input_file_ref idref="fl-a1"/>
      </object_component>
      <object_component id="oc-17">
         <name>.text:_c_int00</name>
         <load_address>0x4083c0</load_address>
         <run_address>0x4083c0</run_address>
         <size>0x60</size>
         <input_file_ref idref="fl-7d"/>
      </object_component>
      <object_component id="oc-d9">
         <name>.text:_writemsg</name>
         <load_address>0x408420</load_address>
         <run_address>0x408420</run_address>
         <size>0x60</size>
         <input_file_ref idref="fl-8a"/>
      </object_component>
      <object_component id="oc-10a">
         <name>.text:___isinf</name>
         <load_address>0x408480</load_address>
         <run_address>0x408480</run_address>
         <size>0x40</size>
         <input_file_ref idref="fl-a2"/>
      </object_component>
      <object_component id="oc-109">
         <name>.text:___isnan</name>
         <load_address>0x4084c0</load_address>
         <run_address>0x4084c0</run_address>
         <size>0x40</size>
         <input_file_ref idref="fl-8e"/>
      </object_component>
      <object_component id="oc-ca">
         <name>.text:__args_main</name>
         <load_address>0x408500</load_address>
         <run_address>0x408500</run_address>
         <size>0x40</size>
         <input_file_ref idref="fl-8f"/>
      </object_component>
      <object_component id="oc-10c">
         <name>.text:__negd</name>
         <load_address>0x408540</load_address>
         <run_address>0x408540</run_address>
         <size>0x40</size>
         <input_file_ref idref="fl-a8"/>
      </object_component>
      <object_component id="oc-120">
         <name>.text:__subd</name>
         <load_address>0x408580</load_address>
         <run_address>0x408580</run_address>
         <size>0x40</size>
         <input_file_ref idref="fl-ab"/>
      </object_component>
      <object_component id="oc-111">
         <name>.text:__negll</name>
         <load_address>0x4085c0</load_address>
         <run_address>0x4085c0</run_address>
         <size>0x20</size>
         <input_file_ref idref="fl-a9"/>
      </object_component>
      <object_component id="oc-d3">
         <name>.text:__nop</name>
         <load_address>0x4085e0</load_address>
         <run_address>0x4085e0</run_address>
         <size>0x20</size>
         <input_file_ref idref="fl-8d"/>
      </object_component>
      <object_component id="oc-e6">
         <name>.text:__outc</name>
         <load_address>0x408600</load_address>
         <run_address>0x408600</run_address>
         <size>0x20</size>
         <input_file_ref idref="fl-87"/>
      </object_component>
      <object_component id="oc-e4">
         <name>.text:__outs</name>
         <load_address>0x408620</load_address>
         <run_address>0x408620</run_address>
         <size>0x20</size>
         <input_file_ref idref="fl-87"/>
      </object_component>
      <object_component id="oc-d8">
         <name>.text:_abort</name>
         <load_address>0x408640</load_address>
         <run_address>0x408640</run_address>
         <size>0x20</size>
         <input_file_ref idref="fl-7e"/>
      </object_component>
      <object_component id="oc-f9">
         <name>.text:_remove</name>
         <load_address>0x408660</load_address>
         <run_address>0x408660</run_address>
         <size>0x20</size>
         <input_file_ref idref="fl-88"/>
      </object_component>
      <object_component id="oc-1e">
         <name>.stack</name>
         <uninitialized>true</uninitialized>
         <run_address>0x0</run_address>
         <size>0x8</size>
         <input_file_ref idref="fl-7d"/>
      </object_component>
      <object_component id="oc-14d">
         <name>.stack</name>
         <uninitialized>true</uninitialized>
         <run_address>0x0</run_address>
         <size>0x0</size>
      </object_component>
      <object_component id="oc-50">
         <name>.cio</name>
         <uninitialized>true</uninitialized>
         <run_address>0x408dc0</run_address>
         <size>0x120</size>
         <input_file_ref idref="fl-8a"/>
      </object_component>
      <object_component id="oc-108">
         <name>.const:.string:__ctypes_</name>
         <load_address>0x408ae8</load_address>
         <run_address>0x408ae8</run_address>
         <size>0x101</size>
         <input_file_ref idref="fl-95"/>
      </object_component>
      <object_component id="oc-8d">
         <name>.const:.string</name>
         <load_address>0x408be9</load_address>
         <run_address>0x408be9</run_address>
         <size>0x2</size>
         <input_file_ref idref="fl-9d"/>
      </object_component>
      <object_component id="oc-19">
         <name>.const:.string</name>
         <load_address>0x408bec</load_address>
         <run_address>0x408bec</run_address>
         <size>0x30</size>
         <input_file_ref idref="fl-2"/>
      </object_component>
      <object_component id="oc-5f">
         <name>.const:.string</name>
         <load_address>0x408c1c</load_address>
         <run_address>0x408c1c</run_address>
         <size>0x23</size>
         <input_file_ref idref="fl-8e"/>
      </object_component>
      <object_component id="oc-dd">
         <name>.const:.string:_oFileName</name>
         <load_address>0x408c40</load_address>
         <run_address>0x408c40</run_address>
         <size>0xb</size>
         <input_file_ref idref="fl-2"/>
      </object_component>
      <object_component id="oc-dc">
         <name>.const:.string:_iFileName</name>
         <load_address>0x408c50</load_address>
         <run_address>0x408c50</run_address>
         <size>0x9</size>
         <input_file_ref idref="fl-2"/>
      </object_component>
      <object_component id="oc-123">
         <name>.const:.string:_initial_approx$1</name>
         <load_address>0x408c60</load_address>
         <run_address>0x408c60</run_address>
         <size>0x8</size>
         <input_file_ref idref="fl-97"/>
      </object_component>
      <object_component id="oc-3f">
         <name>.sysmem</name>
         <uninitialized>true</uninitialized>
         <run_address>0x200000</run_address>
         <size>0x8</size>
         <input_file_ref idref="fl-85"/>
      </object_component>
      <object_component id="oc-14e">
         <name>.sysmem</name>
         <uninitialized>true</uninitialized>
         <run_address>0x200000</run_address>
         <size>0x0</size>
      </object_component>
      <object_component id="oc-23">
         <name>.far</name>
         <uninitialized>true</uninitialized>
         <run_address>0x408ac4</run_address>
         <size>0xc</size>
         <input_file_ref idref="fl-7e"/>
      </object_component>
      <object_component id="oc-2e">
         <name>.far</name>
         <uninitialized>true</uninitialized>
         <run_address>0x4089a4</run_address>
         <size>0x4</size>
         <input_file_ref idref="fl-81"/>
      </object_component>
      <object_component id="oc-36">
         <name>.far</name>
         <uninitialized>true</uninitialized>
         <run_address>0x4089a8</run_address>
         <size>0x11c</size>
         <input_file_ref idref="fl-83"/>
      </object_component>
      <object_component id="oc-3e">
         <name>.far</name>
         <uninitialized>true</uninitialized>
         <run_address>0x408ad8</run_address>
         <size>0x8</size>
         <input_file_ref idref="fl-85"/>
      </object_component>
      <object_component id="oc-4c">
         <name>.far</name>
         <uninitialized>true</uninitialized>
         <run_address>0x408ae0</run_address>
         <size>0x8</size>
         <input_file_ref idref="fl-89"/>
      </object_component>
      <object_component id="oc-5b">
         <name>.far</name>
         <uninitialized>true</uninitialized>
         <run_address>0x408ad0</run_address>
         <size>0x8</size>
         <input_file_ref idref="fl-8d"/>
      </object_component>
      <object_component id="oc-78">
         <name>.far</name>
         <uninitialized>true</uninitialized>
         <run_address>0x408680</run_address>
         <size>0x324</size>
         <input_file_ref idref="fl-96"/>
      </object_component>
      <object_component id="oc-77">
         <name>.cinit</name>
         <load_address>0x408c68</load_address>
         <run_address>0x408c68</run_address>
         <size>0x5c</size>
         <input_file_ref idref="fl-96"/>
      </object_component>
      <object_component id="oc-35">
         <name>.cinit</name>
         <load_address>0x408cc8</load_address>
         <run_address>0x408cc8</run_address>
         <size>0x5c</size>
         <input_file_ref idref="fl-83"/>
      </object_component>
      <object_component id="oc-22">
         <name>.cinit</name>
         <load_address>0x408d28</load_address>
         <run_address>0x408d28</run_address>
         <size>0x2c</size>
         <input_file_ref idref="fl-7e"/>
      </object_component>
      <object_component id="oc-3d">
         <name>.cinit</name>
         <load_address>0x408d58</load_address>
         <run_address>0x408d58</run_address>
         <size>0x2c</size>
         <input_file_ref idref="fl-85"/>
      </object_component>
      <object_component id="oc-5a">
         <name>.cinit</name>
         <load_address>0x408d88</load_address>
         <run_address>0x408d88</run_address>
         <size>0x1c</size>
         <input_file_ref idref="fl-8d"/>
      </object_component>
      <object_component id="oc-2d">
         <name>.cinit</name>
         <load_address>0x408da8</load_address>
         <run_address>0x408da8</run_address>
         <size>0xc</size>
         <input_file_ref idref="fl-81"/>
      </object_component>
      <object_component id="oc-18">
         <name>.debug_info</name>
         <load_address>0x0</load_address>
         <run_address>0x0</run_address>
         <size>0xa42</size>
         <input_file_ref idref="fl-2"/>
      </object_component>
      <object_component id="oc-1d">
         <name>.debug_info</name>
         <load_address>0xa42</load_address>
         <run_address>0xa42</run_address>
         <size>0x6f5</size>
         <input_file_ref idref="fl-7d"/>
      </object_component>
      <object_component id="oc-21">
         <name>.debug_info</name>
         <load_address>0x1137</load_address>
         <run_address>0x1137</run_address>
         <size>0x7c2</size>
         <input_file_ref idref="fl-7e"/>
      </object_component>
      <object_component id="oc-26">
         <name>.debug_info</name>
         <load_address>0x18f9</load_address>
         <run_address>0x18f9</run_address>
         <size>0x86a</size>
         <input_file_ref idref="fl-7f"/>
      </object_component>
      <object_component id="oc-29">
         <name>.debug_info</name>
         <load_address>0x2163</load_address>
         <run_address>0x2163</run_address>
         <size>0x76b</size>
         <input_file_ref idref="fl-80"/>
      </object_component>
      <object_component id="oc-2c">
         <name>.debug_info</name>
         <load_address>0x28ce</load_address>
         <run_address>0x28ce</run_address>
         <size>0xa95</size>
         <input_file_ref idref="fl-81"/>
      </object_component>
      <object_component id="oc-31">
         <name>.debug_info</name>
         <load_address>0x3363</load_address>
         <run_address>0x3363</run_address>
         <size>0x931</size>
         <input_file_ref idref="fl-82"/>
      </object_component>
      <object_component id="oc-34">
         <name>.debug_info</name>
         <load_address>0x3c94</load_address>
         <run_address>0x3c94</run_address>
         <size>0x10c7</size>
         <input_file_ref idref="fl-83"/>
      </object_component>
      <object_component id="oc-39">
         <name>.debug_info</name>
         <load_address>0x4d5b</load_address>
         <run_address>0x4d5b</run_address>
         <size>0xcb</size>
         <input_file_ref idref="fl-84"/>
      </object_component>
      <object_component id="oc-3c">
         <name>.debug_info</name>
         <load_address>0x4e26</load_address>
         <run_address>0x4e26</run_address>
         <size>0xb8d</size>
         <input_file_ref idref="fl-85"/>
      </object_component>
      <object_component id="oc-42">
         <name>.debug_info</name>
         <load_address>0x59b3</load_address>
         <run_address>0x59b3</run_address>
         <size>0x7a0</size>
         <input_file_ref idref="fl-86"/>
      </object_component>
      <object_component id="oc-45">
         <name>.debug_info</name>
         <load_address>0x6153</load_address>
         <run_address>0x6153</run_address>
         <size>0x8ec</size>
         <input_file_ref idref="fl-87"/>
      </object_component>
      <object_component id="oc-48">
         <name>.debug_info</name>
         <load_address>0x6a3f</load_address>
         <run_address>0x6a3f</run_address>
         <size>0x64e</size>
         <input_file_ref idref="fl-88"/>
      </object_component>
      <object_component id="oc-4b">
         <name>.debug_info</name>
         <load_address>0x708d</load_address>
         <run_address>0x708d</run_address>
         <size>0xdc6</size>
         <input_file_ref idref="fl-89"/>
      </object_component>
      <object_component id="oc-4f">
         <name>.debug_info</name>
         <load_address>0x7e53</load_address>
         <run_address>0x7e53</run_address>
         <size>0x853</size>
         <input_file_ref idref="fl-8a"/>
      </object_component>
      <object_component id="oc-53">
         <name>.debug_info</name>
         <load_address>0x86a6</load_address>
         <run_address>0x86a6</run_address>
         <size>0x7d0</size>
         <input_file_ref idref="fl-8b"/>
      </object_component>
      <object_component id="oc-56">
         <name>.debug_info</name>
         <load_address>0x8e76</load_address>
         <run_address>0x8e76</run_address>
         <size>0x7b7</size>
         <input_file_ref idref="fl-8c"/>
      </object_component>
      <object_component id="oc-59">
         <name>.debug_info</name>
         <load_address>0x962d</load_address>
         <run_address>0x962d</run_address>
         <size>0x636</size>
         <input_file_ref idref="fl-8d"/>
      </object_component>
      <object_component id="oc-5e">
         <name>.debug_info</name>
         <load_address>0x9c63</load_address>
         <run_address>0x9c63</run_address>
         <size>0x292c</size>
         <input_file_ref idref="fl-8e"/>
      </object_component>
      <object_component id="oc-62">
         <name>.debug_info</name>
         <load_address>0xc58f</load_address>
         <run_address>0xc58f</run_address>
         <size>0x6cb</size>
         <input_file_ref idref="fl-8f"/>
      </object_component>
      <object_component id="oc-65">
         <name>.debug_info</name>
         <load_address>0xcc5a</load_address>
         <run_address>0xcc5a</run_address>
         <size>0x6d8</size>
         <input_file_ref idref="fl-90"/>
      </object_component>
      <object_component id="oc-68">
         <name>.debug_info</name>
         <load_address>0xd332</load_address>
         <run_address>0xd332</run_address>
         <size>0x841</size>
         <input_file_ref idref="fl-91"/>
      </object_component>
      <object_component id="oc-6b">
         <name>.debug_info</name>
         <load_address>0xdb73</load_address>
         <run_address>0xdb73</run_address>
         <size>0x68f</size>
         <input_file_ref idref="fl-92"/>
      </object_component>
      <object_component id="oc-6e">
         <name>.debug_info</name>
         <load_address>0xe202</load_address>
         <run_address>0xe202</run_address>
         <size>0x6b9</size>
         <input_file_ref idref="fl-93"/>
      </object_component>
      <object_component id="oc-71">
         <name>.debug_info</name>
         <load_address>0xe8bb</load_address>
         <run_address>0xe8bb</run_address>
         <size>0x7af</size>
         <input_file_ref idref="fl-94"/>
      </object_component>
      <object_component id="oc-74">
         <name>.debug_info</name>
         <load_address>0xf06a</load_address>
         <run_address>0xf06a</run_address>
         <size>0x5e4</size>
         <input_file_ref idref="fl-95"/>
      </object_component>
      <object_component id="oc-76">
         <name>.debug_info</name>
         <load_address>0xf64e</load_address>
         <run_address>0xf64e</run_address>
         <size>0x6d1</size>
         <input_file_ref idref="fl-96"/>
      </object_component>
      <object_component id="oc-7a">
         <name>.debug_info</name>
         <load_address>0xfd1f</load_address>
         <run_address>0xfd1f</run_address>
         <size>0x993</size>
         <input_file_ref idref="fl-97"/>
      </object_component>
      <object_component id="oc-7d">
         <name>.debug_info</name>
         <load_address>0x106b2</load_address>
         <run_address>0x106b2</run_address>
         <size>0xbc</size>
         <input_file_ref idref="fl-98"/>
      </object_component>
      <object_component id="oc-80">
         <name>.debug_info</name>
         <load_address>0x1076e</load_address>
         <run_address>0x1076e</run_address>
         <size>0x67e</size>
         <input_file_ref idref="fl-99"/>
      </object_component>
      <object_component id="oc-83">
         <name>.debug_info</name>
         <load_address>0x10dec</load_address>
         <run_address>0x10dec</run_address>
         <size>0x681</size>
         <input_file_ref idref="fl-9a"/>
      </object_component>
      <object_component id="oc-86">
         <name>.debug_info</name>
         <load_address>0x1146d</load_address>
         <run_address>0x1146d</run_address>
         <size>0x69a</size>
         <input_file_ref idref="fl-9b"/>
      </object_component>
      <object_component id="oc-89">
         <name>.debug_info</name>
         <load_address>0x11b07</load_address>
         <run_address>0x11b07</run_address>
         <size>0x814</size>
         <input_file_ref idref="fl-9c"/>
      </object_component>
      <object_component id="oc-8c">
         <name>.debug_info</name>
         <load_address>0x1231b</load_address>
         <run_address>0x1231b</run_address>
         <size>0xab3</size>
         <input_file_ref idref="fl-9d"/>
      </object_component>
      <object_component id="oc-90">
         <name>.debug_info</name>
         <load_address>0x12dce</load_address>
         <run_address>0x12dce</run_address>
         <size>0x68e</size>
         <input_file_ref idref="fl-9e"/>
      </object_component>
      <object_component id="oc-93">
         <name>.debug_info</name>
         <load_address>0x1345c</load_address>
         <run_address>0x1345c</run_address>
         <size>0x7a3</size>
         <input_file_ref idref="fl-9f"/>
      </object_component>
      <object_component id="oc-96">
         <name>.debug_info</name>
         <load_address>0x13bff</load_address>
         <run_address>0x13bff</run_address>
         <size>0x78d</size>
         <input_file_ref idref="fl-a0"/>
      </object_component>
      <object_component id="oc-99">
         <name>.debug_info</name>
         <load_address>0x1438c</load_address>
         <run_address>0x1438c</run_address>
         <size>0x788</size>
         <input_file_ref idref="fl-a1"/>
      </object_component>
      <object_component id="oc-9c">
         <name>.debug_info</name>
         <load_address>0x14b14</load_address>
         <run_address>0x14b14</run_address>
         <size>0x800</size>
         <input_file_ref idref="fl-a2"/>
      </object_component>
      <object_component id="oc-9f">
         <name>.debug_info</name>
         <load_address>0x15314</load_address>
         <run_address>0x15314</run_address>
         <size>0x6eb</size>
         <input_file_ref idref="fl-a3"/>
      </object_component>
      <object_component id="oc-a2">
         <name>.debug_info</name>
         <load_address>0x159ff</load_address>
         <run_address>0x159ff</run_address>
         <size>0x719</size>
         <input_file_ref idref="fl-a4"/>
      </object_component>
      <object_component id="oc-a5">
         <name>.debug_info</name>
         <load_address>0x16118</load_address>
         <run_address>0x16118</run_address>
         <size>0x6bc</size>
         <input_file_ref idref="fl-a5"/>
      </object_component>
      <object_component id="oc-a8">
         <name>.debug_info</name>
         <load_address>0x167d4</load_address>
         <run_address>0x167d4</run_address>
         <size>0x6cf</size>
         <input_file_ref idref="fl-a6"/>
      </object_component>
      <object_component id="oc-ab">
         <name>.debug_info</name>
         <load_address>0x16ea3</load_address>
         <run_address>0x16ea3</run_address>
         <size>0x6a1</size>
         <input_file_ref idref="fl-a7"/>
      </object_component>
      <object_component id="oc-ae">
         <name>.debug_info</name>
         <load_address>0x17544</load_address>
         <run_address>0x17544</run_address>
         <size>0x607</size>
         <input_file_ref idref="fl-a8"/>
      </object_component>
      <object_component id="oc-b1">
         <name>.debug_info</name>
         <load_address>0x17b4b</load_address>
         <run_address>0x17b4b</run_address>
         <size>0x602</size>
         <input_file_ref idref="fl-a9"/>
      </object_component>
      <object_component id="oc-b4">
         <name>.debug_info</name>
         <load_address>0x1814d</load_address>
         <run_address>0x1814d</run_address>
         <size>0x7f6</size>
         <input_file_ref idref="fl-aa"/>
      </object_component>
      <object_component id="oc-b7">
         <name>.debug_info</name>
         <load_address>0x18943</load_address>
         <run_address>0x18943</run_address>
         <size>0x62e</size>
         <input_file_ref idref="fl-ab"/>
      </object_component>
      <object_component id="oc-ba">
         <name>.debug_info</name>
         <load_address>0x18f71</load_address>
         <run_address>0x18f71</run_address>
         <size>0x5b6</size>
         <input_file_ref idref="fl-ac"/>
      </object_component>
      <object_component id="oc-bd">
         <name>.debug_info</name>
         <load_address>0x19527</load_address>
         <run_address>0x19527</run_address>
         <size>0x6d4</size>
         <input_file_ref idref="fl-ad"/>
      </object_component>
      <object_component id="oc-c0">
         <name>.debug_info</name>
         <load_address>0x19bfb</load_address>
         <run_address>0x19bfb</run_address>
         <size>0x6e0</size>
         <input_file_ref idref="fl-ae"/>
      </object_component>
      <object_component id="oc-c3">
         <name>.debug_info</name>
         <load_address>0x1a2db</load_address>
         <run_address>0x1a2db</run_address>
         <size>0x71c</size>
         <input_file_ref idref="fl-af"/>
      </object_component>
      <object_component id="oc-c6">
         <name>.debug_info</name>
         <load_address>0x1a9f7</load_address>
         <run_address>0x1a9f7</run_address>
         <size>0x6f8</size>
         <input_file_ref idref="fl-b0"/>
      </object_component>
      <object_component id="oc-18e">
         <name>.debug_info</name>
         <load_address>0x1b0ef</load_address>
         <run_address>0x1b0ef</run_address>
         <size>0x6d</size>
      </object_component>
      <object_component id="oc-1a">
         <name>.debug_frame</name>
         <load_address>0x0</load_address>
         <run_address>0x0</run_address>
         <size>0x27c</size>
         <input_file_ref idref="fl-2"/>
      </object_component>
      <object_component id="oc-1b">
         <name>.debug_line</name>
         <load_address>0x0</load_address>
         <run_address>0x0</run_address>
         <size>0x83</size>
         <input_file_ref idref="fl-2"/>
      </object_component>
      <object_component id="oc-1f">
         <name>.debug_line</name>
         <load_address>0x83</load_address>
         <run_address>0x83</run_address>
         <size>0x3d</size>
         <input_file_ref idref="fl-7d"/>
      </object_component>
      <object_component id="oc-24">
         <name>.debug_line</name>
         <load_address>0xc0</load_address>
         <run_address>0xc0</run_address>
         <size>0x4f</size>
         <input_file_ref idref="fl-7e"/>
      </object_component>
      <object_component id="oc-27">
         <name>.debug_line</name>
         <load_address>0x10f</load_address>
         <run_address>0x10f</run_address>
         <size>0x53</size>
         <input_file_ref idref="fl-7f"/>
      </object_component>
      <object_component id="oc-2a">
         <name>.debug_line</name>
         <load_address>0x162</load_address>
         <run_address>0x162</run_address>
         <size>0x3e</size>
         <input_file_ref idref="fl-80"/>
      </object_component>
      <object_component id="oc-2f">
         <name>.debug_line</name>
         <load_address>0x1a0</load_address>
         <run_address>0x1a0</run_address>
         <size>0x91</size>
         <input_file_ref idref="fl-81"/>
      </object_component>
      <object_component id="oc-32">
         <name>.debug_line</name>
         <load_address>0x231</load_address>
         <run_address>0x231</run_address>
         <size>0x4e</size>
         <input_file_ref idref="fl-82"/>
      </object_component>
      <object_component id="oc-37">
         <name>.debug_line</name>
         <load_address>0x27f</load_address>
         <run_address>0x27f</run_address>
         <size>0x145</size>
         <input_file_ref idref="fl-83"/>
      </object_component>
      <object_component id="oc-3a">
         <name>.debug_line</name>
         <load_address>0x3c4</load_address>
         <run_address>0x3c4</run_address>
         <size>0x4f</size>
         <input_file_ref idref="fl-84"/>
      </object_component>
      <object_component id="oc-40">
         <name>.debug_line</name>
         <load_address>0x413</load_address>
         <run_address>0x413</run_address>
         <size>0xc4</size>
         <input_file_ref idref="fl-85"/>
      </object_component>
      <object_component id="oc-43">
         <name>.debug_line</name>
         <load_address>0x4d7</load_address>
         <run_address>0x4d7</run_address>
         <size>0x46</size>
         <input_file_ref idref="fl-86"/>
      </object_component>
      <object_component id="oc-46">
         <name>.debug_line</name>
         <load_address>0x51d</load_address>
         <run_address>0x51d</run_address>
         <size>0x6a</size>
         <input_file_ref idref="fl-87"/>
      </object_component>
      <object_component id="oc-49">
         <name>.debug_line</name>
         <load_address>0x587</load_address>
         <run_address>0x587</run_address>
         <size>0x39</size>
         <input_file_ref idref="fl-88"/>
      </object_component>
      <object_component id="oc-4d">
         <name>.debug_line</name>
         <load_address>0x5c0</load_address>
         <run_address>0x5c0</run_address>
         <size>0x122</size>
         <input_file_ref idref="fl-89"/>
      </object_component>
      <object_component id="oc-51">
         <name>.debug_line</name>
         <load_address>0x6e2</load_address>
         <run_address>0x6e2</run_address>
         <size>0x60</size>
         <input_file_ref idref="fl-8a"/>
      </object_component>
      <object_component id="oc-54">
         <name>.debug_line</name>
         <load_address>0x742</load_address>
         <run_address>0x742</run_address>
         <size>0x4a</size>
         <input_file_ref idref="fl-8b"/>
      </object_component>
      <object_component id="oc-57">
         <name>.debug_line</name>
         <load_address>0x78c</load_address>
         <run_address>0x78c</run_address>
         <size>0x57</size>
         <input_file_ref idref="fl-8c"/>
      </object_component>
      <object_component id="oc-5c">
         <name>.debug_line</name>
         <load_address>0x7e3</load_address>
         <run_address>0x7e3</run_address>
         <size>0x35</size>
         <input_file_ref idref="fl-8d"/>
      </object_component>
      <object_component id="oc-60">
         <name>.debug_line</name>
         <load_address>0x818</load_address>
         <run_address>0x818</run_address>
         <size>0x315</size>
         <input_file_ref idref="fl-8e"/>
      </object_component>
      <object_component id="oc-63">
         <name>.debug_line</name>
         <load_address>0xb2d</load_address>
         <run_address>0xb2d</run_address>
         <size>0x41</size>
         <input_file_ref idref="fl-8f"/>
      </object_component>
      <object_component id="oc-66">
         <name>.debug_line</name>
         <load_address>0xb6e</load_address>
         <run_address>0xb6e</run_address>
         <size>0x3f</size>
         <input_file_ref idref="fl-90"/>
      </object_component>
      <object_component id="oc-69">
         <name>.debug_line</name>
         <load_address>0xbad</load_address>
         <run_address>0xbad</run_address>
         <size>0x47</size>
         <input_file_ref idref="fl-91"/>
      </object_component>
      <object_component id="oc-6c">
         <name>.debug_line</name>
         <load_address>0xbf4</load_address>
         <run_address>0xbf4</run_address>
         <size>0x37</size>
         <input_file_ref idref="fl-92"/>
      </object_component>
      <object_component id="oc-6f">
         <name>.debug_line</name>
         <load_address>0xc2b</load_address>
         <run_address>0xc2b</run_address>
         <size>0x45</size>
         <input_file_ref idref="fl-93"/>
      </object_component>
      <object_component id="oc-72">
         <name>.debug_line</name>
         <load_address>0xc70</load_address>
         <run_address>0xc70</run_address>
         <size>0x44</size>
         <input_file_ref idref="fl-94"/>
      </object_component>
      <object_component id="oc-7b">
         <name>.debug_line</name>
         <load_address>0xcb4</load_address>
         <run_address>0xcb4</run_address>
         <size>0x5a</size>
         <input_file_ref idref="fl-97"/>
      </object_component>
      <object_component id="oc-7e">
         <name>.debug_line</name>
         <load_address>0xd0e</load_address>
         <run_address>0xd0e</run_address>
         <size>0x44</size>
         <input_file_ref idref="fl-98"/>
      </object_component>
      <object_component id="oc-81">
         <name>.debug_line</name>
         <load_address>0xd52</load_address>
         <run_address>0xd52</run_address>
         <size>0x3d</size>
         <input_file_ref idref="fl-99"/>
      </object_component>
      <object_component id="oc-84">
         <name>.debug_line</name>
         <load_address>0xd8f</load_address>
         <run_address>0xd8f</run_address>
         <size>0x3d</size>
         <input_file_ref idref="fl-9a"/>
      </object_component>
      <object_component id="oc-87">
         <name>.debug_line</name>
         <load_address>0xdcc</load_address>
         <run_address>0xdcc</run_address>
         <size>0x3d</size>
         <input_file_ref idref="fl-9b"/>
      </object_component>
      <object_component id="oc-8a">
         <name>.debug_line</name>
         <load_address>0xe09</load_address>
         <run_address>0xe09</run_address>
         <size>0x3f</size>
         <input_file_ref idref="fl-9c"/>
      </object_component>
      <object_component id="oc-8e">
         <name>.debug_line</name>
         <load_address>0xe48</load_address>
         <run_address>0xe48</run_address>
         <size>0x92</size>
         <input_file_ref idref="fl-9d"/>
      </object_component>
      <object_component id="oc-91">
         <name>.debug_line</name>
         <load_address>0xeda</load_address>
         <run_address>0xeda</run_address>
         <size>0x3e</size>
         <input_file_ref idref="fl-9e"/>
      </object_component>
      <object_component id="oc-94">
         <name>.debug_line</name>
         <load_address>0xf18</load_address>
         <run_address>0xf18</run_address>
         <size>0x3c</size>
         <input_file_ref idref="fl-9f"/>
      </object_component>
      <object_component id="oc-97">
         <name>.debug_line</name>
         <load_address>0xf54</load_address>
         <run_address>0xf54</run_address>
         <size>0x73</size>
         <input_file_ref idref="fl-a0"/>
      </object_component>
      <object_component id="oc-9a">
         <name>.debug_line</name>
         <load_address>0xfc7</load_address>
         <run_address>0xfc7</run_address>
         <size>0x5e</size>
         <input_file_ref idref="fl-a1"/>
      </object_component>
      <object_component id="oc-9d">
         <name>.debug_line</name>
         <load_address>0x1025</load_address>
         <run_address>0x1025</run_address>
         <size>0x38</size>
         <input_file_ref idref="fl-a2"/>
      </object_component>
      <object_component id="oc-a0">
         <name>.debug_line</name>
         <load_address>0x105d</load_address>
         <run_address>0x105d</run_address>
         <size>0x56</size>
         <input_file_ref idref="fl-a3"/>
      </object_component>
      <object_component id="oc-a3">
         <name>.debug_line</name>
         <load_address>0x10b3</load_address>
         <run_address>0x10b3</run_address>
         <size>0x40</size>
         <input_file_ref idref="fl-a4"/>
      </object_component>
      <object_component id="oc-a6">
         <name>.debug_line</name>
         <load_address>0x10f3</load_address>
         <run_address>0x10f3</run_address>
         <size>0x3f</size>
         <input_file_ref idref="fl-a5"/>
      </object_component>
      <object_component id="oc-a9">
         <name>.debug_line</name>
         <load_address>0x1132</load_address>
         <run_address>0x1132</run_address>
         <size>0x3c</size>
         <input_file_ref idref="fl-a6"/>
      </object_component>
      <object_component id="oc-ac">
         <name>.debug_line</name>
         <load_address>0x116e</load_address>
         <run_address>0x116e</run_address>
         <size>0x3d</size>
         <input_file_ref idref="fl-a7"/>
      </object_component>
      <object_component id="oc-af">
         <name>.debug_line</name>
         <load_address>0x11ab</load_address>
         <run_address>0x11ab</run_address>
         <size>0x37</size>
         <input_file_ref idref="fl-a8"/>
      </object_component>
      <object_component id="oc-b2">
         <name>.debug_line</name>
         <load_address>0x11e2</load_address>
         <run_address>0x11e2</run_address>
         <size>0x37</size>
         <input_file_ref idref="fl-a9"/>
      </object_component>
      <object_component id="oc-b5">
         <name>.debug_line</name>
         <load_address>0x1219</load_address>
         <run_address>0x1219</run_address>
         <size>0x40</size>
         <input_file_ref idref="fl-aa"/>
      </object_component>
      <object_component id="oc-b8">
         <name>.debug_line</name>
         <load_address>0x1259</load_address>
         <run_address>0x1259</run_address>
         <size>0x37</size>
         <input_file_ref idref="fl-ab"/>
      </object_component>
      <object_component id="oc-bb">
         <name>.debug_line</name>
         <load_address>0x1290</load_address>
         <run_address>0x1290</run_address>
         <size>0x23</size>
         <input_file_ref idref="fl-ac"/>
      </object_component>
      <object_component id="oc-be">
         <name>.debug_line</name>
         <load_address>0x12b3</load_address>
         <run_address>0x12b3</run_address>
         <size>0x3c</size>
         <input_file_ref idref="fl-ad"/>
      </object_component>
      <object_component id="oc-c1">
         <name>.debug_line</name>
         <load_address>0x12ef</load_address>
         <run_address>0x12ef</run_address>
         <size>0x3f</size>
         <input_file_ref idref="fl-ae"/>
      </object_component>
      <object_component id="oc-c4">
         <name>.debug_line</name>
         <load_address>0x132e</load_address>
         <run_address>0x132e</run_address>
         <size>0x3a</size>
         <input_file_ref idref="fl-af"/>
      </object_component>
      <object_component id="oc-c7">
         <name>.debug_line</name>
         <load_address>0x1368</load_address>
         <run_address>0x1368</run_address>
         <size>0x53</size>
         <input_file_ref idref="fl-b0"/>
      </object_component>
      <object_component id="oc-1c">
         <name>.debug_abbrev</name>
         <load_address>0x0</load_address>
         <run_address>0x0</run_address>
         <size>0x142</size>
         <input_file_ref idref="fl-2"/>
      </object_component>
      <object_component id="oc-20">
         <name>.debug_abbrev</name>
         <load_address>0x142</load_address>
         <run_address>0x142</run_address>
         <size>0xfe</size>
         <input_file_ref idref="fl-7d"/>
      </object_component>
      <object_component id="oc-25">
         <name>.debug_abbrev</name>
         <load_address>0x240</load_address>
         <run_address>0x240</run_address>
         <size>0x119</size>
         <input_file_ref idref="fl-7e"/>
      </object_component>
      <object_component id="oc-28">
         <name>.debug_abbrev</name>
         <load_address>0x359</load_address>
         <run_address>0x359</run_address>
         <size>0x130</size>
         <input_file_ref idref="fl-7f"/>
      </object_component>
      <object_component id="oc-2b">
         <name>.debug_abbrev</name>
         <load_address>0x489</load_address>
         <run_address>0x489</run_address>
         <size>0x12d</size>
         <input_file_ref idref="fl-80"/>
      </object_component>
      <object_component id="oc-30">
         <name>.debug_abbrev</name>
         <load_address>0x5b6</load_address>
         <run_address>0x5b6</run_address>
         <size>0x1cd</size>
         <input_file_ref idref="fl-81"/>
      </object_component>
      <object_component id="oc-33">
         <name>.debug_abbrev</name>
         <load_address>0x783</load_address>
         <run_address>0x783</run_address>
         <size>0x12e</size>
         <input_file_ref idref="fl-82"/>
      </object_component>
      <object_component id="oc-38">
         <name>.debug_abbrev</name>
         <load_address>0x8b1</load_address>
         <run_address>0x8b1</run_address>
         <size>0x215</size>
         <input_file_ref idref="fl-83"/>
      </object_component>
      <object_component id="oc-3b">
         <name>.debug_abbrev</name>
         <load_address>0xac6</load_address>
         <run_address>0xac6</run_address>
         <size>0x3a</size>
         <input_file_ref idref="fl-84"/>
      </object_component>
      <object_component id="oc-41">
         <name>.debug_abbrev</name>
         <load_address>0xb00</load_address>
         <run_address>0xb00</run_address>
         <size>0x1f8</size>
         <input_file_ref idref="fl-85"/>
      </object_component>
      <object_component id="oc-44">
         <name>.debug_abbrev</name>
         <load_address>0xcf8</load_address>
         <run_address>0xcf8</run_address>
         <size>0xd0</size>
         <input_file_ref idref="fl-86"/>
      </object_component>
      <object_component id="oc-47">
         <name>.debug_abbrev</name>
         <load_address>0xdc8</load_address>
         <run_address>0xdc8</run_address>
         <size>0x161</size>
         <input_file_ref idref="fl-87"/>
      </object_component>
      <object_component id="oc-4a">
         <name>.debug_abbrev</name>
         <load_address>0xf29</load_address>
         <run_address>0xf29</run_address>
         <size>0xab</size>
         <input_file_ref idref="fl-88"/>
      </object_component>
      <object_component id="oc-4e">
         <name>.debug_abbrev</name>
         <load_address>0xfd4</load_address>
         <run_address>0xfd4</run_address>
         <size>0x180</size>
         <input_file_ref idref="fl-89"/>
      </object_component>
      <object_component id="oc-52">
         <name>.debug_abbrev</name>
         <load_address>0x1154</load_address>
         <run_address>0x1154</run_address>
         <size>0xd5</size>
         <input_file_ref idref="fl-8a"/>
      </object_component>
      <object_component id="oc-55">
         <name>.debug_abbrev</name>
         <load_address>0x1229</load_address>
         <run_address>0x1229</run_address>
         <size>0x10e</size>
         <input_file_ref idref="fl-8b"/>
      </object_component>
      <object_component id="oc-58">
         <name>.debug_abbrev</name>
         <load_address>0x1337</load_address>
         <run_address>0x1337</run_address>
         <size>0xd1</size>
         <input_file_ref idref="fl-8c"/>
      </object_component>
      <object_component id="oc-5d">
         <name>.debug_abbrev</name>
         <load_address>0x1408</load_address>
         <run_address>0x1408</run_address>
         <size>0x9f</size>
         <input_file_ref idref="fl-8d"/>
      </object_component>
      <object_component id="oc-61">
         <name>.debug_abbrev</name>
         <load_address>0x14a7</load_address>
         <run_address>0x14a7</run_address>
         <size>0x1d1</size>
         <input_file_ref idref="fl-8e"/>
      </object_component>
      <object_component id="oc-64">
         <name>.debug_abbrev</name>
         <load_address>0x1678</load_address>
         <run_address>0x1678</run_address>
         <size>0xe1</size>
         <input_file_ref idref="fl-8f"/>
      </object_component>
      <object_component id="oc-67">
         <name>.debug_abbrev</name>
         <load_address>0x1759</load_address>
         <run_address>0x1759</run_address>
         <size>0xcc</size>
         <input_file_ref idref="fl-90"/>
      </object_component>
      <object_component id="oc-6a">
         <name>.debug_abbrev</name>
         <load_address>0x1825</load_address>
         <run_address>0x1825</run_address>
         <size>0x13f</size>
         <input_file_ref idref="fl-91"/>
      </object_component>
      <object_component id="oc-6d">
         <name>.debug_abbrev</name>
         <load_address>0x1964</load_address>
         <run_address>0x1964</run_address>
         <size>0xac</size>
         <input_file_ref idref="fl-92"/>
      </object_component>
      <object_component id="oc-70">
         <name>.debug_abbrev</name>
         <load_address>0x1a10</load_address>
         <run_address>0x1a10</run_address>
         <size>0xdd</size>
         <input_file_ref idref="fl-93"/>
      </object_component>
      <object_component id="oc-73">
         <name>.debug_abbrev</name>
         <load_address>0x1aed</load_address>
         <run_address>0x1aed</run_address>
         <size>0x10c</size>
         <input_file_ref idref="fl-94"/>
      </object_component>
      <object_component id="oc-75">
         <name>.debug_abbrev</name>
         <load_address>0x1bf9</load_address>
         <run_address>0x1bf9</run_address>
         <size>0x5f</size>
         <input_file_ref idref="fl-95"/>
      </object_component>
      <object_component id="oc-79">
         <name>.debug_abbrev</name>
         <load_address>0x1c58</load_address>
         <run_address>0x1c58</run_address>
         <size>0x8e</size>
         <input_file_ref idref="fl-96"/>
      </object_component>
      <object_component id="oc-7c">
         <name>.debug_abbrev</name>
         <load_address>0x1ce6</load_address>
         <run_address>0x1ce6</run_address>
         <size>0x112</size>
         <input_file_ref idref="fl-97"/>
      </object_component>
      <object_component id="oc-7f">
         <name>.debug_abbrev</name>
         <load_address>0x1df8</load_address>
         <run_address>0x1df8</run_address>
         <size>0x3a</size>
         <input_file_ref idref="fl-98"/>
      </object_component>
      <object_component id="oc-82">
         <name>.debug_abbrev</name>
         <load_address>0x1e32</load_address>
         <run_address>0x1e32</run_address>
         <size>0xac</size>
         <input_file_ref idref="fl-99"/>
      </object_component>
      <object_component id="oc-85">
         <name>.debug_abbrev</name>
         <load_address>0x1ede</load_address>
         <run_address>0x1ede</run_address>
         <size>0xac</size>
         <input_file_ref idref="fl-9a"/>
      </object_component>
      <object_component id="oc-88">
         <name>.debug_abbrev</name>
         <load_address>0x1f8a</load_address>
         <run_address>0x1f8a</run_address>
         <size>0xc3</size>
         <input_file_ref idref="fl-9b"/>
      </object_component>
      <object_component id="oc-8b">
         <name>.debug_abbrev</name>
         <load_address>0x204d</load_address>
         <run_address>0x204d</run_address>
         <size>0x11f</size>
         <input_file_ref idref="fl-9c"/>
      </object_component>
      <object_component id="oc-8f">
         <name>.debug_abbrev</name>
         <load_address>0x216c</load_address>
         <run_address>0x216c</run_address>
         <size>0x14b</size>
         <input_file_ref idref="fl-9d"/>
      </object_component>
      <object_component id="oc-92">
         <name>.debug_abbrev</name>
         <load_address>0x22b7</load_address>
         <run_address>0x22b7</run_address>
         <size>0x9a</size>
         <input_file_ref idref="fl-9e"/>
      </object_component>
      <object_component id="oc-95">
         <name>.debug_abbrev</name>
         <load_address>0x2351</load_address>
         <run_address>0x2351</run_address>
         <size>0xf7</size>
         <input_file_ref idref="fl-9f"/>
      </object_component>
      <object_component id="oc-98">
[...]
               <logical_group_ref idref="lg-3"/>
            </allocated_space>
            <allocated_space>
               <start_address>0x200000</start_address>
               <size>0x200000</size>
               <logical_group_ref idref="lg-9"/>
            </allocated_space>
            <allocated_space>
               <start_address>0x400000</start_address>
               <size>0x8680</size>
               <logical_group_ref idref="lg-2"/>
            </allocated_space>
            <allocated_space>
               <start_address>0x408680</start_address>
               <size>0x468</size>
               <logical_group_ref idref="lg-a"/>
            </allocated_space>
            <allocated_space>
               <start_address>0x408ae8</start_address>
               <size>0x180</size>
               <logical_group_ref idref="lg-6"/>
            </allocated_space>
            <allocated_space>
               <start_address>0x408c68</start_address>
               <size>0x154</size>
               <logical_group_ref idref="lg-f"/>
            </allocated_space>
            <available_space>
               <start_address>0x408dbc</start_address>
               <size>0x4</size>
            </available_space>
            <allocated_space>
               <start_address>0x408dc0</start_address>
               <size>0x120</size>
               <logical_group_ref idref="lg-5"/>
            </allocated_space>
            <available_space>
               <start_address>0x408ee0</start_address>
               <size>0x7bf7120</size>
            </available_space>
         </usage_details>
      </memory_area>
      <memory_area>
         <name>EMIFA_CS0</name>
         <page_id>0x0</page_id>
         <origin>0x80000000</origin>
         <length>0x10000000</length>
         <used_space>0x0</used_space>
         <unused_space>0x10000000</unused_space>
         <attributes>RWIX</attributes>
         <usage_details>
         </usage_details>
      </memory_area>
      <memory_area>
         <name>EMIFA_CS1</name>
         <page_id>0x0</page_id>
         <origin>0x90000000</origin>
         <length>0x10000000</length>
         <used_space>0x0</used_space>
         <unused_space>0x10000000</unused_space>
         <attributes>RWIX</attributes>
         <usage_details>
         </usage_details>
      </memory_area>
      <memory_area>
         <name>EMIFA_CS2</name>
         <page_id>0x0</page_id>
         <origin>0xa0000000</origin>
         <length>0x10000000</length>
         <used_space>0x0</used_space>
         <unused_space>0x10000000</unused_space>
         <attributes>RWIX</attributes>
         <usage_details>
         </usage_details>
      </memory_area>
      <memory_area>
         <name>EMIFA_CS3</name>
         <page_id>0x0</page_id>
         <origin>0xb0000000</origin>
         <length>0x10000000</length>
         <used_space>0x0</used_space>
         <unused_space>0x10000000</unused_space>
         <attributes>RWIX</attributes>
         <usage_details>
         </usage_details>
      </memory_area>
   </placement_map>
   <symbol_table>
      <symbol id="sm-0">
         <name>cinit</name>
         <value>0x408c68</value>
      </symbol>
      <symbol id="sm-1">
         <name>___cinit__</name>
         <value>0x408c68</value>
      </symbol>
      <symbol id="sm-2">
         <name>pinit</name>
         <value>0xffffffff</value>
      </symbol>
      <symbol id="sm-3">
         <name>___pinit__</name>
         <value>0xffffffff</value>
      </symbol>
      <symbol id="sm-4">
         <name>binit</name>
         <value>0xffffffff</value>
      </symbol>
      <symbol id="sm-5">
         <name>___binit__</name>
         <value>0xffffffff</value>
      </symbol>
      <symbol id="sm-6">
         <name>__STACK_SIZE</name>
         <value>0x200000</value>
      </symbol>
      <symbol id="sm-7">
         <name>__STACK_END</name>
         <value>0x200000</value>
      </symbol>
      <symbol id="sm-8">
         <name>__SYSMEM_SIZE</name>
         <value>0x200000</value>
      </symbol>
      <symbol id="sm-9">
         <name>___c_args__</name>
         <value>0xffffffff</value>
      </symbol>
      <symbol id="sm-a">
         <name>.text</name>
         <value>0x400000</value>
      </symbol>
      <symbol id="sm-b">
         <name>___text__</name>
         <value>0x400000</value>
      </symbol>
      <symbol id="sm-c">
         <name>etext</name>
         <value>0x408680</value>
      </symbol>
      <symbol id="sm-d">
         <name>___etext__</name>
         <value>0x408680</value>
      </symbol>
      <symbol id="sm-e">
         <name>.data</name>
         <value>0x0</value>
      </symbol>
      <symbol id="sm-f">
         <name>___data__</name>
         <value>0x0</value>
      </symbol>
      <symbol id="sm-10">
         <name>edata</name>
         <value>0x0</value>
      </symbol>
      <symbol id="sm-11">
         <name>___edata__</name>
         <value>0x0</value>
      </symbol>
      <symbol id="sm-12">
         <name>.bss</name>
         <value>0x0</value>
      </symbol>
      <symbol id="sm-13">
         <name>___bss__</name>
         <value>0x0</value>
      </symbol>
      <symbol id="sm-14">
         <name>end</name>
         <value>0x0</value>
      </symbol>
      <symbol id="sm-15">
         <name>___end__</name>
         <value>0x0</value>
      </symbol>
      <symbol id="sm-16">
         <name>___TI_pprof_out_hndl</name>
         <value>0xffffffff</value>
      </symbol>
      <symbol id="sm-17">
         <name>___TI_prof_data_start</name>
         <value>0xffffffff</value>
      </symbol>
      <symbol id="sm-18">
         <name>___TI_prof_data_size</name>
         <value>0xffffffff</value>
      </symbol>
      <symbol id="sm-19">
         <name>$bss</name>
         <value>0x0</value>
      </symbol>
      <symbol id="sm-76">
         <name>_main</name>
         <value>0x404700</value>
         <object_component_ref idref="oc-d7"/>
      </symbol>
      <symbol id="sm-77">
         <name>_iFileName</name>
         <value>0x408c50</value>
         <object_component_ref idref="oc-dc"/>
      </symbol>
      <symbol id="sm-78">
         <name>_oFileName</name>
         <value>0x408c40</value>
         <object_component_ref idref="oc-dd"/>
      </symbol>
      <symbol id="sm-79">
         <name>_initMat</name>
         <value>0x404840</value>
         <object_component_ref idref="oc-d7"/>
      </symbol>
      <symbol id="sm-85">
         <name>_c_int00</name>
         <value>0x4083c0</value>
         <object_component_ref idref="oc-17"/>
      </symbol>
      <symbol id="sm-86">
         <name>__stack</name>
         <value>0x0</value>
         <object_component_ref idref="oc-1e"/>
      </symbol>
      <symbol id="sm-96">
         <name>C$$EXIT</name>
         <value>0x408640</value>
         <object_component_ref idref="oc-d8"/>
      </symbol>
      <symbol id="sm-97">
         <name>_exit</name>
         <value>0x407560</value>
         <object_component_ref idref="oc-cb"/>
      </symbol>
      <symbol id="sm-98">
         <name>___TI_enable_exit_profile_output</name>
         <value>0x408acc</value>
         <object_component_ref idref="oc-23"/>
      </symbol>
      <symbol id="sm-99">
         <name>_abort</name>
         <value>0x408640</value>
         <object_component_ref idref="oc-d8"/>
      </symbol>
      <symbol id="sm-9a">
         <name>__cleanup_ptr</name>
         <value>0x408ac4</value>
         <object_component_ref idref="oc-23"/>
      </symbol>
      <symbol id="sm-9b">
         <name>__dtors_ptr</name>
         <value>0x408ac8</value>
         <object_component_ref idref="oc-23"/>
      </symbol>
      <symbol id="sm-a7">
         <name>__closefile</name>
         <value>0x4059e0</value>
         <object_component_ref idref="oc-e7"/>
      </symbol>
      <symbol id="sm-a8">
         <name>_fclose</name>
         <value>0x408020</value>
         <object_component_ref idref="oc-df"/>
      </symbol>
      <symbol id="sm-b2">
         <name>__doflush</name>
         <value>0x406c80</value>
         <object_component_ref idref="oc-f6"/>
      </symbol>
      <symbol id="sm-c6">
         <name>__cleanup</name>
         <value>0x4071a0</value>
         <object_component_ref idref="oc-ee"/>
      </symbol>
      <symbol id="sm-c7">
         <name>_fopen</name>
         <value>0x4080a0</value>
         <object_component_ref idref="oc-db"/>
      </symbol>
      <symbol id="sm-d1">
         <name>_fread</name>
         <value>0x402b60</value>
         <object_component_ref idref="oc-e1"/>
      </symbol>
      <symbol id="sm-ef">
         <name>_read</name>
         <value>0x4077a0</value>
         <object_component_ref idref="oc-ec"/>
      </symbol>
      <symbol id="sm-f0">
         <name>_unlink</name>
         <value>0x408220</value>
         <object_component_ref idref="oc-105"/>
      </symbol>
      <symbol id="sm-f1">
         <name>_open</name>
         <value>0x4050c0</value>
         <object_component_ref idref="oc-ef"/>
      </symbol>
      <symbol id="sm-f2">
         <name>_lseek</name>
         <value>0x407620</value>
         <object_component_ref idref="oc-113"/>
      </symbol>
      <symbol id="sm-f3">
         <name>_close</name>
         <value>0x406600</value>
         <object_component_ref idref="oc-f8"/>
      </symbol>
      <symbol id="sm-f4">
         <name>_write</name>
         <value>0x407860</value>
         <object_component_ref idref="oc-100"/>
      </symbol>
      <symbol id="sm-fc">
         <name>_memcpy</name>
         <value>0x406e40</value>
         <object_component_ref idref="oc-d5"/>
      </symbol>
      <symbol id="sm-114">
         <name>__sys_memory</name>
         <value>0x200000</value>
         <object_component_ref idref="oc-3f"/>
      </symbol>
      <symbol id="sm-115">
         <name>_free</name>
         <value>0x402e60</value>
         <object_component_ref idref="oc-f7"/>
      </symbol>
      <symbol id="sm-116">
         <name>_calloc</name>
         <value>0x407ba0</value>
         <object_component_ref idref="oc-e0"/>
      </symbol>
      <symbol id="sm-117">
         <name>_malloc</name>
         <value>0x404f00</value>
         <object_component_ref idref="oc-e8"/>
      </symbol>
      <symbol id="sm-121">
         <name>_memset</name>
         <value>0x406800</value>
         <object_component_ref idref="oc-ed"/>
      </symbol>
      <symbol id="sm-12f">
         <name>_printf</name>
         <value>0x407000</value>
         <object_component_ref idref="oc-de"/>
      </symbol>
      <symbol id="sm-139">
         <name>_remove</name>
         <value>0x408660</value>
         <object_component_ref idref="oc-f9"/>
      </symbol>
      <symbol id="sm-151">
         <name>_HOSTopen</name>
         <value>0x406200</value>
         <object_component_ref idref="oc-cc"/>
      </symbol>
      <symbol id="sm-152">
         <name>_HOSTread</name>
         <value>0x406300</value>
         <object_component_ref idref="oc-ce"/>
      </symbol>
      <symbol id="sm-153">
         <name>_HOSTrename</name>
         <value>0x404920</value>
         <object_component_ref idref="oc-d2"/>
      </symbol>
      <symbol id="sm-154">
         <name>_HOSTwrite</name>
         <value>0x406400</value>
         <object_component_ref idref="oc-cf"/>
      </symbol>
      <symbol id="sm-155">
         <name>_HOSTlseek</name>
         <value>0x405c60</value>
         <object_component_ref idref="oc-d0"/>
      </symbol>
      <symbol id="sm-156">
         <name>_HOSTunlink</name>
         <value>0x406900</value>
         <object_component_ref idref="oc-d1"/>
      </symbol>
      <symbol id="sm-157">
         <name>_HOSTclose</name>
         <value>0x4070e0</value>
         <object_component_ref idref="oc-cd"/>
      </symbol>
      <symbol id="sm-165">
         <name>C$$IO$$</name>
         <value>0x408478</value>
         <object_component_ref idref="oc-d9"/>
      </symbol>
      <symbol id="sm-166">
         <name>__CIOBUF_</name>
         <value>0x408dc0</value>
         <object_component_ref idref="oc-50"/>
      </symbol>
      <symbol id="sm-167">
         <name>_readmsg</name>
         <value>0x4081a0</value>
         <object_component_ref idref="oc-da"/>
      </symbol>
      <symbol id="sm-168">
         <name>_writemsg</name>
         <value>0x408420</value>
         <object_component_ref idref="oc-d9"/>
      </symbol>
      <symbol id="sm-172">
         <name>__buff_read</name>
         <value>0x405d80</value>
         <object_component_ref idref="oc-ea"/>
      </symbol>
      <symbol id="sm-17e">
         <name>__rd_ok</name>
         <value>0x4074a0</value>
         <object_component_ref idref="oc-e9"/>
      </symbol>
      <symbol id="sm-17f">
         <name>__wrt_ok</name>
         <value>0x405fc0</value>
         <object_component_ref idref="oc-ff"/>
      </symbol>
      <symbol id="sm-18d">
         <name>__unlock</name>
         <value>0x408ad4</value>
         <object_component_ref idref="oc-5b"/>
      </symbol>
      <symbol id="sm-18e">
         <name>__lock</name>
         <value>0x408ad0</value>
         <object_component_ref idref="oc-5b"/>
      </symbol>
      <symbol id="sm-18f">
         <name>__nop</name>
         <value>0x4085e0</value>
         <object_component_ref idref="oc-d3"/>
      </symbol>
      <symbol id="sm-1bf">
         <name>__printfi</name>
         <value>0x4010c0</value>
         <object_component_ref idref="oc-e5"/>
      </symbol>
      <symbol id="sm-1c9">
         <name>__args_main</name>
         <value>0x408500</value>
         <object_component_ref idref="oc-ca"/>
      </symbol>
      <symbol id="sm-1ca">
         <name>__TI_args_main</name>
         <value>0x1</value>
      </symbol>
      <symbol id="sm-1d4">
         <name>_atoi</name>
         <value>0x4060e0</value>
         <object_component_ref idref="oc-101"/>
      </symbol>
      <symbol id="sm-1de">
         <name>__auto_init</name>
         <value>0x4069e0</value>
         <object_component_ref idref="oc-c9"/>
      </symbol>
      <symbol id="sm-1e8">
         <name>__cmpd</name>
         <value>0x406ac0</value>
         <object_component_ref idref="oc-10b"/>
      </symbol>
      <symbol id="sm-1f2">
         <name>___TI_cpp_init</name>
         <value>0x407e20</value>
         <object_component_ref idref="oc-d6"/>
      </symbol>
      <symbol id="sm-1fc">
         <name>_copy_in</name>
         <value>0x407c40</value>
         <object_component_ref idref="oc-d4"/>
      </symbol>
      <symbol id="sm-204">
         <name>__ctypes_</name>
         <value>0x408ae8</value>
         <object_component_ref idref="oc-108"/>
      </symbol>
      <symbol id="sm-20e">
         <name>__tmpnams</name>
         <value>0x408860</value>
         <object_component_ref idref="oc-78"/>
      </symbol>
      <symbol id="sm-20f">
         <name>__ft_end</name>
         <value>0x4089a0</value>
         <object_component_ref idref="oc-78"/>
      </symbol>
      <symbol id="sm-210">
         <name>__ftable</name>
         <value>0x408680</value>
         <object_component_ref idref="oc-78"/>
      </symbol>
      <symbol id="sm-21c">
         <name>__divd</name>
         <value>0x400620</value>
         <object_component_ref idref="oc-11a"/>
      </symbol>
      <symbol id="sm-224">
         <name>__c6xabi_divu</name>
         <value>0x407260</value>
         <object_component_ref idref="oc-eb"/>
      </symbol>
      <symbol id="sm-225">
         <name>__divu</name>
         <value>0x407260</value>
         <object_component_ref idref="oc-eb"/>
      </symbol>
      <symbol id="sm-22f">
         <name>__fixdi</name>
         <value>0x4079c0</value>
         <object_component_ref idref="oc-121"/>
      </symbol>
      <symbol id="sm-239">
         <name>__fixdli</name>
         <value>0x407a60</value>
         <object_component_ref idref="oc-11d"/>
      </symbol>
      <symbol id="sm-243">
         <name>__fltlid</name>
         <value>0x407ea0</value>
         <object_component_ref idref="oc-11f"/>
      </symbol>
      <symbol id="sm-24d">
         <name>_putc</name>
         <value>0x403de0</value>
         <object_component_ref idref="oc-f5"/>
      </symbol>
      <symbol id="sm-24e">
         <name>_fputc</name>
         <value>0x403de0</value>
         <object_component_ref idref="oc-f5"/>
      </symbol>
      <symbol id="sm-25a">
         <name>_fputs</name>
         <value>0x401580</value>
         <object_component_ref idref="oc-f0"/>
      </symbol>
      <symbol id="sm-264">
         <name>__frcmpyd_div</name>
         <value>0x406500</value>
         <object_component_ref idref="oc-124"/>
      </symbol>
      <symbol id="sm-26e">
         <name>_fseek</name>
         <value>0x405420</value>
         <object_component_ref idref="oc-107"/>
      </symbol>
      <symbol id="sm-27c">
         <name>__divul</name>
         <value>0x405280</value>
         <object_component_ref idref="oc-125"/>
      </symbol>
      <symbol id="sm-27d">
         <name>__remli</name>
         <value>0x408300</value>
         <object_component_ref idref="oc-127"/>
      </symbol>
      <symbol id="sm-27e">
         <name>__divli</name>
         <value>0x407920</value>
         <object_component_ref idref="oc-128"/>
      </symbol>
      <symbol id="sm-28a">
         <name>__subcull</name>
         <value>0x408360</value>
         <object_component_ref idref="oc-12b"/>
      </symbol>
      <symbol id="sm-28b">
         <name>__divull</name>
         <value>0x403140</value>
         <object_component_ref idref="oc-126"/>
      </symbol>
      <symbol id="sm-295">
         <name>___isinf</name>
         <value>0x408480</value>
         <object_component_ref idref="oc-10a"/>
      </symbol>
      <symbol id="sm-2a1">
         <name>__llshl</name>
         <value>0x407f20</value>
         <object_component_ref idref="oc-12a"/>
      </symbol>
      <symbol id="sm-2a2">
         <name>__llshru</name>
         <value>0x4082a0</value>
         <object_component_ref idref="oc-12c"/>
      </symbol>
      <symbol id="sm-2ac">
         <name>_ltoa</name>
         <value>0x406700</value>
         <object_component_ref idref="oc-11e"/>
      </symbol>
      <symbol id="sm-2b6">
         <name>_memccpy</name>
         <value>0x408120</value>
         <object_component_ref idref="oc-104"/>
      </symbol>
      <symbol id="sm-2c0">
         <name>__mpyd</name>
         <value>0x4036a0</value>
         <object_component_ref idref="oc-119"/>
      </symbol>
      <symbol id="sm-2ca">
         <name>__mpyll</name>
         <value>0x407fa0</value>
         <object_component_ref idref="oc-11c"/>
      </symbol>
      <symbol id="sm-2d4">
         <name>__negd</name>
         <value>0x408540</value>
         <object_component_ref idref="oc-10c"/>
      </symbol>
      <symbol id="sm-2de">
         <name>__negll</name>
         <value>0x4085c0</value>
         <object_component_ref idref="oc-111"/>
      </symbol>
      <symbol id="sm-2e8">
         <name>_setvbuf</name>
         <value>0x4044c0</value>
         <object_component_ref idref="oc-fc"/>
      </symbol>
      <symbol id="sm-2f2">
         <name>__subd</name>
         <value>0x408580</value>
         <object_component_ref idref="oc-120"/>
      </symbol>
      <symbol id="sm-303">
         <name>__addd</name>
         <value>0x404040</value>
         <object_component_ref idref="oc-129"/>
      </symbol>
      <symbol id="sm-30d">
         <name>__frcaddd</name>
         <value>0x403920</value>
         <object_component_ref idref="oc-12d"/>
      </symbol>
      <symbol id="sm-317">
         <name>__frcmpyd</name>
         <value>0x405ea0</value>
         <object_component_ref idref="oc-122"/>
      </symbol>
      <symbol id="sm-321">
         <name>__renormd</name>
         <value>0x407b00</value>
         <object_component_ref idref="oc-12e"/>
      </symbol>
   </symbol_table>
</link_info>
