******************************************************************************
               TMS320C6x Linker PC v7.4.4                      
******************************************************************************
>> Linked Wed Dec 23 20:27:21 2020

OUTPUT FILE NAME:   <HW4.out>
ENTRY POINT SYMBOL: "_c_int00"  address: 000083c0


MEMORY CONFIGURATION

         name            origin    length      used     unused   attr    fill
----------------------  --------  ---------  --------  --------  ----  --------
  IRAM                  00000000   00040000  00009ebc  00036144  RWIX
  EMIFA_CS0             80000000   10000000  00000000  10000000  RWIX
  EMIFA_CS1             90000000   10000000  00000000  10000000  RWIX
  EMIFA_CS2             a0000000   10000000  00000000  10000000  RWIX
  EMIFA_CS3             b0000000   10000000  00000000  10000000  RWIX


SECTION ALLOCATION MAP

 output                                  attributes/
section   page    origin      length       input sections
--------  ----  ----------  ----------   ----------------
.text      0    00000000    00008680     
                  00000000    00000620     rts6400.lib : _printfi.obj (.text:__getarg_diouxp)
                  00000620    000005c0                 : divd.obj (.text:__divd)
                  00000be0    000004e0                 : _printfi.obj (.text:__setfield)
                  000010c0    000004c0                 : _printfi.obj (.text:__printfi)
                  00001580    00000420                 : fputs.obj (.text:_fputs)
                  000019a0    00000400                 : _printfi.obj (.text:_fcvt)
                  00001da0    000003e0                 : _printfi.obj (.text:__pproc_fge)
                  00002180    000003c0                 : _printfi.obj (.text:_ecvt)
                  00002540    00000320                 : _printfi.obj (.text:__pconv_e)
                  00002860    00000300                 : _printfi.obj (.text:__pproc_fwp)
                  00002b60    00000300                 : fread.obj (.text:_fread)
                  00002e60    000002e0                 : memory.obj (.text:_free)
                  00003140    000002c0                 : imath64.obj (.text:__divull)
                  00003400    000002c0     main.obj (.text)
                  000036c0    000002a0     rts6400.lib : _printfi.obj (.text:__pproc_diouxp)
                  00003960    00000280                 : mpyd.obj (.text:__mpyd)
                  00003be0    00000260                 : frcaddd.obj (.text:__frcaddd)
                  00003e40    00000260                 : _printfi.obj (.text:__pproc_str)
                  000040a0    00000260                 : fputc.obj (.text:_fputc)
                  00004300    00000240                 : addd.obj (.text:__addd)
                  00004540    00000240                 : _printfi.obj (.text:__pconv_g)
                  00004780    00000240                 : setvbuf.obj (.text:_setvbuf)
                  000049c0    00000200                 : trgdrv.obj (.text:_HOSTrename)
                  00004bc0    00000200                 : _printfi.obj (.text:__mcpy)
                  00004dc0    000001e0                 : fopen.obj (.text:__openfile)
                  00004fa0    000001c0                 : memory.obj (.text:_malloc)
                  00005160    000001c0                 : lowlev.obj (.text:_open)
                  00005320    000001a0                 : imath40.obj (.text:__divul)
                  000054c0    00000180                 : fseek.obj (.text:_fseek)
                  00005640    00000180                 : lowlev.obj (.text:_getdevice)
                  000057c0    00000160                 : _printfi.obj (.text:__ltostr)
                  00005920    00000160                 : _printfi.obj (.text:__pproc_fflags)
                  00005a80    00000140                 : fclose.obj (.text:__closefile)
                  00005bc0    00000140                 : fopen.obj (.text:__search_fp)
                  00005d00    00000120                 : trgdrv.obj (.text:_HOSTlseek)
                  00005e20    00000120                 : _bufread.obj (.text:__buff_read)
                  00005f40    00000120                 : frcmpyd.obj (.text:__frcmpyd)
                  00006060    00000120                 : _io_perm.obj (.text:__wrt_ok)
                  00006180    00000120                 : atoi.obj (.text:_atoi)
                  000062a0    00000100                 : trgdrv.obj (.text:_HOSTopen)
                  000063a0    00000100                 : trgdrv.obj (.text:_HOSTread)
                  000064a0    00000100                 : trgdrv.obj (.text:_HOSTwrite)
                  000065a0    00000100                 : frcmpyd_div.obj (.text:__frcmpyd_div)
                  000066a0    00000100                 : lowlev.obj (.text:_close)
                  000067a0    00000100                 : ltoa.obj (.text:_ltoa)
                  000068a0    00000100                 : memset.obj (.text:_memset)
                  000069a0    000000e0                 : trgdrv.obj (.text:_HOSTunlink)
                  00006a80    000000e0                 : autoinit.obj (.text:__auto_init)
                  00006b60    000000e0                 : cmpd.obj (.text:__cmpd)
                  00006c40    000000e0                 : _printfi.obj (.text:__div)
                  00006d20    000000e0                 : fflush.obj (.text:__doflush)
                  00006e00    000000e0                 : _printfi.obj (.text:__pconv_f)
                  00006ee0    000000e0                 : memcpy64.obj (.text:_memcpy)
                  00006fc0    000000e0                 : memory.obj (.text:_mremove)
                  000070a0    000000e0                 : printf.obj (.text:_printf)
                  00007180    000000c0                 : trgdrv.obj (.text:_HOSTclose)
                  00007240    000000c0                 : fopen.obj (.text:__cleanup)
                  00007300    000000c0                 : divu.obj (.text:__divu)
                  000073c0    000000c0                 : _printfi.obj (.text:__ecpy)
                  00007480    000000c0                 : _printfi.obj (.text:__fcpy)
                  00007540    000000c0                 : _io_perm.obj (.text:__rd_ok)
                  00007600    000000c0                 : exit.obj (.text:_exit)
                  000076c0    000000c0                 : lowlev.obj (.text:_lseek)
                  00007780    000000c0                 : memory.obj (.text:_minsert)
                  00007840    000000c0                 : lowlev.obj (.text:_read)
                  00007900    000000c0                 : lowlev.obj (.text:_write)
                  000079c0    000000a0                 : imath40.obj (.text:__divli)
                  00007a60    000000a0                 : fixdi.obj (.text:__fixdi)
                  00007b00    000000a0                 : fixdli.obj (.text:__fixdli)
                  00007ba0    000000a0                 : renormd.obj (.text:__renormd)
                  00007c40    000000a0                 : cpy_tbl.obj (.text:_copy_in)
                  00007ce0    000000a0                 : lowlev.obj (.text:_finddevice)
                  00007d80    000000a0                 : lowlev.obj (.text:_tabinit)
                  00007e20    00000080                 : cpp_init.obj (.text:___TI_cpp_init)
                  00007ea0    00000080                 : fltlid.obj (.text:__fltlid)
                  00007f20    00000080                 : llshift.obj (.text:__llshl)
                  00007fa0    00000080                 : mpyll.obj (.text:__mpyll)
                  00008020    00000080                 : fclose.obj (.text:_fclose)
                  000080a0    00000080                 : fopen.obj (.text:_fopen)
                  00008120    00000080                 : memccpy.obj (.text:_memccpy)
                  000081a0    00000080                 : trgmsg.obj (.text:_readmsg)
                  00008220    00000080                 : lowlev.obj (.text:_unlink)
                  000082a0    00000060                 : llshift.obj (.text:__llshru)
                  00008300    00000060                 : imath40.obj (.text:__remli)
                  00008360    00000060                 : imath64.obj (.text:__subcull)
                  000083c0    00000060                 : boot.obj (.text:_c_int00)
                  00008420    00000060                 : trgmsg.obj (.text:_writemsg)
                  00008480    00000040                 : isinf.obj (.text:___isinf)
                  000084c0    00000040                 : _printfi.obj (.text:___isnan)
                  00008500    00000040                 : args_main.obj (.text:__args_main)
                  00008540    00000040                 : negd.obj (.text:__negd)
                  00008580    00000040                 : subd.obj (.text:__subd)
                  000085c0    00000020                 : negll.obj (.text:__negll)
                  000085e0    00000020                 : _lock.obj (.text:__nop)
                  00008600    00000020                 : printf.obj (.text:__outc)
                  00008620    00000020                 : printf.obj (.text:__outs)
                  00008640    00000020                 : exit.obj (.text:_abort)
                  00008660    00000020                 : remove.obj (.text:_remove)

.bss       0    00000000    00000000     UNINITIALIZED

.data      0    00000000    00000000     UNINITIALIZED

.pinit     0    00000000    00000000     UNINITIALIZED

.stack     0    00008680    00000800     UNINITIALIZED
                  00008680    00000008     rts6400.lib : boot.obj (.stack)
                  00008688    000007f8     --HOLE--

.sysmem    0    00008e80    00000800     UNINITIALIZED
                  00008e80    00000008     rts6400.lib : memory.obj (.sysmem)
                  00008e88    000007f8     --HOLE--

.far       0    00009680    00000468     UNINITIALIZED
                  00009680    00000324     rts6400.lib : defs.obj (.far)
                  000099a4    00000004                 : fopen.obj (.far)
                  000099a8    0000011c                 : lowlev.obj (.far)
                  00009ac4    0000000c                 : exit.obj (.far)
                  00009ad0    00000008                 : _lock.obj (.far)
                  00009ad8    00000008                 : memory.obj (.far)
                  00009ae0    00000008                 : trgdrv.obj (.far)

.const     0    00009ae8    00000160     
                  00009ae8    00000101     rts6400.lib : ctype.obj (.const:.string:__ctypes_)
                  00009be9    00000023                 : _printfi.obj (.const:.string)
                  00009c0c    00000014     main.obj (.const:.string)
                  00009c20    0000000b     main.obj (.const:.string:_oFileName)
                  00009c2b    00000002     rts6400.lib : fputs.obj (.const:.string)
                  00009c2d    00000003     --HOLE-- [fill = 0]
                  00009c30    00000009     main.obj (.const:.string:_iFileName)
                  00009c39    00000007     --HOLE-- [fill = 0]
                  00009c40    00000008     rts6400.lib : divd.obj (.const:.string:_initial_approx$1)

.cinit     0    00009c48    00000154     
                  00009c48    0000005c     rts6400.lib : defs.obj (.cinit)
                  00009ca4    00000004     --HOLE-- [fill = 0]
                  00009ca8    0000005c                 : lowlev.obj (.cinit)
                  00009d04    00000004     --HOLE-- [fill = 0]
                  00009d08    0000002c                 : exit.obj (.cinit)
                  00009d34    00000004     --HOLE-- [fill = 0]
                  00009d38    0000002c                 : memory.obj (.cinit)
                  00009d64    00000004     --HOLE-- [fill = 0]
                  00009d68    0000001c                 : _lock.obj (.cinit)
                  00009d84    00000004     --HOLE-- [fill = 0]
                  00009d88    0000000c                 : fopen.obj (.cinit)
                  00009d94    00000004     --HOLE-- [fill = 0]
                  00009d98    00000004     (.pad.cinit) [fill = 0]

.cio       0    00009da0    00000120     UNINITIALIZED
                  00009da0    00000120     rts6400.lib : trgmsg.obj (.cio)


GLOBAL SYMBOLS: SORTED ALPHABETICALLY BY Name 

address    name
--------   ----
00000000   $bss
00000000   .bss
00000000   .data
00000000   .text
00008640   C$$EXIT
00008478   C$$IO$$
00007180   _HOSTclose
00005d00   _HOSTlseek
000062a0   _HOSTopen
000063a0   _HOSTread
000049c0   _HOSTrename
000069a0   _HOSTunlink
000064a0   _HOSTwrite
00009da0   __CIOBUF_
00008e80   __STACK_END
00000800   __STACK_SIZE
00000800   __SYSMEM_SIZE
00000001   __TI_args_main
00007e20   ___TI_cpp_init
00009acc   ___TI_enable_exit_profile_output
ffffffff   ___TI_pprof_out_hndl
ffffffff   ___TI_prof_data_size
ffffffff   ___TI_prof_data_start
ffffffff   ___binit__
00000000   ___bss__
ffffffff   ___c_args__
00009c48   ___cinit__
00000000   ___data__
00000000   ___edata__
00000000   ___end__
00008680   ___etext__
00008480   ___isinf
ffffffff   ___pinit__
00000000   ___text__
00004300   __addd
00008500   __args_main
00006a80   __auto_init
00005e20   __buff_read
00007300   __c6xabi_divu
00007240   __cleanup
00009ac4   __cleanup_ptr
00005a80   __closefile
00006b60   __cmpd
00009ae8   __ctypes_
00000620   __divd
000079c0   __divli
00007300   __divu
00005320   __divul
00003140   __divull
00006d20   __doflush
00009ac8   __dtors_ptr
00007a60   __fixdi
00007b00   __fixdli
00007ea0   __fltlid
00003be0   __frcaddd
00005f40   __frcmpyd
000065a0   __frcmpyd_div
000099a0   __ft_end
00009680   __ftable
00007f20   __llshl
000082a0   __llshru
00009ad0   __lock
00003960   __mpyd
00007fa0   __mpyll
00008540   __negd
000085c0   __negll
000085e0   __nop
000010c0   __printfi
00007540   __rd_ok
00008300   __remli
00007ba0   __renormd
00008680   __stack
00008360   __subcull
00008580   __subd
00008e80   __sys_memory
00009860   __tmpnams
00009ad4   __unlock
00006060   __wrt_ok
00008640   _abort
00006180   _atoi
000083c0   _c_int00
000066a0   _close
00007c40   _copy_in
00007600   _exit
00008020   _fclose
000080a0   _fopen
000040a0   _fputc
00001580   _fputs
00002b60   _fread
00002e60   _free
000054c0   _fseek
00009c30   _iFileName
00003534   _initMat
000076c0   _lseek
000067a0   _ltoa
00003400   _main
00004fa0   _malloc
00008120   _memccpy
00006ee0   _memcpy
000068a0   _memset
00009c20   _oFileName
00005160   _open
000070a0   _printf
000040a0   _putc
00007840   _read
000081a0   _readmsg
00008660   _remove
00004780   _setvbuf
00008220   _unlink
00007900   _write
00008420   _writemsg
ffffffff   binit
00009c48   cinit
00000000   edata
00000000   end
00008680   etext
ffffffff   pinit


GLOBAL SYMBOLS: SORTED BY Symbol Address 

address    name
--------   ----
00000000   $bss
00000000   .bss
00000000   .data
00000000   .text
00000000   ___bss__
00000000   ___data__
00000000   ___edata__
00000000   ___end__
00000000   ___text__
00000000   edata
00000000   end
00000001   __TI_args_main
00000620   __divd
00000800   __STACK_SIZE
00000800   __SYSMEM_SIZE
000010c0   __printfi
00001580   _fputs
00002b60   _fread
00002e60   _free
00003140   __divull
00003400   _main
00003534   _initMat
00003960   __mpyd
00003be0   __frcaddd
000040a0   _fputc
000040a0   _putc
00004300   __addd
00004780   _setvbuf
000049c0   _HOSTrename
00004fa0   _malloc
00005160   _open
00005320   __divul
000054c0   _fseek
00005a80   __closefile
00005d00   _HOSTlseek
00005e20   __buff_read
00005f40   __frcmpyd
00006060   __wrt_ok
00006180   _atoi
000062a0   _HOSTopen
000063a0   _HOSTread
000064a0   _HOSTwrite
000065a0   __frcmpyd_div
000066a0   _close
000067a0   _ltoa
000068a0   _memset
000069a0   _HOSTunlink
00006a80   __auto_init
00006b60   __cmpd
00006d20   __doflush
00006ee0   _memcpy
000070a0   _printf
00007180   _HOSTclose
00007240   __cleanup
00007300   __c6xabi_divu
00007300   __divu
00007540   __rd_ok
00007600   _exit
000076c0   _lseek
00007840   _read
00007900   _write
000079c0   __divli
00007a60   __fixdi
00007b00   __fixdli
00007ba0   __renormd
00007c40   _copy_in
00007e20   ___TI_cpp_init
00007ea0   __fltlid
00007f20   __llshl
00007fa0   __mpyll
00008020   _fclose
000080a0   _fopen
00008120   _memccpy
000081a0   _readmsg
00008220   _unlink
000082a0   __llshru
00008300   __remli
00008360   __subcull
000083c0   _c_int00
00008420   _writemsg
00008478   C$$IO$$
00008480   ___isinf
00008500   __args_main
00008540   __negd
00008580   __subd
000085c0   __negll
000085e0   __nop
00008640   C$$EXIT
00008640   _abort
00008660   _remove
00008680   ___etext__
00008680   __stack
00008680   etext
00008e80   __STACK_END
00008e80   __sys_memory
00009680   __ftable
00009860   __tmpnams
000099a0   __ft_end
00009ac4   __cleanup_ptr
00009ac8   __dtors_ptr
00009acc   ___TI_enable_exit_profile_output
00009ad0   __lock
00009ad4   __unlock
00009ae8   __ctypes_
00009c20   _oFileName
00009c30   _iFileName
00009c48   ___cinit__
00009c48   cinit
00009da0   __CIOBUF_
ffffffff   ___TI_pprof_out_hndl
ffffffff   ___TI_prof_data_size
ffffffff   ___TI_prof_data_start
ffffffff   ___binit__
ffffffff   ___c_args__
ffffffff   ___pinit__
ffffffff   binit
ffffffff   pinit

[117 symbols]
