<?xml version="1.0"?>
<link_info>
   <banner>TMS320C6x Linker PC v7.4.4</banner>
   <copyright>Copyright (c) 1996-2013 Texas Instruments Incorporated</copyright>
   <link_time>0x5fe337a9</link_time>
   <output_file>HW4.out</output_file>
   <entry_point>
      <name>_c_int00</name>
      <address>0x83c0</address>
   </entry_point>
   <input_file_list>
      <input_file id="fl-2">
         <path>.\</path>
         <kind>object</kind>
         <file>main.obj</file>
         <name>main.obj</name>
      </input_file>
      <input_file id="fl-7d">
         <path>C:\Program Files\ccsv5\tools\compiler\c6000_7.4.4\lib\</path>
         <kind>archive</kind>
         <file>rts6400.lib</file>
         <name>boot.obj</name>
      </input_file>
      <input_file id="fl-7e">
         <path>C:\Program Files\ccsv5\tools\compiler\c6000_7.4.4\lib\</path>
         <kind>archive</kind>
         <file>rts6400.lib</file>
         <name>exit.obj</name>
      </input_file>
      <input_file id="fl-7f">
         <path>C:\Program Files\ccsv5\tools\compiler\c6000_7.4.4\lib\</path>
         <kind>archive</kind>
         <file>rts6400.lib</file>
         <name>fclose.obj</name>
      </input_file>
      <input_file id="fl-80">
         <path>C:\Program Files\ccsv5\tools\compiler\c6000_7.4.4\lib\</path>
         <kind>archive</kind>
         <file>rts6400.lib</file>
         <name>fflush.obj</name>
      </input_file>
      <input_file id="fl-81">
         <path>C:\Program Files\ccsv5\tools\compiler\c6000_7.4.4\lib\</path>
         <kind>archive</kind>
         <file>rts6400.lib</file>
         <name>fopen.obj</name>
      </input_file>
      <input_file id="fl-82">
         <path>C:\Program Files\ccsv5\tools\compiler\c6000_7.4.4\lib\</path>
         <kind>archive</kind>
         <file>rts6400.lib</file>
         <name>fread.obj</name>
      </input_file>
      <input_file id="fl-83">
         <path>C:\Program Files\ccsv5\tools\compiler\c6000_7.4.4\lib\</path>
         <kind>archive</kind>
         <file>rts6400.lib</file>
         <name>lowlev.obj</name>
      </input_file>
      <input_file id="fl-84">
         <path>C:\Program Files\ccsv5\tools\compiler\c6000_7.4.4\lib\</path>
         <kind>archive</kind>
         <file>rts6400.lib</file>
         <name>memcpy64.obj</name>
      </input_file>
      <input_file id="fl-85">
         <path>C:\Program Files\ccsv5\tools\compiler\c6000_7.4.4\lib\</path>
         <kind>archive</kind>
         <file>rts6400.lib</file>
         <name>memory.obj</name>
      </input_file>
      <input_file id="fl-86">
         <path>C:\Program Files\ccsv5\tools\compiler\c6000_7.4.4\lib\</path>
         <kind>archive</kind>
         <file>rts6400.lib</file>
         <name>memset.obj</name>
      </input_file>
      <input_file id="fl-87">
         <path>C:\Program Files\ccsv5\tools\compiler\c6000_7.4.4\lib\</path>
         <kind>archive</kind>
         <file>rts6400.lib</file>
         <name>printf.obj</name>
      </input_file>
      <input_file id="fl-88">
         <path>C:\Program Files\ccsv5\tools\compiler\c6000_7.4.4\lib\</path>
         <kind>archive</kind>
         <file>rts6400.lib</file>
         <name>remove.obj</name>
      </input_file>
      <input_file id="fl-89">
         <path>C:\Program Files\ccsv5\tools\compiler\c6000_7.4.4\lib\</path>
         <kind>archive</kind>
         <file>rts6400.lib</file>
         <name>trgdrv.obj</name>
      </input_file>
      <input_file id="fl-8a">
         <path>C:\Program Files\ccsv5\tools\compiler\c6000_7.4.4\lib\</path>
         <kind>archive</kind>
         <file>rts6400.lib</file>
         <name>trgmsg.obj</name>
      </input_file>
      <input_file id="fl-8b">
         <path>C:\Program Files\ccsv5\tools\compiler\c6000_7.4.4\lib\</path>
         <kind>archive</kind>
         <file>rts6400.lib</file>
         <name>_bufread.obj</name>
      </input_file>
      <input_file id="fl-8c">
         <path>C:\Program Files\ccsv5\tools\compiler\c6000_7.4.4\lib\</path>
         <kind>archive</kind>
         <file>rts6400.lib</file>
         <name>_io_perm.obj</name>
      </input_file>
      <input_file id="fl-8d">
         <path>C:\Program Files\ccsv5\tools\compiler\c6000_7.4.4\lib\</path>
         <kind>archive</kind>
         <file>rts6400.lib</file>
         <name>_lock.obj</name>
      </input_file>
      <input_file id="fl-8e">
         <path>C:\Program Files\ccsv5\tools\compiler\c6000_7.4.4\lib\</path>
         <kind>archive</kind>
         <file>rts6400.lib</file>
         <name>_printfi.obj</name>
      </input_file>
      <input_file id="fl-8f">
         <path>C:\Program Files\ccsv5\tools\compiler\c6000_7.4.4\lib\</path>
         <kind>archive</kind>
         <file>rts6400.lib</file>
         <name>args_main.obj</name>
      </input_file>
      <input_file id="fl-90">
         <path>C:\Program Files\ccsv5\tools\compiler\c6000_7.4.4\lib\</path>
         <kind>archive</kind>
         <file>rts6400.lib</file>
         <name>atoi.obj</name>
      </input_file>
      <input_file id="fl-91">
         <path>C:\Program Files\ccsv5\tools\compiler\c6000_7.4.4\lib\</path>
         <kind>archive</kind>
         <file>rts6400.lib</file>
         <name>autoinit.obj</name>
      </input_file>
      <input_file id="fl-92">
         <path>C:\Program Files\ccsv5\tools\compiler\c6000_7.4.4\lib\</path>
         <kind>archive</kind>
         <file>rts6400.lib</file>
         <name>cmpd.obj</name>
      </input_file>
      <input_file id="fl-93">
         <path>C:\Program Files\ccsv5\tools\compiler\c6000_7.4.4\lib\</path>
         <kind>archive</kind>
         <file>rts6400.lib</file>
         <name>cpp_init.obj</name>
      </input_file>
      <input_file id="fl-94">
         <path>C:\Program Files\ccsv5\tools\compiler\c6000_7.4.4\lib\</path>
         <kind>archive</kind>
         <file>rts6400.lib</file>
         <name>cpy_tbl.obj</name>
      </input_file>
      <input_file id="fl-95">
         <path>C:\Program Files\ccsv5\tools\compiler\c6000_7.4.4\lib\</path>
         <kind>archive</kind>
         <file>rts6400.lib</file>
         <name>ctype.obj</name>
      </input_file>
      <input_file id="fl-96">
         <path>C:\Program Files\ccsv5\tools\compiler\c6000_7.4.4\lib\</path>
         <kind>archive</kind>
         <file>rts6400.lib</file>
         <name>defs.obj</name>
      </input_file>
      <input_file id="fl-97">
         <path>C:\Program Files\ccsv5\tools\compiler\c6000_7.4.4\lib\</path>
         <kind>archive</kind>
         <file>rts6400.lib</file>
         <name>divd.obj</name>
      </input_file>
      <input_file id="fl-98">
         <path>C:\Program Files\ccsv5\tools\compiler\c6000_7.4.4\lib\</path>
         <kind>archive</kind>
         <file>rts6400.lib</file>
         <name>divu.obj</name>
      </input_file>
      <input_file id="fl-99">
         <path>C:\Program Files\ccsv5\tools\compiler\c6000_7.4.4\lib\</path>
         <kind>archive</kind>
         <file>rts6400.lib</file>
         <name>fixdi.obj</name>
      </input_file>
      <input_file id="fl-9a">
         <path>C:\Program Files\ccsv5\tools\compiler\c6000_7.4.4\lib\</path>
         <kind>archive</kind>
         <file>rts6400.lib</file>
         <name>fixdli.obj</name>
      </input_file>
      <input_file id="fl-9b">
         <path>C:\Program Files\ccsv5\tools\compiler\c6000_7.4.4\lib\</path>
         <kind>archive</kind>
         <file>rts6400.lib</file>
         <name>fltlid.obj</name>
      </input_file>
      <input_file id="fl-9c">
         <path>C:\Program Files\ccsv5\tools\compiler\c6000_7.4.4\lib\</path>
         <kind>archive</kind>
         <file>rts6400.lib</file>
         <name>fputc.obj</name>
      </input_file>
      <input_file id="fl-9d">
         <path>C:\Program Files\ccsv5\tools\compiler\c6000_7.4.4\lib\</path>
         <kind>archive</kind>
         <file>rts6400.lib</file>
         <name>fputs.obj</name>
      </input_file>
      <input_file id="fl-9e">
         <path>C:\Program Files\ccsv5\tools\compiler\c6000_7.4.4\lib\</path>
         <kind>archive</kind>
         <file>rts6400.lib</file>
         <name>frcmpyd_div.obj</name>
      </input_file>
      <input_file id="fl-9f">
         <path>C:\Program Files\ccsv5\tools\compiler\c6000_7.4.4\lib\</path>
         <kind>archive</kind>
         <file>rts6400.lib</file>
         <name>fseek.obj</name>
      </input_file>
      <input_file id="fl-a0">
         <path>C:\Program Files\ccsv5\tools\compiler\c6000_7.4.4\lib\</path>
         <kind>archive</kind>
         <file>rts6400.lib</file>
         <name>imath40.obj</name>
      </input_file>
      <input_file id="fl-a1">
         <path>C:\Program Files\ccsv5\tools\compiler\c6000_7.4.4\lib\</path>
         <kind>archive</kind>
         <file>rts6400.lib</file>
         <name>imath64.obj</name>
      </input_file>
      <input_file id="fl-a2">
         <path>C:\Program Files\ccsv5\tools\compiler\c6000_7.4.4\lib\</path>
         <kind>archive</kind>
         <file>rts6400.lib</file>
         <name>isinf.obj</name>
      </input_file>
      <input_file id="fl-a3">
         <path>C:\Program Files\ccsv5\tools\compiler\c6000_7.4.4\lib\</path>
         <kind>archive</kind>
         <file>rts6400.lib</file>
         <name>llshift.obj</name>
      </input_file>
      <input_file id="fl-a4">
         <path>C:\Program Files\ccsv5\tools\compiler\c6000_7.4.4\lib\</path>
         <kind>archive</kind>
         <file>rts6400.lib</file>
         <name>ltoa.obj</name>
      </input_file>
      <input_file id="fl-a5">
         <path>C:\Program Files\ccsv5\tools\compiler\c6000_7.4.4\lib\</path>
         <kind>archive</kind>
         <file>rts6400.lib</file>
         <name>memccpy.obj</name>
      </input_file>
      <input_file id="fl-a6">
         <path>C:\Program Files\ccsv5\tools\compiler\c6000_7.4.4\lib\</path>
         <kind>archive</kind>
         <file>rts6400.lib</file>
         <name>mpyd.obj</name>
      </input_file>
      <input_file id="fl-a7">
         <path>C:\Program Files\ccsv5\tools\compiler\c6000_7.4.4\lib\</path>
         <kind>archive</kind>
         <file>rts6400.lib</file>
         <name>mpyll.obj</name>
      </input_file>
      <input_file id="fl-a8">
         <path>C:\Program Files\ccsv5\tools\compiler\c6000_7.4.4\lib\</path>
         <kind>archive</kind>
         <file>rts6400.lib</file>
         <name>negd.obj</name>
      </input_file>
      <input_file id="fl-a9">
         <path>C:\Program Files\ccsv5\tools\compiler\c6000_7.4.4\lib\</path>
         <kind>archive</kind>
         <file>rts6400.lib</file>
         <name>negll.obj</name>
      </input_file>
      <input_file id="fl-aa">
         <path>C:\Program Files\ccsv5\tools\compiler\c6000_7.4.4\lib\</path>
         <kind>archive</kind>
         <file>rts6400.lib</file>
         <name>setvbuf.obj</name>
      </input_file>
      <input_file id="fl-ab">
         <path>C:\Program Files\ccsv5\tools\compiler\c6000_7.4.4\lib\</path>
         <kind>archive</kind>
         <file>rts6400.lib</file>
         <name>subd.obj</name>
      </input_file>
      <input_file id="fl-ac">
         <path>C:\Program Files\ccsv5\tools\compiler\c6000_7.4.4\lib\</path>
         <kind>archive</kind>
         <file>rts6400.lib</file>
         <name>abs.obj</name>
      </input_file>
      <input_file id="fl-ad">
         <path>C:\Program Files\ccsv5\tools\compiler\c6000_7.4.4\lib\</path>
         <kind>archive</kind>
         <file>rts6400.lib</file>
         <name>addd.obj</name>
      </input_file>
      <input_file id="fl-ae">
         <path>C:\Program Files\ccsv5\tools\compiler\c6000_7.4.4\lib\</path>
         <kind>archive</kind>
         <file>rts6400.lib</file>
         <name>frcaddd.obj</name>
      </input_file>
      <input_file id="fl-af">
         <path>C:\Program Files\ccsv5\tools\compiler\c6000_7.4.4\lib\</path>
         <kind>archive</kind>
         <file>rts6400.lib</file>
         <name>frcmpyd.obj</name>
      </input_file>
      <input_file id="fl-b0">
         <path>C:\Program Files\ccsv5\tools\compiler\c6000_7.4.4\lib\</path>
         <kind>archive</kind>
         <file>rts6400.lib</file>
         <name>renormd.obj</name>
      </input_file>
   </input_file_list>
   <object_component_list>
      <object_component id="oc-10f">
         <name>.text:__getarg_diouxp</name>
         <load_address>0x0</load_address>
         <run_address>0x0</run_address>
         <size>0x620</size>
         <input_file_ref idref="fl-8e"/>
      </object_component>
      <object_component id="oc-119">
         <name>.text:__divd</name>
         <load_address>0x620</load_address>
         <run_address>0x620</run_address>
         <size>0x5c0</size>
         <input_file_ref idref="fl-97"/>
      </object_component>
      <object_component id="oc-f4">
         <name>.text:__setfield</name>
         <load_address>0xbe0</load_address>
         <run_address>0xbe0</run_address>
         <size>0x4e0</size>
         <input_file_ref idref="fl-8e"/>
      </object_component>
      <object_component id="oc-e5">
         <name>.text:__printfi</name>
         <load_address>0x10c0</load_address>
         <run_address>0x10c0</run_address>
         <size>0x4c0</size>
         <input_file_ref idref="fl-8e"/>
      </object_component>
      <object_component id="oc-f1">
         <name>.text:_fputs</name>
         <load_address>0x1580</load_address>
         <run_address>0x1580</run_address>
         <size>0x420</size>
         <input_file_ref idref="fl-9d"/>
      </object_component>
      <object_component id="oc-116">
         <name>.text:_fcvt</name>
         <load_address>0x19a0</load_address>
         <run_address>0x19a0</run_address>
         <size>0x400</size>
         <input_file_ref idref="fl-8e"/>
      </object_component>
      <object_component id="oc-101">
         <name>.text:__pproc_fge</name>
         <load_address>0x1da0</load_address>
         <run_address>0x1da0</run_address>
         <size>0x3e0</size>
         <input_file_ref idref="fl-8e"/>
      </object_component>
      <object_component id="oc-113">
         <name>.text:_ecvt</name>
         <load_address>0x2180</load_address>
         <run_address>0x2180</run_address>
         <size>0x3c0</size>
         <input_file_ref idref="fl-8e"/>
      </object_component>
      <object_component id="oc-10e">
         <name>.text:__pconv_e</name>
         <load_address>0x2540</load_address>
         <run_address>0x2540</run_address>
         <size>0x320</size>
         <input_file_ref idref="fl-8e"/>
      </object_component>
      <object_component id="oc-f3">
         <name>.text:__pproc_fwp</name>
         <load_address>0x2860</load_address>
         <run_address>0x2860</run_address>
         <size>0x300</size>
         <input_file_ref idref="fl-8e"/>
      </object_component>
      <object_component id="oc-e1">
         <name>.text:_fread</name>
         <load_address>0x2b60</load_address>
         <run_address>0x2b60</run_address>
         <size>0x300</size>
         <input_file_ref idref="fl-82"/>
      </object_component>
      <object_component id="oc-f8">
         <name>.text:_free</name>
         <load_address>0x2e60</load_address>
         <run_address>0x2e60</run_address>
         <size>0x2e0</size>
         <input_file_ref idref="fl-85"/>
      </object_component>
      <object_component id="oc-125">
         <name>.text:__divull</name>
         <load_address>0x3140</load_address>
         <run_address>0x3140</run_address>
         <size>0x2c0</size>
         <input_file_ref idref="fl-a1"/>
      </object_component>
      <object_component id="oc-d7">
         <name>.text</name>
         <load_address>0x3400</load_address>
         <run_address>0x3400</run_address>
         <size>0x2c0</size>
         <input_file_ref idref="fl-2"/>
      </object_component>
      <object_component id="oc-102">
         <name>.text:__pproc_diouxp</name>
         <load_address>0x36c0</load_address>
         <run_address>0x36c0</run_address>
         <size>0x2a0</size>
         <input_file_ref idref="fl-8e"/>
      </object_component>
      <object_component id="oc-118">
         <name>.text:__mpyd</name>
         <load_address>0x3960</load_address>
         <run_address>0x3960</run_address>
         <size>0x280</size>
         <input_file_ref idref="fl-a6"/>
      </object_component>
      <object_component id="oc-12c">
         <name>.text:__frcaddd</name>
         <load_address>0x3be0</load_address>
         <run_address>0x3be0</run_address>
         <size>0x260</size>
         <input_file_ref idref="fl-ae"/>
      </object_component>
      <object_component id="oc-f5">
         <name>.text:__pproc_str</name>
         <load_address>0x3e40</load_address>
         <run_address>0x3e40</run_address>
         <size>0x260</size>
         <input_file_ref idref="fl-8e"/>
      </object_component>
      <object_component id="oc-f6">
         <name>.text:_fputc</name>
         <load_address>0x40a0</load_address>
         <run_address>0x40a0</run_address>
         <size>0x260</size>
         <input_file_ref idref="fl-9c"/>
      </object_component>
      <object_component id="oc-128">
         <name>.text:__addd</name>
         <load_address>0x4300</load_address>
         <run_address>0x4300</run_address>
         <size>0x240</size>
         <input_file_ref idref="fl-ad"/>
      </object_component>
      <object_component id="oc-10c">
         <name>.text:__pconv_g</name>
         <load_address>0x4540</load_address>
         <run_address>0x4540</run_address>
         <size>0x240</size>
         <input_file_ref idref="fl-8e"/>
      </object_component>
      <object_component id="oc-fb">
         <name>.text:_setvbuf</name>
         <load_address>0x4780</load_address>
         <run_address>0x4780</run_address>
         <size>0x240</size>
         <input_file_ref idref="fl-aa"/>
      </object_component>
      <object_component id="oc-d2">
         <name>.text:_HOSTrename</name>
         <load_address>0x49c0</load_address>
         <run_address>0x49c0</run_address>
         <size>0x200</size>
         <input_file_ref idref="fl-89"/>
      </object_component>
      <object_component id="oc-115">
         <name>.text:__mcpy</name>
         <load_address>0x4bc0</load_address>
         <run_address>0x4bc0</run_address>
         <size>0x200</size>
         <input_file_ref idref="fl-8e"/>
      </object_component>
      <object_component id="oc-e3">
         <name>.text:__openfile</name>
         <load_address>0x4dc0</load_address>
         <run_address>0x4dc0</run_address>
         <size>0x1e0</size>
         <input_file_ref idref="fl-81"/>
      </object_component>
      <object_component id="oc-e0">
         <name>.text:_malloc</name>
         <load_address>0x4fa0</load_address>
         <run_address>0x4fa0</run_address>
         <size>0x1c0</size>
         <input_file_ref idref="fl-85"/>
      </object_component>
      <object_component id="oc-f0">
         <name>.text:_open</name>
         <load_address>0x5160</load_address>
         <run_address>0x5160</run_address>
         <size>0x1c0</size>
         <input_file_ref idref="fl-83"/>
      </object_component>
      <object_component id="oc-124">
         <name>.text:__divul</name>
         <load_address>0x5320</load_address>
         <run_address>0x5320</run_address>
         <size>0x1a0</size>
         <input_file_ref idref="fl-a0"/>
      </object_component>
      <object_component id="oc-106">
         <name>.text:_fseek</name>
         <load_address>0x54c0</load_address>
         <run_address>0x54c0</run_address>
         <size>0x180</size>
         <input_file_ref idref="fl-9f"/>
      </object_component>
      <object_component id="oc-fd">
         <name>.text:_getdevice</name>
         <load_address>0x5640</load_address>
         <run_address>0x5640</run_address>
         <size>0x180</size>
         <input_file_ref idref="fl-83"/>
      </object_component>
      <object_component id="oc-111">
         <name>.text:__ltostr</name>
         <load_address>0x57c0</load_address>
         <run_address>0x57c0</run_address>
         <size>0x160</size>
         <input_file_ref idref="fl-8e"/>
      </object_component>
      <object_component id="oc-f2">
         <name>.text:__pproc_fflags</name>
         <load_address>0x5920</load_address>
         <run_address>0x5920</run_address>
         <size>0x160</size>
         <input_file_ref idref="fl-8e"/>
      </object_component>
      <object_component id="oc-e7">
         <name>.text:__closefile</name>
         <load_address>0x5a80</load_address>
         <run_address>0x5a80</run_address>
         <size>0x140</size>
         <input_file_ref idref="fl-7f"/>
      </object_component>
      <object_component id="oc-e2">
         <name>.text:__search_fp</name>
         <load_address>0x5bc0</load_address>
         <run_address>0x5bc0</run_address>
         <size>0x140</size>
         <input_file_ref idref="fl-81"/>
      </object_component>
      <object_component id="oc-d0">
         <name>.text:_HOSTlseek</name>
         <load_address>0x5d00</load_address>
         <run_address>0x5d00</run_address>
         <size>0x120</size>
         <input_file_ref idref="fl-89"/>
      </object_component>
      <object_component id="oc-eb">
         <name>.text:__buff_read</name>
         <load_address>0x5e20</load_address>
         <run_address>0x5e20</run_address>
         <size>0x120</size>
         <input_file_ref idref="fl-8b"/>
      </object_component>
      <object_component id="oc-121">
         <name>.text:__frcmpyd</name>
         <load_address>0x5f40</load_address>
         <run_address>0x5f40</run_address>
         <size>0x120</size>
         <input_file_ref idref="fl-af"/>
      </object_component>
      <object_component id="oc-fe">
         <name>.text:__wrt_ok</name>
         <load_address>0x6060</load_address>
         <run_address>0x6060</run_address>
         <size>0x120</size>
         <input_file_ref idref="fl-8c"/>
      </object_component>
      <object_component id="oc-100">
         <name>.text:_atoi</name>
         <load_address>0x6180</load_address>
         <run_address>0x6180</run_address>
         <size>0x120</size>
         <input_file_ref idref="fl-90"/>
      </object_component>
      <object_component id="oc-cc">
         <name>.text:_HOSTopen</name>
         <load_address>0x62a0</load_address>
         <run_address>0x62a0</run_address>
         <size>0x100</size>
         <input_file_ref idref="fl-89"/>
      </object_component>
      <object_component id="oc-ce">
         <name>.text:_HOSTread</name>
         <load_address>0x63a0</load_address>
         <run_address>0x63a0</run_address>
         <size>0x100</size>
         <input_file_ref idref="fl-89"/>
      </object_component>
      <object_component id="oc-cf">
         <name>.text:_HOSTwrite</name>
         <load_address>0x64a0</load_address>
         <run_address>0x64a0</run_address>
         <size>0x100</size>
         <input_file_ref idref="fl-89"/>
      </object_component>
      <object_component id="oc-123">
         <name>.text:__frcmpyd_div</name>
         <load_address>0x65a0</load_address>
         <run_address>0x65a0</run_address>
         <size>0x100</size>
         <input_file_ref idref="fl-9e"/>
      </object_component>
      <object_component id="oc-f9">
         <name>.text:_close</name>
         <load_address>0x66a0</load_address>
         <run_address>0x66a0</run_address>
         <size>0x100</size>
         <input_file_ref idref="fl-83"/>
      </object_component>
      <object_component id="oc-11d">
         <name>.text:_ltoa</name>
         <load_address>0x67a0</load_address>
         <run_address>0x67a0</run_address>
         <size>0x100</size>
         <input_file_ref idref="fl-a4"/>
      </object_component>
      <object_component id="oc-ee">
         <name>.text:_memset</name>
         <load_address>0x68a0</load_address>
         <run_address>0x68a0</run_address>
         <size>0x100</size>
         <input_file_ref idref="fl-86"/>
      </object_component>
      <object_component id="oc-d1">
         <name>.text:_HOSTunlink</name>
         <load_address>0x69a0</load_address>
         <run_address>0x69a0</run_address>
         <size>0xe0</size>
         <input_file_ref idref="fl-89"/>
      </object_component>
      <object_component id="oc-c9">
         <name>.text:__auto_init</name>
         <load_address>0x6a80</load_address>
         <run_address>0x6a80</run_address>
         <size>0xe0</size>
         <input_file_ref idref="fl-91"/>
      </object_component>
      <object_component id="oc-10a">
         <name>.text:__cmpd</name>
         <load_address>0x6b60</load_address>
         <run_address>0x6b60</run_address>
         <size>0xe0</size>
         <input_file_ref idref="fl-92"/>
      </object_component>
      <object_component id="oc-11a">
         <name>.text:__div</name>
         <load_address>0x6c40</load_address>
         <run_address>0x6c40</run_address>
         <size>0xe0</size>
         <input_file_ref idref="fl-8e"/>
      </object_component>
      <object_component id="oc-f7">
         <name>.text:__doflush</name>
         <load_address>0x6d20</load_address>
         <run_address>0x6d20</run_address>
         <size>0xe0</size>
         <input_file_ref idref="fl-80"/>
      </object_component>
      <object_component id="oc-10d">
         <name>.text:__pconv_f</name>
         <load_address>0x6e00</load_address>
         <run_address>0x6e00</run_address>
         <size>0xe0</size>
         <input_file_ref idref="fl-8e"/>
      </object_component>
      <object_component id="oc-d5">
         <name>.text:_memcpy</name>
         <load_address>0x6ee0</load_address>
         <run_address>0x6ee0</run_address>
         <size>0xe0</size>
         <input_file_ref idref="fl-84"/>
      </object_component>
      <object_component id="oc-e8">
         <name>.text:_mremove</name>
         <load_address>0x6fc0</load_address>
         <run_address>0x6fc0</run_address>
         <size>0xe0</size>
         <input_file_ref idref="fl-85"/>
      </object_component>
      <object_component id="oc-de">
         <name>.text:_printf</name>
         <load_address>0x70a0</load_address>
         <run_address>0x70a0</run_address>
         <size>0xe0</size>
         <input_file_ref idref="fl-87"/>
      </object_component>
      <object_component id="oc-cd">
         <name>.text:_HOSTclose</name>
         <load_address>0x7180</load_address>
         <run_address>0x7180</run_address>
         <size>0xc0</size>
         <input_file_ref idref="fl-89"/>
      </object_component>
      <object_component id="oc-ef">
         <name>.text:__cleanup</name>
         <load_address>0x7240</load_address>
         <run_address>0x7240</run_address>
         <size>0xc0</size>
         <input_file_ref idref="fl-81"/>
      </object_component>
      <object_component id="oc-ec">
         <name>.text:__divu</name>
         <load_address>0x7300</load_address>
         <run_address>0x7300</run_address>
         <size>0xc0</size>
         <input_file_ref idref="fl-98"/>
      </object_component>
      <object_component id="oc-114">
         <name>.text:__ecpy</name>
         <load_address>0x73c0</load_address>
         <run_address>0x73c0</run_address>
         <size>0xc0</size>
         <input_file_ref idref="fl-8e"/>
      </object_component>
      <object_component id="oc-117">
         <name>.text:__fcpy</name>
         <load_address>0x7480</load_address>
         <run_address>0x7480</run_address>
         <size>0xc0</size>
         <input_file_ref idref="fl-8e"/>
      </object_component>
      <object_component id="oc-ea">
         <name>.text:__rd_ok</name>
         <load_address>0x7540</load_address>
         <run_address>0x7540</run_address>
         <size>0xc0</size>
         <input_file_ref idref="fl-8c"/>
      </object_component>
      <object_component id="oc-cb">
         <name>.text:_exit</name>
         <load_address>0x7600</load_address>
         <run_address>0x7600</run_address>
         <size>0xc0</size>
         <input_file_ref idref="fl-7e"/>
      </object_component>
      <object_component id="oc-112">
         <name>.text:_lseek</name>
         <load_address>0x76c0</load_address>
         <run_address>0x76c0</run_address>
         <size>0xc0</size>
         <input_file_ref idref="fl-83"/>
      </object_component>
      <object_component id="oc-e9">
         <name>.text:_minsert</name>
         <load_address>0x7780</load_address>
         <run_address>0x7780</run_address>
         <size>0xc0</size>
         <input_file_ref idref="fl-85"/>
      </object_component>
      <object_component id="oc-ed">
         <name>.text:_read</name>
         <load_address>0x7840</load_address>
         <run_address>0x7840</run_address>
         <size>0xc0</size>
         <input_file_ref idref="fl-83"/>
      </object_component>
      <object_component id="oc-ff">
         <name>.text:_write</name>
         <load_address>0x7900</load_address>
         <run_address>0x7900</run_address>
         <size>0xc0</size>
         <input_file_ref idref="fl-83"/>
      </object_component>
      <object_component id="oc-127">
         <name>.text:__divli</name>
         <load_address>0x79c0</load_address>
         <run_address>0x79c0</run_address>
         <size>0xa0</size>
         <input_file_ref idref="fl-a0"/>
      </object_component>
      <object_component id="oc-120">
         <name>.text:__fixdi</name>
         <load_address>0x7a60</load_address>
         <run_address>0x7a60</run_address>
         <size>0xa0</size>
         <input_file_ref idref="fl-99"/>
      </object_component>
      <object_component id="oc-11c">
         <name>.text:__fixdli</name>
         <load_address>0x7b00</load_address>
         <run_address>0x7b00</run_address>
         <size>0xa0</size>
         <input_file_ref idref="fl-9a"/>
      </object_component>
      <object_component id="oc-12d">
         <name>.text:__renormd</name>
         <load_address>0x7ba0</load_address>
         <run_address>0x7ba0</run_address>
         <size>0xa0</size>
         <input_file_ref idref="fl-b0"/>
      </object_component>
      <object_component id="oc-d4">
         <name>.text:_copy_in</name>
         <load_address>0x7c40</load_address>
         <run_address>0x7c40</run_address>
         <size>0xa0</size>
         <input_file_ref idref="fl-94"/>
      </object_component>
      <object_component id="oc-105">
         <name>.text:_finddevice</name>
         <load_address>0x7ce0</load_address>
         <run_address>0x7ce0</run_address>
         <size>0xa0</size>
         <input_file_ref idref="fl-83"/>
      </object_component>
      <object_component id="oc-fc">
         <name>.text:_tabinit</name>
         <load_address>0x7d80</load_address>
         <run_address>0x7d80</run_address>
         <size>0xa0</size>
         <input_file_ref idref="fl-83"/>
      </object_component>
      <object_component id="oc-d6">
         <name>.text:___TI_cpp_init</name>
         <load_address>0x7e20</load_address>
         <run_address>0x7e20</run_address>
         <size>0x80</size>
         <input_file_ref idref="fl-93"/>
      </object_component>
      <object_component id="oc-11e">
         <name>.text:__fltlid</name>
         <load_address>0x7ea0</load_address>
         <run_address>0x7ea0</run_address>
         <size>0x80</size>
         <input_file_ref idref="fl-9b"/>
      </object_component>
      <object_component id="oc-129">
         <name>.text:__llshl</name>
         <load_address>0x7f20</load_address>
         <run_address>0x7f20</run_address>
         <size>0x80</size>
         <input_file_ref idref="fl-a3"/>
      </object_component>
      <object_component id="oc-11b">
         <name>.text:__mpyll</name>
         <load_address>0x7fa0</load_address>
         <run_address>0x7fa0</run_address>
         <size>0x80</size>
         <input_file_ref idref="fl-a7"/>
      </object_component>
      <object_component id="oc-df">
         <name>.text:_fclose</name>
         <load_address>0x8020</load_address>
         <run_address>0x8020</run_address>
         <size>0x80</size>
         <input_file_ref idref="fl-7f"/>
      </object_component>
      <object_component id="oc-db">
         <name>.text:_fopen</name>
         <load_address>0x80a0</load_address>
         <run_address>0x80a0</run_address>
         <size>0x80</size>
         <input_file_ref idref="fl-81"/>
      </object_component>
      <object_component id="oc-103">
         <name>.text:_memccpy</name>
         <load_address>0x8120</load_address>
         <run_address>0x8120</run_address>
         <size>0x80</size>
         <input_file_ref idref="fl-a5"/>
      </object_component>
      <object_component id="oc-da">
         <name>.text:_readmsg</name>
         <load_address>0x81a0</load_address>
         <run_address>0x81a0</run_address>
         <size>0x80</size>
         <input_file_ref idref="fl-8a"/>
      </object_component>
      <object_component id="oc-104">
         <name>.text:_unlink</name>
         <load_address>0x8220</load_address>
         <run_address>0x8220</run_address>
         <size>0x80</size>
         <input_file_ref idref="fl-83"/>
      </object_component>
      <object_component id="oc-12b">
         <name>.text:__llshru</name>
         <load_address>0x82a0</load_address>
         <run_address>0x82a0</run_address>
         <size>0x60</size>
         <input_file_ref idref="fl-a3"/>
      </object_component>
      <object_component id="oc-126">
         <name>.text:__remli</name>
         <load_address>0x8300</load_address>
         <run_address>0x8300</run_address>
         <size>0x60</size>
         <input_file_ref idref="fl-a0"/>
      </object_component>
      <object_component id="oc-12a">
         <name>.text:__subcull</name>
         <load_address>0x8360</load_address>
         <run_address>0x8360</run_address>
         <size>0x60</size>
         <input_file_ref idref="fl-a1"/>
      </object_component>
      <object_component id="oc-17">
         <name>.text:_c_int00</name>
         <load_address>0x83c0</load_address>
         <run_address>0x83c0</run_address>
         <size>0x60</size>
         <input_file_ref idref="fl-7d"/>
      </object_component>
      <object_component id="oc-d9">
         <name>.text:_writemsg</name>
         <load_address>0x8420</load_address>
         <run_address>0x8420</run_address>
         <size>0x60</size>
         <input_file_ref idref="fl-8a"/>
      </object_component>
      <object_component id="oc-109">
         <name>.text:___isinf</name>
         <load_address>0x8480</load_address>
         <run_address>0x8480</run_address>
         <size>0x40</size>
         <input_file_ref idref="fl-a2"/>
      </object_component>
      <object_component id="oc-108">
         <name>.text:___isnan</name>
         <load_address>0x84c0</load_address>
         <run_address>0x84c0</run_address>
         <size>0x40</size>
         <input_file_ref idref="fl-8e"/>
      </object_component>
      <object_component id="oc-ca">
         <name>.text:__args_main</name>
         <load_address>0x8500</load_address>
         <run_address>0x8500</run_address>
         <size>0x40</size>
         <input_file_ref idref="fl-8f"/>
      </object_component>
      <object_component id="oc-10b">
         <name>.text:__negd</name>
         <load_address>0x8540</load_address>
         <run_address>0x8540</run_address>
         <size>0x40</size>
         <input_file_ref idref="fl-a8"/>
      </object_component>
      <object_component id="oc-11f">
         <name>.text:__subd</name>
         <load_address>0x8580</load_address>
         <run_address>0x8580</run_address>
         <size>0x40</size>
         <input_file_ref idref="fl-ab"/>
      </object_component>
      <object_component id="oc-110">
         <name>.text:__negll</name>
         <load_address>0x85c0</load_address>
         <run_address>0x85c0</run_address>
         <size>0x20</size>
         <input_file_ref idref="fl-a9"/>
      </object_component>
      <object_component id="oc-d3">
         <name>.text:__nop</name>
         <load_address>0x85e0</load_address>
         <run_address>0x85e0</run_address>
         <size>0x20</size>
         <input_file_ref idref="fl-8d"/>
      </object_component>
      <object_component id="oc-e6">
         <name>.text:__outc</name>
         <load_address>0x8600</load_address>
         <run_address>0x8600</run_address>
         <size>0x20</size>
         <input_file_ref idref="fl-87"/>
      </object_component>
      <object_component id="oc-e4">
         <name>.text:__outs</name>
         <load_address>0x8620</load_address>
         <run_address>0x8620</run_address>
         <size>0x20</size>
         <input_file_ref idref="fl-87"/>
      </object_component>
      <object_component id="oc-d8">
         <name>.text:_abort</name>
         <load_address>0x8640</load_address>
         <run_address>0x8640</run_address>
         <size>0x20</size>
         <input_file_ref idref="fl-7e"/>
      </object_component>
      <object_component id="oc-fa">
         <name>.text:_remove</name>
         <load_address>0x8660</load_address>
         <run_address>0x8660</run_address>
         <size>0x20</size>
         <input_file_ref idref="fl-88"/>
      </object_component>
      <object_component id="oc-1e">
         <name>.stack</name>
         <uninitialized>true</uninitialized>
         <run_address>0x8680</run_address>
         <size>0x8</size>
         <input_file_ref idref="fl-7d"/>
      </object_component>
      <object_component id="oc-14c">
         <name>.stack</name>
         <uninitialized>true</uninitialized>
         <run_address>0x8680</run_address>
         <size>0x0</size>
      </object_component>
      <object_component id="oc-50">
         <name>.cio</name>
         <uninitialized>true</uninitialized>
         <run_address>0x9da0</run_address>
         <size>0x120</size>
         <input_file_ref idref="fl-8a"/>
      </object_component>
      <object_component id="oc-107">
         <name>.const:.string:__ctypes_</name>
         <load_address>0x9ae8</load_address>
         <run_address>0x9ae8</run_address>
         <size>0x101</size>
         <input_file_ref idref="fl-95"/>
      </object_component>
      <object_component id="oc-5f">
         <name>.const:.string</name>
         <load_address>0x9be9</load_address>
         <run_address>0x9be9</run_address>
         <size>0x23</size>
         <input_file_ref idref="fl-8e"/>
      </object_component>
      <object_component id="oc-19">
         <name>.const:.string</name>
         <load_address>0x9c0c</load_address>
         <run_address>0x9c0c</run_address>
         <size>0x14</size>
         <input_file_ref idref="fl-2"/>
      </object_component>
      <object_component id="oc-dd">
         <name>.const:.string:_oFileName</name>
         <load_address>0x9c20</load_address>
         <run_address>0x9c20</run_address>
         <size>0xb</size>
         <input_file_ref idref="fl-2"/>
      </object_component>
      <object_component id="oc-8d">
         <name>.const:.string</name>
         <load_address>0x9c2b</load_address>
         <run_address>0x9c2b</run_address>
         <size>0x2</size>
         <input_file_ref idref="fl-9d"/>
      </object_component>
      <object_component id="oc-dc">
         <name>.const:.string:_iFileName</name>
         <load_address>0x9c30</load_address>
         <run_address>0x9c30</run_address>
         <size>0x9</size>
         <input_file_ref idref="fl-2"/>
      </object_component>
      <object_component id="oc-122">
         <name>.const:.string:_initial_approx$1</name>
         <load_address>0x9c40</load_address>
         <run_address>0x9c40</run_address>
         <size>0x8</size>
         <input_file_ref idref="fl-97"/>
      </object_component>
      <object_component id="oc-3f">
         <name>.sysmem</name>
         <uninitialized>true</uninitialized>
         <run_address>0x8e80</run_address>
         <size>0x8</size>
         <input_file_ref idref="fl-85"/>
      </object_component>
      <object_component id="oc-14d">
         <name>.sysmem</name>
         <uninitialized>true</uninitialized>
         <run_address>0x8e80</run_address>
         <size>0x0</size>
      </object_component>
      <object_component id="oc-23">
         <name>.far</name>
         <uninitialized>true</uninitialized>
         <run_address>0x9ac4</run_address>
         <size>0xc</size>
         <input_file_ref idref="fl-7e"/>
      </object_component>
      <object_component id="oc-2e">
         <name>.far</name>
         <uninitialized>true</uninitialized>
         <run_address>0x99a4</run_address>
         <size>0x4</size>
         <input_file_ref idref="fl-81"/>
      </object_component>
      <object_component id="oc-36">
         <name>.far</name>
         <uninitialized>true</uninitialized>
         <run_address>0x99a8</run_address>
         <size>0x11c</size>
         <input_file_ref idref="fl-83"/>
      </object_component>
      <object_component id="oc-3e">
         <name>.far</name>
         <uninitialized>true</uninitialized>
         <run_address>0x9ad8</run_address>
         <size>0x8</size>
         <input_file_ref idref="fl-85"/>
      </object_component>
      <object_component id="oc-4c">
         <name>.far</name>
         <uninitialized>true</uninitialized>
         <run_address>0x9ae0</run_address>
         <size>0x8</size>
         <input_file_ref idref="fl-89"/>
      </object_component>
      <object_component id="oc-5b">
         <name>.far</name>
         <uninitialized>true</uninitialized>
         <run_address>0x9ad0</run_address>
         <size>0x8</size>
         <input_file_ref idref="fl-8d"/>
      </object_component>
      <object_component id="oc-78">
         <name>.far</name>
         <uninitialized>true</uninitialized>
         <run_address>0x9680</run_address>
         <size>0x324</size>
         <input_file_ref idref="fl-96"/>
      </object_component>
      <object_component id="oc-77">
         <name>.cinit</name>
         <load_address>0x9c48</load_address>
         <run_address>0x9c48</run_address>
         <size>0x5c</size>
         <input_file_ref idref="fl-96"/>
      </object_component>
      <object_component id="oc-35">
         <name>.cinit</name>
         <load_address>0x9ca8</load_address>
         <run_address>0x9ca8</run_address>
         <size>0x5c</size>
         <input_file_ref idref="fl-83"/>
      </object_component>
      <object_component id="oc-22">
         <name>.cinit</name>
         <load_address>0x9d08</load_address>
         <run_address>0x9d08</run_address>
         <size>0x2c</size>
         <input_file_ref idref="fl-7e"/>
      </object_component>
      <object_component id="oc-3d">
         <name>.cinit</name>
         <load_address>0x9d38</load_address>
         <run_address>0x9d38</run_address>
         <size>0x2c</size>
         <input_file_ref idref="fl-85"/>
      </object_component>
      <object_component id="oc-5a">
         <name>.cinit</name>
         <load_address>0x9d68</load_address>
         <run_address>0x9d68</run_address>
         <size>0x1c</size>
         <input_file_ref idref="fl-8d"/>
      </object_component>
      <object_component id="oc-2d">
         <name>.cinit</name>
         <load_address>0x9d88</load_address>
         <run_address>0x9d88</run_address>
         <size>0xc</size>
         <input_file_ref idref="fl-81"/>
      </object_component>
      <object_component id="oc-18">
         <name>.debug_info</name>
         <load_address>0x0</load_address>
         <run_address>0x0</run_address>
         <size>0xace</size>
         <input_file_ref idref="fl-2"/>
      </object_component>
      <object_component id="oc-1d">
         <name>.debug_info</name>
         <load_address>0xace</load_address>
         <run_address>0xace</run_address>
         <size>0x6f5</size>
         <input_file_ref idref="fl-7d"/>
      </object_component>
      <object_component id="oc-21">
         <name>.debug_info</name>
         <load_address>0x11c3</load_address>
         <run_address>0x11c3</run_address>
         <size>0x7c2</size>
         <input_file_ref idref="fl-7e"/>
      </object_component>
      <object_component id="oc-26">
         <name>.debug_info</name>
         <load_address>0x1985</load_address>
         <run_address>0x1985</run_address>
         <size>0x86a</size>
         <input_file_ref idref="fl-7f"/>
      </object_component>
      <object_component id="oc-29">
         <name>.debug_info</name>
         <load_address>0x21ef</load_address>
         <run_address>0x21ef</run_address>
         <size>0x76b</size>
         <input_file_ref idref="fl-80"/>
      </object_component>
      <object_component id="oc-2c">
         <name>.debug_info</name>
         <load_address>0x295a</load_address>
         <run_address>0x295a</run_address>
         <size>0xa95</size>
         <input_file_ref idref="fl-81"/>
      </object_component>
      <object_component id="oc-31">
         <name>.debug_info</name>
         <load_address>0x33ef</load_address>
         <run_address>0x33ef</run_address>
         <size>0x931</size>
         <input_file_ref idref="fl-82"/>
      </object_component>
      <object_component id="oc-34">
         <name>.debug_info</name>
         <load_address>0x3d20</load_address>
         <run_address>0x3d20</run_address>
         <size>0x10c7</size>
         <input_file_ref idref="fl-83"/>
      </object_component>
      <object_component id="oc-39">
         <name>.debug_info</name>
         <load_address>0x4de7</load_address>
         <run_address>0x4de7</run_address>
         <size>0xcb</size>
         <input_file_ref idref="fl-84"/>
      </object_component>
      <object_component id="oc-3c">
         <name>.debug_info</name>
         <load_address>0x4eb2</load_address>
         <run_address>0x4eb2</run_address>
         <size>0xac2</size>
         <input_file_ref idref="fl-85"/>
      </object_component>
      <object_component id="oc-42">
         <name>.debug_info</name>
         <load_address>0x5974</load_address>
         <run_address>0x5974</run_address>
         <size>0x7a0</size>
         <input_file_ref idref="fl-86"/>
      </object_component>
      <object_component id="oc-45">
         <name>.debug_info</name>
         <load_address>0x6114</load_address>
         <run_address>0x6114</run_address>
         <size>0x8ec</size>
         <input_file_ref idref="fl-87"/>
      </object_component>
      <object_component id="oc-48">
         <name>.debug_info</name>
         <load_address>0x6a00</load_address>
         <run_address>0x6a00</run_address>
         <size>0x64e</size>
         <input_file_ref idref="fl-88"/>
      </object_component>
      <object_component id="oc-4b">
         <name>.debug_info</name>
         <load_address>0x704e</load_address>
         <run_address>0x704e</run_address>
         <size>0xdc6</size>
         <input_file_ref idref="fl-89"/>
      </object_component>
      <object_component id="oc-4f">
         <name>.debug_info</name>
         <load_address>0x7e14</load_address>
         <run_address>0x7e14</run_address>
         <size>0x853</size>
         <input_file_ref idref="fl-8a"/>
      </object_component>
      <object_component id="oc-53">
         <name>.debug_info</name>
         <load_address>0x8667</load_address>
         <run_address>0x8667</run_address>
         <size>0x7d0</size>
         <input_file_ref idref="fl-8b"/>
      </object_component>
      <object_component id="oc-56">
         <name>.debug_info</name>
         <load_address>0x8e37</load_address>
         <run_address>0x8e37</run_address>
         <size>0x7b7</size>
         <input_file_ref idref="fl-8c"/>
      </object_component>
      <object_component id="oc-59">
         <name>.debug_info</name>
         <load_address>0x95ee</load_address>
         <run_address>0x95ee</run_address>
         <size>0x636</size>
         <input_file_ref idref="fl-8d"/>
      </object_component>
      <object_component id="oc-5e">
         <name>.debug_info</name>
         <load_address>0x9c24</load_address>
         <run_address>0x9c24</run_address>
         <size>0x292c</size>
         <input_file_ref idref="fl-8e"/>
      </object_component>
      <object_component id="oc-62">
         <name>.debug_info</name>
         <load_address>0xc550</load_address>
         <run_address>0xc550</run_address>
         <size>0x6cb</size>
         <input_file_ref idref="fl-8f"/>
      </object_component>
      <object_component id="oc-65">
         <name>.debug_info</name>
         <load_address>0xcc1b</load_address>
         <run_address>0xcc1b</run_address>
         <size>0x6d8</size>
         <input_file_ref idref="fl-90"/>
      </object_component>
      <object_component id="oc-68">
         <name>.debug_info</name>
         <load_address>0xd2f3</load_address>
         <run_address>0xd2f3</run_address>
         <size>0x841</size>
         <input_file_ref idref="fl-91"/>
      </object_component>
      <object_component id="oc-6b">
         <name>.debug_info</name>
         <load_address>0xdb34</load_address>
         <run_address>0xdb34</run_address>
         <size>0x68f</size>
         <input_file_ref idref="fl-92"/>
      </object_component>
      <object_component id="oc-6e">
         <name>.debug_info</name>
         <load_address>0xe1c3</load_address>
         <run_address>0xe1c3</run_address>
         <size>0x6b9</size>
         <input_file_ref idref="fl-93"/>
      </object_component>
      <object_component id="oc-71">
         <name>.debug_info</name>
         <load_address>0xe87c</load_address>
         <run_address>0xe87c</run_address>
         <size>0x7af</size>
         <input_file_ref idref="fl-94"/>
      </object_component>
      <object_component id="oc-74">
         <name>.debug_info</name>
         <load_address>0xf02b</load_address>
         <run_address>0xf02b</run_address>
         <size>0x5e4</size>
         <input_file_ref idref="fl-95"/>
      </object_component>
      <object_component id="oc-76">
         <name>.debug_info</name>
         <load_address>0xf60f</load_address>
         <run_address>0xf60f</run_address>
         <size>0x6d1</size>
         <input_file_ref idref="fl-96"/>
      </object_component>
      <object_component id="oc-7a">
         <name>.debug_info</name>
         <load_address>0xfce0</load_address>
         <run_address>0xfce0</run_address>
         <size>0x993</size>
         <input_file_ref idref="fl-97"/>
      </object_component>
      <object_component id="oc-7d">
         <name>.debug_info</name>
         <load_address>0x10673</load_address>
         <run_address>0x10673</run_address>
         <size>0xbc</size>
         <input_file_ref idref="fl-98"/>
      </object_component>
      <object_component id="oc-80">
         <name>.debug_info</name>
         <load_address>0x1072f</load_address>
         <run_address>0x1072f</run_address>
         <size>0x67e</size>
         <input_file_ref idref="fl-99"/>
      </object_component>
      <object_component id="oc-83">
         <name>.debug_info</name>
         <load_address>0x10dad</load_address>
         <run_address>0x10dad</run_address>
         <size>0x681</size>
         <input_file_ref idref="fl-9a"/>
      </object_component>
      <object_component id="oc-86">
         <name>.debug_info</name>
         <load_address>0x1142e</load_address>
         <run_address>0x1142e</run_address>
         <size>0x69a</size>
         <input_file_ref idref="fl-9b"/>
      </object_component>
      <object_component id="oc-89">
         <name>.debug_info</name>
         <load_address>0x11ac8</load_address>
         <run_address>0x11ac8</run_address>
         <size>0x814</size>
         <input_file_ref idref="fl-9c"/>
      </object_component>
      <object_component id="oc-8c">
         <name>.debug_info</name>
         <load_address>0x122dc</load_address>
         <run_address>0x122dc</run_address>
         <size>0xab3</size>
         <input_file_ref idref="fl-9d"/>
      </object_component>
      <object_component id="oc-90">
         <name>.debug_info</name>
         <load_address>0x12d8f</load_address>
         <run_address>0x12d8f</run_address>
         <size>0x68e</size>
         <input_file_ref idref="fl-9e"/>
      </object_component>
      <object_component id="oc-93">
         <name>.debug_info</name>
         <load_address>0x1341d</load_address>
         <run_address>0x1341d</run_address>
         <size>0x7a3</size>
         <input_file_ref idref="fl-9f"/>
      </object_component>
      <object_component id="oc-96">
         <name>.debug_info</name>
         <load_address>0x13bc0</load_address>
         <run_address>0x13bc0</run_address>
         <size>0x78d</size>
         <input_file_ref idref="fl-a0"/>
      </object_component>
      <object_component id="oc-99">
         <name>.debug_info</name>
         <load_address>0x1434d</load_address>
         <run_address>0x1434d</run_address>
         <size>0x788</size>
         <input_file_ref idref="fl-a1"/>
      </object_component>
      <object_component id="oc-9c">
         <name>.debug_info</name>
         <load_address>0x14ad5</load_address>
         <run_address>0x14ad5</run_address>
         <size>0x800</size>
         <input_file_ref idref="fl-a2"/>
      </object_component>
      <object_component id="oc-9f">
         <name>.debug_info</name>
         <load_address>0x152d5</load_address>
         <run_address>0x152d5</run_address>
         <size>0x6eb</size>
         <input_file_ref idref="fl-a3"/>
      </object_component>
      <object_component id="oc-a2">
         <name>.debug_info</name>
         <load_address>0x159c0</load_address>
         <run_address>0x159c0</run_address>
         <size>0x719</size>
         <input_file_ref idref="fl-a4"/>
      </object_component>
      <object_component id="oc-a5">
         <name>.debug_info</name>
         <load_address>0x160d9</load_address>
         <run_address>0x160d9</run_address>
         <size>0x6bc</size>
         <input_file_ref idref="fl-a5"/>
      </object_component>
      <object_component id="oc-a8">
         <name>.debug_info</name>
         <load_address>0x16795</load_address>
         <run_address>0x16795</run_address>
         <size>0x6cf</size>
         <input_file_ref idref="fl-a6"/>
      </object_component>
      <object_component id="oc-ab">
         <name>.debug_info</name>
         <load_address>0x16e64</load_address>
         <run_address>0x16e64</run_address>
         <size>0x6a1</size>
         <input_file_ref idref="fl-a7"/>
      </object_component>
      <object_component id="oc-ae">
         <name>.debug_info</name>
         <load_address>0x17505</load_address>
         <run_address>0x17505</run_address>
         <size>0x607</size>
         <input_file_ref idref="fl-a8"/>
      </object_component>
      <object_component id="oc-b1">
         <name>.debug_info</name>
         <load_address>0x17b0c</load_address>
         <run_address>0x17b0c</run_address>
         <size>0x602</size>
         <input_file_ref idref="fl-a9"/>
      </object_component>
      <object_component id="oc-b4">
         <name>.debug_info</name>
         <load_address>0x1810e</load_address>
         <run_address>0x1810e</run_address>
         <size>0x7f6</size>
         <input_file_ref idref="fl-aa"/>
      </object_component>
      <object_component id="oc-b7">
         <name>.debug_info</name>
         <load_address>0x18904</load_address>
         <run_address>0x18904</run_address>
         <size>0x62e</size>
         <input_file_ref idref="fl-ab"/>
      </object_component>
      <object_component id="oc-ba">
         <name>.debug_info</name>
         <load_address>0x18f32</load_address>
         <run_address>0x18f32</run_address>
         <size>0x5b6</size>
         <input_file_ref idref="fl-ac"/>
      </object_component>
      <object_component id="oc-bd">
         <name>.debug_info</name>
         <load_address>0x194e8</load_address>
         <run_address>0x194e8</run_address>
         <size>0x6d4</size>
         <input_file_ref idref="fl-ad"/>
      </object_component>
      <object_component id="oc-c0">
         <name>.debug_info</name>
         <load_address>0x19bbc</load_address>
         <run_address>0x19bbc</run_address>
         <size>0x6e0</size>
         <input_file_ref idref="fl-ae"/>
      </object_component>
      <object_component id="oc-c3">
         <name>.debug_info</name>
         <load_address>0x1a29c</load_address>
         <run_address>0x1a29c</run_address>
         <size>0x71c</size>
         <input_file_ref idref="fl-af"/>
      </object_component>
      <object_component id="oc-c6">
         <name>.debug_info</name>
         <load_address>0x1a9b8</load_address>
         <run_address>0x1a9b8</run_address>
         <size>0x6f8</size>
         <input_file_ref idref="fl-b0"/>
      </object_component>
      <object_component id="oc-14e">
         <name>.debug_info</name>
         <load_address>0x1b0b0</load_address>
         <run_address>0x1b0b0</run_address>
         <size>0x6d</size>
      </object_component>
      <object_component id="oc-1a">
         <name>.debug_frame</name>
         <load_address>0x0</load_address>
         <run_address>0x0</run_address>
         <size>0x27d</size>
         <input_file_ref idref="fl-2"/>
      </object_component>
      <object_component id="oc-1b">
         <name>.debug_line</name>
         <load_address>0x0</load_address>
         <run_address>0x0</run_address>
         <size>0x99</size>
         <input_file_ref idref="fl-2"/>
      </object_component>
      <object_component id="oc-1f">
         <name>.debug_line</name>
         <load_address>0x99</load_address>
         <run_address>0x99</run_address>
         <size>0x3d</size>
         <input_file_ref idref="fl-7d"/>
      </object_component>
      <object_component id="oc-24">
         <name>.debug_line</name>
         <load_address>0xd6</load_address>
         <run_address>0xd6</run_address>
         <size>0x4f</size>
         <input_file_ref idref="fl-7e"/>
      </object_component>
      <object_component id="oc-27">
         <name>.debug_line</name>
         <load_address>0x125</load_address>
         <run_address>0x125</run_address>
         <size>0x53</size>
         <input_file_ref idref="fl-7f"/>
      </object_component>
      <object_component id="oc-2a">
         <name>.debug_line</name>
         <load_address>0x178</load_address>
         <run_address>0x178</run_address>
         <size>0x3e</size>
         <input_file_ref idref="fl-80"/>
      </object_component>
      <object_component id="oc-2f">
         <name>.debug_line</name>
         <load_address>0x1b6</load_address>
         <run_address>0x1b6</run_address>
         <size>0x91</size>
         <input_file_ref idref="fl-81"/>
      </object_component>
      <object_component id="oc-32">
         <name>.debug_line</name>
         <load_address>0x247</load_address>
         <run_address>0x247</run_address>
         <size>0x4e</size>
         <input_file_ref idref="fl-82"/>
      </object_component>
      <object_component id="oc-37">
         <name>.debug_line</name>
         <load_address>0x295</load_address>
         <run_address>0x295</run_address>
         <size>0x145</size>
         <input_file_ref idref="fl-83"/>
      </object_component>
      <object_component id="oc-3a">
         <name>.debug_line</name>
         <load_address>0x3da</load_address>
         <run_address>0x3da</run_address>
         <size>0x4f</size>
         <input_file_ref idref="fl-84"/>
      </object_component>
      <object_component id="oc-40">
         <name>.debug_line</name>
         <load_address>0x429</load_address>
         <run_address>0x429</run_address>
         <size>0xa7</size>
         <input_file_ref idref="fl-85"/>
      </object_component>
      <object_component id="oc-43">
         <name>.debug_line</name>
         <load_address>0x4d0</load_address>
         <run_address>0x4d0</run_address>
         <size>0x46</size>
         <input_file_ref idref="fl-86"/>
      </object_component>
      <object_component id="oc-46">
         <name>.debug_line</name>
         <load_address>0x516</load_address>
         <run_address>0x516</run_address>
         <size>0x6a</size>
         <input_file_ref idref="fl-87"/>
      </object_component>
      <object_component id="oc-49">
         <name>.debug_line</name>
         <load_address>0x580</load_address>
         <run_address>0x580</run_address>
         <size>0x39</size>
         <input_file_ref idref="fl-88"/>
      </object_component>
      <object_component id="oc-4d">
         <name>.debug_line</name>
         <load_address>0x5b9</load_address>
         <run_address>0x5b9</run_address>
         <size>0x122</size>
         <input_file_ref idref="fl-89"/>
      </object_component>
      <object_component id="oc-51">
         <name>.debug_line</name>
         <load_address>0x6db</load_address>
         <run_address>0x6db</run_address>
         <size>0x60</size>
         <input_file_ref idref="fl-8a"/>
      </object_component>
      <object_component id="oc-54">
         <name>.debug_line</name>
         <load_address>0x73b</load_address>
         <run_address>0x73b</run_address>
         <size>0x4a</size>
         <input_file_ref idref="fl-8b"/>
      </object_component>
      <object_component id="oc-57">
         <name>.debug_line</name>
         <load_address>0x785</load_address>
         <run_address>0x785</run_address>
         <size>0x57</size>
         <input_file_ref idref="fl-8c"/>
      </object_component>
      <object_component id="oc-5c">
         <name>.debug_line</name>
         <load_address>0x7dc</load_address>
         <run_address>0x7dc</run_address>
         <size>0x35</size>
         <input_file_ref idref="fl-8d"/>
      </object_component>
      <object_component id="oc-60">
         <name>.debug_line</name>
         <load_address>0x811</load_address>
         <run_address>0x811</run_address>
         <size>0x315</size>
         <input_file_ref idref="fl-8e"/>
      </object_component>
      <object_component id="oc-63">
         <name>.debug_line</name>
         <load_address>0xb26</load_address>
         <run_address>0xb26</run_address>
         <size>0x41</size>
         <input_file_ref idref="fl-8f"/>
      </object_component>
      <object_component id="oc-66">
         <name>.debug_line</name>
         <load_address>0xb67</load_address>
         <run_address>0xb67</run_address>
         <size>0x3f</size>
         <input_file_ref idref="fl-90"/>
      </object_component>
      <object_component id="oc-69">
         <name>.debug_line</name>
         <load_address>0xba6</load_address>
         <run_address>0xba6</run_address>
         <size>0x47</size>
         <input_file_ref idref="fl-91"/>
      </object_component>
      <object_component id="oc-6c">
         <name>.debug_line</name>
         <load_address>0xbed</load_address>
         <run_address>0xbed</run_address>
         <size>0x37</size>
         <input_file_ref idref="fl-92"/>
      </object_component>
      <object_component id="oc-6f">
         <name>.debug_line</name>
         <load_address>0xc24</load_address>
         <run_address>0xc24</run_address>
         <size>0x45</size>
         <input_file_ref idref="fl-93"/>
      </object_component>
      <object_component id="oc-72">
         <name>.debug_line</name>
         <load_address>0xc69</load_address>
         <run_address>0xc69</run_address>
         <size>0x44</size>
         <input_file_ref idref="fl-94"/>
      </object_component>
      <object_component id="oc-7b">
         <name>.debug_line</name>
         <load_address>0xcad</load_address>
         <run_address>0xcad</run_address>
         <size>0x5a</size>
         <input_file_ref idref="fl-97"/>
      </object_component>
      <object_component id="oc-7e">
         <name>.debug_line</name>
         <load_address>0xd07</load_address>
         <run_address>0xd07</run_address>
         <size>0x44</size>
         <input_file_ref idref="fl-98"/>
      </object_component>
      <object_component id="oc-81">
         <name>.debug_line</name>
         <load_address>0xd4b</load_address>
         <run_address>0xd4b</run_address>
         <size>0x3d</size>
         <input_file_ref idref="fl-99"/>
      </object_component>
      <object_component id="oc-84">
         <name>.debug_line</name>
         <load_address>0xd88</load_address>
         <run_address>0xd88</run_address>
         <size>0x3d</size>
         <input_file_ref idref="fl-9a"/>
      </object_component>
      <object_component id="oc-87">
         <name>.debug_line</name>
         <load_address>0xdc5</load_address>
         <run_address>0xdc5</run_address>
         <size>0x3d</size>
         <input_file_ref idref="fl-9b"/>
      </object_component>
      <object_component id="oc-8a">
         <name>.debug_line</name>
         <load_address>0xe02</load_address>
         <run_address>0xe02</run_address>
         <size>0x3f</size>
         <input_file_ref idref="fl-9c"/>
      </object_component>
      <object_component id="oc-8e">
         <name>.debug_line</name>
         <load_address>0xe41</load_address>
         <run_address>0xe41</run_address>
         <size>0x92</size>
         <input_file_ref idref="fl-9d"/>
      </object_component>
      <object_component id="oc-91">
         <name>.debug_line</name>
         <load_address>0xed3</load_address>
         <run_address>0xed3</run_address>
         <size>0x3e</size>
         <input_file_ref idref="fl-9e"/>
      </object_component>
      <object_component id="oc-94">
         <name>.debug_line</name>
         <load_address>0xf11</load_address>
         <run_address>0xf11</run_address>
         <size>0x3c</size>
         <input_file_ref idref="fl-9f"/>
      </object_component>
      <object_component id="oc-97">
         <name>.debug_line</name>
         <load_address>0xf4d</load_address>
         <run_address>0xf4d</run_address>
         <size>0x73</size>
         <input_file_ref idref="fl-a0"/>
      </object_component>
      <object_component id="oc-9a">
         <name>.debug_line</name>
         <load_address>0xfc0</load_address>
         <run_address>0xfc0</run_address>
         <size>0x5e</size>
         <input_file_ref idref="fl-a1"/>
      </object_component>
      <object_component id="oc-9d">
         <name>.debug_line</name>
         <load_address>0x101e</load_address>
         <run_address>0x101e</run_address>
         <size>0x38</size>
         <input_file_ref idref="fl-a2"/>
      </object_component>
      <object_component id="oc-a0">
         <name>.debug_line</name>
         <load_address>0x1056</load_address>
         <run_address>0x1056</run_address>
         <size>0x56</size>
         <input_file_ref idref="fl-a3"/>
      </object_component>
      <object_component id="oc-a3">
         <name>.debug_line</name>
         <load_address>0x10ac</load_address>
         <run_address>0x10ac</run_address>
         <size>0x40</size>
         <input_file_ref idref="fl-a4"/>
      </object_component>
      <object_component id="oc-a6">
         <name>.debug_line</name>
         <load_address>0x10ec</load_address>
         <run_address>0x10ec</run_address>
         <size>0x3f</size>
         <input_file_ref idref="fl-a5"/>
      </object_component>
      <object_component id="oc-a9">
         <name>.debug_line</name>
         <load_address>0x112b</load_address>
         <run_address>0x112b</run_address>
         <size>0x3c</size>
         <input_file_ref idref="fl-a6"/>
      </object_component>
      <object_component id="oc-ac">
         <name>.debug_line</name>
         <load_address>0x1167</load_address>
         <run_address>0x1167</run_address>
         <size>0x3d</size>
         <input_file_ref idref="fl-a7"/>
      </object_component>
      <object_component id="oc-af">
         <name>.debug_line</name>
         <load_address>0x11a4</load_address>
         <run_address>0x11a4</run_address>
         <size>0x37</size>
         <input_file_ref idref="fl-a8"/>
      </object_component>
      <object_component id="oc-b2">
         <name>.debug_line</name>
         <load_address>0x11db</load_address>
         <run_address>0x11db</run_address>
         <size>0x37</size>
         <input_file_ref idref="fl-a9"/>
      </object_component>
      <object_component id="oc-b5">
         <name>.debug_line</name>
         <load_address>0x1212</load_address>
         <run_address>0x1212</run_address>
         <size>0x40</size>
         <input_file_ref idref="fl-aa"/>
      </object_component>
      <object_component id="oc-b8">
         <name>.debug_line</name>
         <load_address>0x1252</load_address>
         <run_address>0x1252</run_address>
         <size>0x37</size>
         <input_file_ref idref="fl-ab"/>
      </object_component>
      <object_component id="oc-bb">
         <name>.debug_line</name>
         <load_address>0x1289</load_address>
         <run_address>0x1289</run_address>
         <size>0x23</size>
         <input_file_ref idref="fl-ac"/>
      </object_component>
      <object_component id="oc-be">
         <name>.debug_line</name>
         <load_address>0x12ac</load_address>
         <run_address>0x12ac</run_address>
         <size>0x3c</size>
         <input_file_ref idref="fl-ad"/>
      </object_component>
      <object_component id="oc-c1">
         <name>.debug_line</name>
         <load_address>0x12e8</load_address>
         <run_address>0x12e8</run_address>
         <size>0x3f</size>
         <input_file_ref idref="fl-ae"/>
      </object_component>
      <object_component id="oc-c4">
         <name>.debug_line</name>
         <load_address>0x1327</load_address>
         <run_address>0x1327</run_address>
         <size>0x3a</size>
         <input_file_ref idref="fl-af"/>
      </object_component>
      <object_component id="oc-c7">
         <name>.debug_line</name>
         <load_address>0x1361</load_address>
         <run_address>0x1361</run_address>
         <size>0x53</size>
         <input_file_ref idref="fl-b0"/>
      </object_component>
      <object_component id="oc-1c">
         <name>.debug_abbrev</name>
         <load_address>0x0</load_address>
         <run_address>0x0</run_address>
         <size>0x139</size>
         <input_file_ref idref="fl-2"/>
      </object_component>
      <object_component id="oc-20">
         <name>.debug_abbrev</name>
         <load_address>0x139</load_address>
         <run_address>0x139</run_address>
         <size>0xfe</size>
         <input_file_ref idref="fl-7d"/>
      </object_component>
      <object_component id="oc-25">
         <name>.debug_abbrev</name>
         <load_address>0x237</load_address>
         <run_address>0x237</run_address>
         <size>0x119</size>
         <input_file_ref idref="fl-7e"/>
      </object_component>
      <object_component id="oc-28">
         <name>.debug_abbrev</name>
         <load_address>0x350</load_address>
         <run_address>0x350</run_address>
         <size>0x130</size>
         <input_file_ref idref="fl-7f"/>
      </object_component>
      <object_component id="oc-2b">
         <name>.debug_abbrev</name>
         <load_address>0x480</load_address>
         <run_address>0x480</run_address>
         <size>0x12d</size>
         <input_file_ref idref="fl-80"/>
      </object_component>
      <object_component id="oc-30">
         <name>.debug_abbrev</name>
         <load_address>0x5ad</load_address>
         <run_address>0x5ad</run_address>
         <size>0x1cd</size>
         <input_file_ref idref="fl-81"/>
      </object_component>
      <object_component id="oc-33">
         <name>.debug_abbrev</name>
         <load_address>0x77a</load_address>
         <run_address>0x77a</run_address>
         <size>0x12e</size>
         <input_file_ref idref="fl-82"/>
      </object_component>
      <object_component id="oc-38">
         <name>.debug_abbrev</name>
         <load_address>0x8a8</load_address>
         <run_address>0x8a8</run_address>
         <size>0x215</size>
         <input_file_ref idref="fl-83"/>
      </object_component>
      <object_component id="oc-3b">
         <name>.debug_abbrev</name>
         <load_address>0xabd</load_address>
         <run_address>0xabd</run_address>
         <size>0x3a</size>
         <input_file_ref idref="fl-84"/>
      </object_component>
      <object_component id="oc-41">
         <name>.debug_abbrev</name>
         <load_address>0xaf7</load_address>
         <run_address>0xaf7</run_address>
         <size>0x1f8</size>
         <input_file_ref idref="fl-85"/>
      </object_component>
      <object_component id="oc-44">
         <name>.debug_abbrev</name>
         <load_address>0xcef</load_address>
         <run_address>0xcef</run_address>
         <size>0xd0</size>
         <input_file_ref idref="fl-86"/>
      </object_component>
      <object_component id="oc-47">
         <name>.debug_abbrev</name>
         <load_address>0xdbf</load_address>
         <run_address>0xdbf</run_address>
         <size>0x161</size>
         <input_file_ref idref="fl-87"/>
      </object_component>
      <object_component id="oc-4a">
         <name>.debug_abbrev</name>
         <load_address>0xf20</load_address>
         <run_address>0xf20</run_address>
         <size>0xab</size>
         <input_file_ref idref="fl-88"/>
      </object_component>
      <object_component id="oc-4e">
         <name>.debug_abbrev</name>
         <load_address>0xfcb</load_address>
         <run_address>0xfcb</run_address>
         <size>0x180</size>
         <input_file_ref idref="fl-89"/>
      </object_component>
      <object_component id="oc-52">
         <name>.debug_abbrev</name>
         <load_address>0x114b</load_address>
         <run_address>0x114b</run_address>
         <size>0xd5</size>
         <input_file_ref idref="fl-8a"/>
      </object_component>
      <object_component id="oc-55">
         <name>.debug_abbrev</name>
         <load_address>0x1220</load_address>
         <run_address>0x1220</run_address>
         <size>0x10e</size>
         <input_file_ref idref="fl-8b"/>
      </object_component>
      <object_component id="oc-58">
         <name>.debug_abbrev</name>
         <load_address>0x132e</load_address>
         <run_address>0x132e</run_address>
         <size>0xd1</size>
         <input_file_ref idref="fl-8c"/>
      </object_component>
      <object_component id="oc-5d">
         <name>.debug_abbrev</name>
         <load_address>0x13ff</load_address>
         <run_address>0x13ff</run_address>
         <size>0x9f</size>
         <input_file_ref idref="fl-8d"/>
      </object_component>
      <object_component id="oc-61">
         <name>.debug_abbrev</name>
         <load_address>0x149e</load_address>
         <run_address>0x149e</run_address>
         <size>0x1d1</size>
         <input_file_ref idref="fl-8e"/>
      </object_component>
      <object_component id="oc-64">
         <name>.debug_abbrev</name>
         <load_address>0x166f</load_address>
         <run_address>0x166f</run_address>
         <size>0xe1</size>
         <input_file_ref idref="fl-8f"/>
      </object_component>
      <object_component id="oc-67">
         <name>.debug_abbrev</name>
         <load_address>0x1750</load_address>
         <run_address>0x1750</run_address>
         <size>0xcc</size>
         <input_file_ref idref="fl-90"/>
      </object_component>
      <object_component id="oc-6a">
         <name>.debug_abbrev</name>
         <load_address>0x181c</load_address>
         <run_address>0x181c</run_address>
         <size>0x13f</size>
         <input_file_ref idref="fl-91"/>
      </object_component>
      <object_component id="oc-6d">
         <name>.debug_abbrev</name>
         <load_address>0x195b</load_address>
         <run_address>0x195b</run_address>
         <size>0xac</size>
         <input_file_ref idref="fl-92"/>
      </object_component>
      <object_component id="oc-70">
         <name>.debug_abbrev</name>
         <load_address>0x1a07</load_address>
         <run_address>0x1a07</run_address>
         <size>0xdd</size>
         <input_file_ref idref="fl-93"/>
      </object_component>
      <object_component id="oc-73">
         <name>.debug_abbrev</name>
         <load_address>0x1ae4</load_address>
         <run_address>0x1ae4</run_address>
         <size>0x10c</size>
         <input_file_ref idref="fl-94"/>
      </object_component>
      <object_component id="oc-75">
         <name>.debug_abbrev</name>
         <load_address>0x1bf0</load_address>
         <run_address>0x1bf0</run_address>
         <size>0x5f</size>
         <input_file_ref idref="fl-95"/>
      </object_component>
      <object_component id="oc-79">
         <name>.debug_abbrev</name>
         <load_address>0x1c4f</load_address>
         <run_address>0x1c4f</run_address>
         <size>0x8e</size>
         <input_file_ref idref="fl-96"/>
      </object_component>
      <object_component id="oc-7c">
         <name>.debug_abbrev</name>
         <load_address>0x1cdd</load_address>
         <run_address>0x1cdd</run_address>
         <size>0x112</size>
         <input_file_ref idref="fl-97"/>
      </object_component>
      <object_component id="oc-7f">
         <name>.debug_abbrev</name>
         <load_address>0x1def</load_address>
         <run_address>0x1def</run_address>
         <size>0x3a</size>
         <input_file_ref idref="fl-98"/>
      </object_component>
      <object_component id="oc-82">
         <name>.debug_abbrev</name>
         <load_address>0x1e29</load_address>
         <run_address>0x1e29</run_address>
         <size>0xac</size>
         <input_file_ref idref="fl-99"/>
      </object_component>
      <object_component id="oc-85">
         <name>.debug_abbrev</name>
         <load_address>0x1ed5</load_address>
[...]
            <allocated_space>
               <start_address>0x8e80</start_address>
               <size>0x800</size>
               <logical_group_ref idref="lg-9"/>
            </allocated_space>
            <allocated_space>
               <start_address>0x9680</start_address>
               <size>0x468</size>
               <logical_group_ref idref="lg-a"/>
            </allocated_space>
            <allocated_space>
               <start_address>0x9ae8</start_address>
               <size>0x160</size>
               <logical_group_ref idref="lg-6"/>
            </allocated_space>
            <allocated_space>
               <start_address>0x9c48</start_address>
               <size>0x154</size>
               <logical_group_ref idref="lg-f"/>
            </allocated_space>
            <available_space>
               <start_address>0x9d9c</start_address>
               <size>0x4</size>
            </available_space>
            <allocated_space>
               <start_address>0x9da0</start_address>
               <size>0x120</size>
               <logical_group_ref idref="lg-5"/>
            </allocated_space>
            <available_space>
               <start_address>0x9ec0</start_address>
               <size>0x36140</size>
            </available_space>
         </usage_details>
      </memory_area>
      <memory_area>
         <name>EMIFA_CS0</name>
         <page_id>0x0</page_id>
         <origin>0x80000000</origin>
         <length>0x10000000</length>
         <used_space>0x0</used_space>
         <unused_space>0x10000000</unused_space>
         <attributes>RWIX</attributes>
         <usage_details>
         </usage_details>
      </memory_area>
      <memory_area>
         <name>EMIFA_CS1</name>
         <page_id>0x0</page_id>
         <origin>0x90000000</origin>
         <length>0x10000000</length>
         <used_space>0x0</used_space>
         <unused_space>0x10000000</unused_space>
         <attributes>RWIX</attributes>
         <usage_details>
         </usage_details>
      </memory_area>
      <memory_area>
         <name>EMIFA_CS2</name>
         <page_id>0x0</page_id>
         <origin>0xa0000000</origin>
         <length>0x10000000</length>
         <used_space>0x0</used_space>
         <unused_space>0x10000000</unused_space>
         <attributes>RWIX</attributes>
         <usage_details>
         </usage_details>
      </memory_area>
      <memory_area>
         <name>EMIFA_CS3</name>
         <page_id>0x0</page_id>
         <origin>0xb0000000</origin>
         <length>0x10000000</length>
         <used_space>0x0</used_space>
         <unused_space>0x10000000</unused_space>
         <attributes>RWIX</attributes>
         <usage_details>
         </usage_details>
      </memory_area>
   </placement_map>
   <symbol_table>
      <symbol id="sm-0">
         <name>cinit</name>
         <value>0x9c48</value>
      </symbol>
      <symbol id="sm-1">
         <name>___cinit__</name>
         <value>0x9c48</value>
      </symbol>
      <symbol id="sm-2">
         <name>pinit</name>
         <value>0xffffffff</value>
      </symbol>
      <symbol id="sm-3">
         <name>___pinit__</name>
         <value>0xffffffff</value>
      </symbol>
      <symbol id="sm-4">
         <name>binit</name>
         <value>0xffffffff</value>
      </symbol>
      <symbol id="sm-5">
         <name>___binit__</name>
         <value>0xffffffff</value>
      </symbol>
      <symbol id="sm-6">
         <name>__STACK_SIZE</name>
         <value>0x800</value>
      </symbol>
      <symbol id="sm-7">
         <name>__STACK_END</name>
         <value>0x8e80</value>
      </symbol>
      <symbol id="sm-8">
         <name>__SYSMEM_SIZE</name>
         <value>0x800</value>
      </symbol>
      <symbol id="sm-9">
         <name>___c_args__</name>
         <value>0xffffffff</value>
      </symbol>
      <symbol id="sm-a">
         <name>.text</name>
         <value>0x0</value>
      </symbol>
      <symbol id="sm-b">
         <name>___text__</name>
         <value>0x0</value>
      </symbol>
      <symbol id="sm-c">
         <name>etext</name>
         <value>0x8680</value>
      </symbol>
      <symbol id="sm-d">
         <name>___etext__</name>
         <value>0x8680</value>
      </symbol>
      <symbol id="sm-e">
         <name>.data</name>
         <value>0x0</value>
      </symbol>
      <symbol id="sm-f">
         <name>___data__</name>
         <value>0x0</value>
      </symbol>
      <symbol id="sm-10">
         <name>edata</name>
         <value>0x0</value>
      </symbol>
      <symbol id="sm-11">
         <name>___edata__</name>
         <value>0x0</value>
      </symbol>
      <symbol id="sm-12">
         <name>.bss</name>
         <value>0x0</value>
      </symbol>
      <symbol id="sm-13">
         <name>___bss__</name>
         <value>0x0</value>
      </symbol>
      <symbol id="sm-14">
         <name>end</name>
         <value>0x0</value>
      </symbol>
      <symbol id="sm-15">
         <name>___end__</name>
         <value>0x0</value>
      </symbol>
      <symbol id="sm-16">
         <name>___TI_pprof_out_hndl</name>
         <value>0xffffffff</value>
      </symbol>
      <symbol id="sm-17">
         <name>___TI_prof_data_start</name>
         <value>0xffffffff</value>
      </symbol>
      <symbol id="sm-18">
         <name>___TI_prof_data_size</name>
         <value>0xffffffff</value>
      </symbol>
      <symbol id="sm-19">
         <name>$bss</name>
         <value>0x0</value>
      </symbol>
      <symbol id="sm-7a">
         <name>_main</name>
         <value>0x3400</value>
         <object_component_ref idref="oc-d7"/>
      </symbol>
      <symbol id="sm-7b">
         <name>_iFileName</name>
         <value>0x9c30</value>
         <object_component_ref idref="oc-dc"/>
      </symbol>
      <symbol id="sm-7c">
         <name>_oFileName</name>
         <value>0x9c20</value>
         <object_component_ref idref="oc-dd"/>
      </symbol>
      <symbol id="sm-7d">
         <name>_initMat</name>
         <value>0x3534</value>
         <object_component_ref idref="oc-d7"/>
      </symbol>
      <symbol id="sm-89">
         <name>_c_int00</name>
         <value>0x83c0</value>
         <object_component_ref idref="oc-17"/>
      </symbol>
      <symbol id="sm-8a">
         <name>__stack</name>
         <value>0x8680</value>
         <object_component_ref idref="oc-1e"/>
      </symbol>
      <symbol id="sm-9a">
         <name>C$$EXIT</name>
         <value>0x8640</value>
         <object_component_ref idref="oc-d8"/>
      </symbol>
      <symbol id="sm-9b">
         <name>_exit</name>
         <value>0x7600</value>
         <object_component_ref idref="oc-cb"/>
      </symbol>
      <symbol id="sm-9c">
         <name>___TI_enable_exit_profile_output</name>
         <value>0x9acc</value>
         <object_component_ref idref="oc-23"/>
      </symbol>
      <symbol id="sm-9d">
         <name>_abort</name>
         <value>0x8640</value>
         <object_component_ref idref="oc-d8"/>
      </symbol>
      <symbol id="sm-9e">
         <name>__cleanup_ptr</name>
         <value>0x9ac4</value>
         <object_component_ref idref="oc-23"/>
      </symbol>
      <symbol id="sm-9f">
         <name>__dtors_ptr</name>
         <value>0x9ac8</value>
         <object_component_ref idref="oc-23"/>
      </symbol>
      <symbol id="sm-ab">
         <name>__closefile</name>
         <value>0x5a80</value>
         <object_component_ref idref="oc-e7"/>
      </symbol>
      <symbol id="sm-ac">
         <name>_fclose</name>
         <value>0x8020</value>
         <object_component_ref idref="oc-df"/>
      </symbol>
      <symbol id="sm-b6">
         <name>__doflush</name>
         <value>0x6d20</value>
         <object_component_ref idref="oc-f7"/>
      </symbol>
      <symbol id="sm-ca">
         <name>__cleanup</name>
         <value>0x7240</value>
         <object_component_ref idref="oc-ef"/>
      </symbol>
      <symbol id="sm-cb">
         <name>_fopen</name>
         <value>0x80a0</value>
         <object_component_ref idref="oc-db"/>
      </symbol>
      <symbol id="sm-d5">
         <name>_fread</name>
         <value>0x2b60</value>
         <object_component_ref idref="oc-e1"/>
      </symbol>
      <symbol id="sm-f3">
         <name>_read</name>
         <value>0x7840</value>
         <object_component_ref idref="oc-ed"/>
      </symbol>
      <symbol id="sm-f4">
         <name>_unlink</name>
         <value>0x8220</value>
         <object_component_ref idref="oc-104"/>
      </symbol>
      <symbol id="sm-f5">
         <name>_open</name>
         <value>0x5160</value>
         <object_component_ref idref="oc-f0"/>
      </symbol>
      <symbol id="sm-f6">
         <name>_lseek</name>
         <value>0x76c0</value>
         <object_component_ref idref="oc-112"/>
      </symbol>
      <symbol id="sm-f7">
         <name>_close</name>
         <value>0x66a0</value>
         <object_component_ref idref="oc-f9"/>
      </symbol>
      <symbol id="sm-f8">
         <name>_write</name>
         <value>0x7900</value>
         <object_component_ref idref="oc-ff"/>
      </symbol>
      <symbol id="sm-100">
         <name>_memcpy</name>
         <value>0x6ee0</value>
         <object_component_ref idref="oc-d5"/>
      </symbol>
      <symbol id="sm-116">
         <name>__sys_memory</name>
         <value>0x8e80</value>
         <object_component_ref idref="oc-3f"/>
      </symbol>
      <symbol id="sm-117">
         <name>_free</name>
         <value>0x2e60</value>
         <object_component_ref idref="oc-f8"/>
      </symbol>
      <symbol id="sm-118">
         <name>_malloc</name>
         <value>0x4fa0</value>
         <object_component_ref idref="oc-e0"/>
      </symbol>
      <symbol id="sm-122">
         <name>_memset</name>
         <value>0x68a0</value>
         <object_component_ref idref="oc-ee"/>
      </symbol>
      <symbol id="sm-130">
         <name>_printf</name>
         <value>0x70a0</value>
         <object_component_ref idref="oc-de"/>
      </symbol>
      <symbol id="sm-13a">
         <name>_remove</name>
         <value>0x8660</value>
         <object_component_ref idref="oc-fa"/>
      </symbol>
      <symbol id="sm-152">
         <name>_HOSTopen</name>
         <value>0x62a0</value>
         <object_component_ref idref="oc-cc"/>
      </symbol>
      <symbol id="sm-153">
         <name>_HOSTread</name>
         <value>0x63a0</value>
         <object_component_ref idref="oc-ce"/>
      </symbol>
      <symbol id="sm-154">
         <name>_HOSTrename</name>
         <value>0x49c0</value>
         <object_component_ref idref="oc-d2"/>
      </symbol>
      <symbol id="sm-155">
         <name>_HOSTwrite</name>
         <value>0x64a0</value>
         <object_component_ref idref="oc-cf"/>
      </symbol>
      <symbol id="sm-156">
         <name>_HOSTlseek</name>
         <value>0x5d00</value>
         <object_component_ref idref="oc-d0"/>
      </symbol>
      <symbol id="sm-157">
         <name>_HOSTunlink</name>
         <value>0x69a0</value>
         <object_component_ref idref="oc-d1"/>
      </symbol>
      <symbol id="sm-158">
         <name>_HOSTclose</name>
         <value>0x7180</value>
         <object_component_ref idref="oc-cd"/>
      </symbol>
      <symbol id="sm-166">
         <name>C$$IO$$</name>
         <value>0x8478</value>
         <object_component_ref idref="oc-d9"/>
      </symbol>
      <symbol id="sm-167">
         <name>__CIOBUF_</name>
         <value>0x9da0</value>
         <object_component_ref idref="oc-50"/>
      </symbol>
      <symbol id="sm-168">
         <name>_readmsg</name>
         <value>0x81a0</value>
         <object_component_ref idref="oc-da"/>
      </symbol>
      <symbol id="sm-169">
         <name>_writemsg</name>
         <value>0x8420</value>
         <object_component_ref idref="oc-d9"/>
      </symbol>
      <symbol id="sm-173">
         <name>__buff_read</name>
         <value>0x5e20</value>
         <object_component_ref idref="oc-eb"/>
      </symbol>
      <symbol id="sm-17f">
         <name>__rd_ok</name>
         <value>0x7540</value>
         <object_component_ref idref="oc-ea"/>
      </symbol>
      <symbol id="sm-180">
         <name>__wrt_ok</name>
         <value>0x6060</value>
         <object_component_ref idref="oc-fe"/>
      </symbol>
      <symbol id="sm-18e">
         <name>__unlock</name>
         <value>0x9ad4</value>
         <object_component_ref idref="oc-5b"/>
      </symbol>
      <symbol id="sm-18f">
         <name>__lock</name>
         <value>0x9ad0</value>
         <object_component_ref idref="oc-5b"/>
      </symbol>
      <symbol id="sm-190">
         <name>__nop</name>
         <value>0x85e0</value>
         <object_component_ref idref="oc-d3"/>
      </symbol>
      <symbol id="sm-1c0">
         <name>__printfi</name>
         <value>0x10c0</value>
         <object_component_ref idref="oc-e5"/>
      </symbol>
      <symbol id="sm-1ca">
         <name>__args_main</name>
         <value>0x8500</value>
         <object_component_ref idref="oc-ca"/>
      </symbol>
      <symbol id="sm-1cb">
         <name>__TI_args_main</name>
         <value>0x1</value>
      </symbol>
      <symbol id="sm-1d5">
         <name>_atoi</name>
         <value>0x6180</value>
         <object_component_ref idref="oc-100"/>
      </symbol>
      <symbol id="sm-1df">
         <name>__auto_init</name>
         <value>0x6a80</value>
         <object_component_ref idref="oc-c9"/>
      </symbol>
      <symbol id="sm-1e9">
         <name>__cmpd</name>
         <value>0x6b60</value>
         <object_component_ref idref="oc-10a"/>
      </symbol>
      <symbol id="sm-1f3">
         <name>___TI_cpp_init</name>
         <value>0x7e20</value>
         <object_component_ref idref="oc-d6"/>
      </symbol>
      <symbol id="sm-1fd">
         <name>_copy_in</name>
         <value>0x7c40</value>
         <object_component_ref idref="oc-d4"/>
      </symbol>
      <symbol id="sm-205">
         <name>__ctypes_</name>
         <value>0x9ae8</value>
         <object_component_ref idref="oc-107"/>
      </symbol>
      <symbol id="sm-20f">
         <name>__tmpnams</name>
         <value>0x9860</value>
         <object_component_ref idref="oc-78"/>
      </symbol>
      <symbol id="sm-210">
         <name>__ft_end</name>
         <value>0x99a0</value>
         <object_component_ref idref="oc-78"/>
      </symbol>
      <symbol id="sm-211">
         <name>__ftable</name>
         <value>0x9680</value>
         <object_component_ref idref="oc-78"/>
      </symbol>
      <symbol id="sm-21d">
         <name>__divd</name>
         <value>0x620</value>
         <object_component_ref idref="oc-119"/>
      </symbol>
      <symbol id="sm-225">
         <name>__c6xabi_divu</name>
         <value>0x7300</value>
         <object_component_ref idref="oc-ec"/>
      </symbol>
      <symbol id="sm-226">
         <name>__divu</name>
         <value>0x7300</value>
         <object_component_ref idref="oc-ec"/>
      </symbol>
      <symbol id="sm-230">
         <name>__fixdi</name>
         <value>0x7a60</value>
         <object_component_ref idref="oc-120"/>
      </symbol>
      <symbol id="sm-23a">
         <name>__fixdli</name>
         <value>0x7b00</value>
         <object_component_ref idref="oc-11c"/>
      </symbol>
      <symbol id="sm-244">
         <name>__fltlid</name>
         <value>0x7ea0</value>
         <object_component_ref idref="oc-11e"/>
      </symbol>
      <symbol id="sm-24e">
         <name>_putc</name>
         <value>0x40a0</value>
         <object_component_ref idref="oc-f6"/>
      </symbol>
      <symbol id="sm-24f">
         <name>_fputc</name>
         <value>0x40a0</value>
         <object_component_ref idref="oc-f6"/>
      </symbol>
      <symbol id="sm-25b">
         <name>_fputs</name>
         <value>0x1580</value>
         <object_component_ref idref="oc-f1"/>
      </symbol>
      <symbol id="sm-265">
         <name>__frcmpyd_div</name>
         <value>0x65a0</value>
         <object_component_ref idref="oc-123"/>
      </symbol>
      <symbol id="sm-26f">
         <name>_fseek</name>
         <value>0x54c0</value>
         <object_component_ref idref="oc-106"/>
      </symbol>
      <symbol id="sm-27d">
         <name>__divul</name>
         <value>0x5320</value>
         <object_component_ref idref="oc-124"/>
      </symbol>
      <symbol id="sm-27e">
         <name>__remli</name>
         <value>0x8300</value>
         <object_component_ref idref="oc-126"/>
      </symbol>
      <symbol id="sm-27f">
         <name>__divli</name>
         <value>0x79c0</value>
         <object_component_ref idref="oc-127"/>
      </symbol>
      <symbol id="sm-28b">
         <name>__subcull</name>
         <value>0x8360</value>
         <object_component_ref idref="oc-12a"/>
      </symbol>
      <symbol id="sm-28c">
         <name>__divull</name>
         <value>0x3140</value>
         <object_component_ref idref="oc-125"/>
      </symbol>
      <symbol id="sm-296">
         <name>___isinf</name>
         <value>0x8480</value>
         <object_component_ref idref="oc-109"/>
      </symbol>
      <symbol id="sm-2a2">
         <name>__llshl</name>
         <value>0x7f20</value>
         <object_component_ref idref="oc-129"/>
      </symbol>
      <symbol id="sm-2a3">
         <name>__llshru</name>
         <value>0x82a0</value>
         <object_component_ref idref="oc-12b"/>
      </symbol>
      <symbol id="sm-2ad">
         <name>_ltoa</name>
         <value>0x67a0</value>
         <object_component_ref idref="oc-11d"/>
      </symbol>
      <symbol id="sm-2b7">
         <name>_memccpy</name>
         <value>0x8120</value>
         <object_component_ref idref="oc-103"/>
      </symbol>
      <symbol id="sm-2c1">
         <name>__mpyd</name>
         <value>0x3960</value>
         <object_component_ref idref="oc-118"/>
      </symbol>
      <symbol id="sm-2cb">
         <name>__mpyll</name>
         <value>0x7fa0</value>
         <object_component_ref idref="oc-11b"/>
      </symbol>
      <symbol id="sm-2d5">
         <name>__negd</name>
         <value>0x8540</value>
         <object_component_ref idref="oc-10b"/>
      </symbol>
      <symbol id="sm-2df">
         <name>__negll</name>
         <value>0x85c0</value>
         <object_component_ref idref="oc-110"/>
      </symbol>
      <symbol id="sm-2e9">
         <name>_setvbuf</name>
         <value>0x4780</value>
         <object_component_ref idref="oc-fb"/>
      </symbol>
      <symbol id="sm-2f3">
         <name>__subd</name>
         <value>0x8580</value>
         <object_component_ref idref="oc-11f"/>
      </symbol>
      <symbol id="sm-304">
         <name>__addd</name>
         <value>0x4300</value>
         <object_component_ref idref="oc-128"/>
      </symbol>
      <symbol id="sm-30e">
         <name>__frcaddd</name>
         <value>0x3be0</value>
         <object_component_ref idref="oc-12c"/>
      </symbol>
      <symbol id="sm-318">
         <name>__frcmpyd</name>
         <value>0x5f40</value>
         <object_component_ref idref="oc-121"/>
      </symbol>
      <symbol id="sm-322">
         <name>__renormd</name>
         <value>0x7ba0</value>
         <object_component_ref idref="oc-12d"/>
      </symbol>
   </symbol_table>
</link_info>
