<?xml version="1.0"?>
<link_info>
   <banner>TMS320C6x Linker PC v7.4.4</banner>
   <copyright>Copyright (c) 1996-2013 Texas Instruments Incorporated</copyright>
   <link_time>0x5ff676d8</link_time>
   <output_file>4x4_matrix_transform.out</output_file>
   <entry_point>
      <name>_c_int00</name>
      <address>0x409060</address>
   </entry_point>
   <input_file_list>
      <input_file id="fl-2">
         <path>.\</path>
         <kind>object</kind>
         <file>main.obj</file>
         <name>main.obj</name>
      </input_file>
      <input_file id="fl-7d">
         <path>F:\software\ccs\ccsv5\tools\compiler\c6000_7.4.4\lib\</path>
         <kind>archive</kind>
         <file>rts6400.lib</file>
         <name>boot.obj</name>
      </input_file>
      <input_file id="fl-7e">
         <path>F:\software\ccs\ccsv5\tools\compiler\c6000_7.4.4\lib\</path>
         <kind>archive</kind>
         <file>rts6400.lib</file>
         <name>exit.obj</name>
      </input_file>
      <input_file id="fl-7f">
         <path>F:\software\ccs\ccsv5\tools\compiler\c6000_7.4.4\lib\</path>
         <kind>archive</kind>
         <file>rts6400.lib</file>
         <name>fclose.obj</name>
      </input_file>
      <input_file id="fl-80">
         <path>F:\software\ccs\ccsv5\tools\compiler\c6000_7.4.4\lib\</path>
         <kind>archive</kind>
         <file>rts6400.lib</file>
         <name>fflush.obj</name>
      </input_file>
      <input_file id="fl-81">
         <path>F:\software\ccs\ccsv5\tools\compiler\c6000_7.4.4\lib\</path>
         <kind>archive</kind>
         <file>rts6400.lib</file>
         <name>fopen.obj</name>
      </input_file>
      <input_file id="fl-82">
         <path>F:\software\ccs\ccsv5\tools\compiler\c6000_7.4.4\lib\</path>
         <kind>archive</kind>
         <file>rts6400.lib</file>
         <name>fread.obj</name>
      </input_file>
      <input_file id="fl-83">
         <path>F:\software\ccs\ccsv5\tools\compiler\c6000_7.4.4\lib\</path>
         <kind>archive</kind>
         <file>rts6400.lib</file>
         <name>fwrite.obj</name>
      </input_file>
      <input_file id="fl-84">
         <path>F:\software\ccs\ccsv5\tools\compiler\c6000_7.4.4\lib\</path>
         <kind>archive</kind>
         <file>rts6400.lib</file>
         <name>lowlev.obj</name>
      </input_file>
      <input_file id="fl-85">
         <path>F:\software\ccs\ccsv5\tools\compiler\c6000_7.4.4\lib\</path>
         <kind>archive</kind>
         <file>rts6400.lib</file>
         <name>memcpy64.obj</name>
      </input_file>
      <input_file id="fl-86">
         <path>F:\software\ccs\ccsv5\tools\compiler\c6000_7.4.4\lib\</path>
         <kind>archive</kind>
         <file>rts6400.lib</file>
         <name>memory.obj</name>
      </input_file>
      <input_file id="fl-87">
         <path>F:\software\ccs\ccsv5\tools\compiler\c6000_7.4.4\lib\</path>
         <kind>archive</kind>
         <file>rts6400.lib</file>
         <name>memset.obj</name>
      </input_file>
      <input_file id="fl-88">
         <path>F:\software\ccs\ccsv5\tools\compiler\c6000_7.4.4\lib\</path>
         <kind>archive</kind>
         <file>rts6400.lib</file>
         <name>printf.obj</name>
      </input_file>
      <input_file id="fl-89">
         <path>F:\software\ccs\ccsv5\tools\compiler\c6000_7.4.4\lib\</path>
         <kind>archive</kind>
         <file>rts6400.lib</file>
         <name>remove.obj</name>
      </input_file>
      <input_file id="fl-8a">
         <path>F:\software\ccs\ccsv5\tools\compiler\c6000_7.4.4\lib\</path>
         <kind>archive</kind>
         <file>rts6400.lib</file>
         <name>trgdrv.obj</name>
      </input_file>
      <input_file id="fl-8b">
         <path>F:\software\ccs\ccsv5\tools\compiler\c6000_7.4.4\lib\</path>
         <kind>archive</kind>
         <file>rts6400.lib</file>
         <name>trgmsg.obj</name>
      </input_file>
      <input_file id="fl-8c">
         <path>F:\software\ccs\ccsv5\tools\compiler\c6000_7.4.4\lib\</path>
         <kind>archive</kind>
         <file>rts6400.lib</file>
         <name>_bufread.obj</name>
      </input_file>
      <input_file id="fl-8d">
         <path>F:\software\ccs\ccsv5\tools\compiler\c6000_7.4.4\lib\</path>
         <kind>archive</kind>
         <file>rts6400.lib</file>
         <name>_io_perm.obj</name>
      </input_file>
      <input_file id="fl-8e">
         <path>F:\software\ccs\ccsv5\tools\compiler\c6000_7.4.4\lib\</path>
         <kind>archive</kind>
         <file>rts6400.lib</file>
         <name>_lock.obj</name>
      </input_file>
      <input_file id="fl-8f">
         <path>F:\software\ccs\ccsv5\tools\compiler\c6000_7.4.4\lib\</path>
         <kind>archive</kind>
         <file>rts6400.lib</file>
         <name>_printfi.obj</name>
      </input_file>
      <input_file id="fl-90">
         <path>F:\software\ccs\ccsv5\tools\compiler\c6000_7.4.4\lib\</path>
         <kind>archive</kind>
         <file>rts6400.lib</file>
         <name>args_main.obj</name>
      </input_file>
      <input_file id="fl-91">
         <path>F:\software\ccs\ccsv5\tools\compiler\c6000_7.4.4\lib\</path>
         <kind>archive</kind>
         <file>rts6400.lib</file>
         <name>atoi.obj</name>
      </input_file>
      <input_file id="fl-92">
         <path>F:\software\ccs\ccsv5\tools\compiler\c6000_7.4.4\lib\</path>
         <kind>archive</kind>
         <file>rts6400.lib</file>
         <name>autoinit.obj</name>
      </input_file>
      <input_file id="fl-93">
         <path>F:\software\ccs\ccsv5\tools\compiler\c6000_7.4.4\lib\</path>
         <kind>archive</kind>
         <file>rts6400.lib</file>
         <name>cmpd.obj</name>
      </input_file>
      <input_file id="fl-94">
         <path>F:\software\ccs\ccsv5\tools\compiler\c6000_7.4.4\lib\</path>
         <kind>archive</kind>
         <file>rts6400.lib</file>
         <name>cpp_init.obj</name>
      </input_file>
      <input_file id="fl-95">
         <path>F:\software\ccs\ccsv5\tools\compiler\c6000_7.4.4\lib\</path>
         <kind>archive</kind>
         <file>rts6400.lib</file>
         <name>cpy_tbl.obj</name>
      </input_file>
      <input_file id="fl-96">
         <path>F:\software\ccs\ccsv5\tools\compiler\c6000_7.4.4\lib\</path>
         <kind>archive</kind>
         <file>rts6400.lib</file>
         <name>ctype.obj</name>
      </input_file>
      <input_file id="fl-97">
         <path>F:\software\ccs\ccsv5\tools\compiler\c6000_7.4.4\lib\</path>
         <kind>archive</kind>
         <file>rts6400.lib</file>
         <name>defs.obj</name>
      </input_file>
      <input_file id="fl-98">
         <path>F:\software\ccs\ccsv5\tools\compiler\c6000_7.4.4\lib\</path>
         <kind>archive</kind>
         <file>rts6400.lib</file>
         <name>divd.obj</name>
      </input_file>
      <input_file id="fl-99">
         <path>F:\software\ccs\ccsv5\tools\compiler\c6000_7.4.4\lib\</path>
         <kind>archive</kind>
         <file>rts6400.lib</file>
         <name>divu.obj</name>
      </input_file>
      <input_file id="fl-9a">
         <path>F:\software\ccs\ccsv5\tools\compiler\c6000_7.4.4\lib\</path>
         <kind>archive</kind>
         <file>rts6400.lib</file>
         <name>fixdi.obj</name>
      </input_file>
      <input_file id="fl-9b">
         <path>F:\software\ccs\ccsv5\tools\compiler\c6000_7.4.4\lib\</path>
         <kind>archive</kind>
         <file>rts6400.lib</file>
         <name>fixdli.obj</name>
      </input_file>
      <input_file id="fl-9c">
         <path>F:\software\ccs\ccsv5\tools\compiler\c6000_7.4.4\lib\</path>
         <kind>archive</kind>
         <file>rts6400.lib</file>
         <name>fltlid.obj</name>
      </input_file>
      <input_file id="fl-9d">
         <path>F:\software\ccs\ccsv5\tools\compiler\c6000_7.4.4\lib\</path>
         <kind>archive</kind>
         <file>rts6400.lib</file>
         <name>fputc.obj</name>
      </input_file>
      <input_file id="fl-9e">
         <path>F:\software\ccs\ccsv5\tools\compiler\c6000_7.4.4\lib\</path>
         <kind>archive</kind>
         <file>rts6400.lib</file>
         <name>fputs.obj</name>
      </input_file>
      <input_file id="fl-9f">
         <path>F:\software\ccs\ccsv5\tools\compiler\c6000_7.4.4\lib\</path>
         <kind>archive</kind>
         <file>rts6400.lib</file>
         <name>frcmpyd_div.obj</name>
      </input_file>
      <input_file id="fl-a0">
         <path>F:\software\ccs\ccsv5\tools\compiler\c6000_7.4.4\lib\</path>
         <kind>archive</kind>
         <file>rts6400.lib</file>
         <name>fseek.obj</name>
      </input_file>
      <input_file id="fl-a1">
         <path>F:\software\ccs\ccsv5\tools\compiler\c6000_7.4.4\lib\</path>
         <kind>archive</kind>
         <file>rts6400.lib</file>
         <name>imath40.obj</name>
      </input_file>
      <input_file id="fl-a2">
         <path>F:\software\ccs\ccsv5\tools\compiler\c6000_7.4.4\lib\</path>
         <kind>archive</kind>
         <file>rts6400.lib</file>
         <name>imath64.obj</name>
      </input_file>
      <input_file id="fl-a3">
         <path>F:\software\ccs\ccsv5\tools\compiler\c6000_7.4.4\lib\</path>
         <kind>archive</kind>
         <file>rts6400.lib</file>
         <name>isinf.obj</name>
      </input_file>
      <input_file id="fl-a4">
         <path>F:\software\ccs\ccsv5\tools\compiler\c6000_7.4.4\lib\</path>
         <kind>archive</kind>
         <file>rts6400.lib</file>
         <name>llshift.obj</name>
      </input_file>
      <input_file id="fl-a5">
         <path>F:\software\ccs\ccsv5\tools\compiler\c6000_7.4.4\lib\</path>
         <kind>archive</kind>
         <file>rts6400.lib</file>
         <name>ltoa.obj</name>
      </input_file>
      <input_file id="fl-a6">
         <path>F:\software\ccs\ccsv5\tools\compiler\c6000_7.4.4\lib\</path>
         <kind>archive</kind>
         <file>rts6400.lib</file>
         <name>memccpy.obj</name>
      </input_file>
      <input_file id="fl-a7">
         <path>F:\software\ccs\ccsv5\tools\compiler\c6000_7.4.4\lib\</path>
         <kind>archive</kind>
         <file>rts6400.lib</file>
         <name>mpyd.obj</name>
      </input_file>
      <input_file id="fl-a8">
         <path>F:\software\ccs\ccsv5\tools\compiler\c6000_7.4.4\lib\</path>
         <kind>archive</kind>
         <file>rts6400.lib</file>
         <name>mpyll.obj</name>
      </input_file>
      <input_file id="fl-a9">
         <path>F:\software\ccs\ccsv5\tools\compiler\c6000_7.4.4\lib\</path>
         <kind>archive</kind>
         <file>rts6400.lib</file>
         <name>negd.obj</name>
      </input_file>
      <input_file id="fl-aa">
         <path>F:\software\ccs\ccsv5\tools\compiler\c6000_7.4.4\lib\</path>
         <kind>archive</kind>
         <file>rts6400.lib</file>
         <name>negll.obj</name>
      </input_file>
      <input_file id="fl-ab">
         <path>F:\software\ccs\ccsv5\tools\compiler\c6000_7.4.4\lib\</path>
         <kind>archive</kind>
         <file>rts6400.lib</file>
         <name>setvbuf.obj</name>
      </input_file>
      <input_file id="fl-ac">
         <path>F:\software\ccs\ccsv5\tools\compiler\c6000_7.4.4\lib\</path>
         <kind>archive</kind>
         <file>rts6400.lib</file>
         <name>subd.obj</name>
      </input_file>
      <input_file id="fl-ad">
         <path>F:\software\ccs\ccsv5\tools\compiler\c6000_7.4.4\lib\</path>
         <kind>archive</kind>
         <file>rts6400.lib</file>
         <name>abs.obj</name>
      </input_file>
      <input_file id="fl-ae">
         <path>F:\software\ccs\ccsv5\tools\compiler\c6000_7.4.4\lib\</path>
         <kind>archive</kind>
         <file>rts6400.lib</file>
         <name>addd.obj</name>
      </input_file>
      <input_file id="fl-af">
         <path>F:\software\ccs\ccsv5\tools\compiler\c6000_7.4.4\lib\</path>
         <kind>archive</kind>
         <file>rts6400.lib</file>
         <name>frcaddd.obj</name>
      </input_file>
      <input_file id="fl-b0">
         <path>F:\software\ccs\ccsv5\tools\compiler\c6000_7.4.4\lib\</path>
         <kind>archive</kind>
         <file>rts6400.lib</file>
         <name>frcmpyd.obj</name>
      </input_file>
      <input_file id="fl-b1">
         <path>F:\software\ccs\ccsv5\tools\compiler\c6000_7.4.4\lib\</path>
         <kind>archive</kind>
         <file>rts6400.lib</file>
         <name>renormd.obj</name>
      </input_file>
   </input_file_list>
   <object_component_list>
      <object_component id="oc-d9">
         <name>.text</name>
         <load_address>0x400000</load_address>
         <run_address>0x400000</run_address>
         <size>0x940</size>
         <input_file_ref idref="fl-2"/>
      </object_component>
      <object_component id="oc-113">
         <name>.text:__getarg_diouxp</name>
         <load_address>0x400940</load_address>
         <run_address>0x400940</run_address>
         <size>0x620</size>
         <input_file_ref idref="fl-8f"/>
      </object_component>
      <object_component id="oc-11d">
         <name>.text:__divd</name>
         <load_address>0x400f60</load_address>
         <run_address>0x400f60</run_address>
         <size>0x5c0</size>
         <input_file_ref idref="fl-98"/>
      </object_component>
      <object_component id="oc-de">
         <name>.text:_fwrite</name>
         <load_address>0x401520</load_address>
         <run_address>0x401520</run_address>
         <size>0x580</size>
         <input_file_ref idref="fl-83"/>
      </object_component>
      <object_component id="oc-f6">
         <name>.text:__setfield</name>
         <load_address>0x401aa0</load_address>
         <run_address>0x401aa0</run_address>
         <size>0x4e0</size>
         <input_file_ref idref="fl-8f"/>
      </object_component>
      <object_component id="oc-e6">
         <name>.text:__printfi</name>
         <load_address>0x401f80</load_address>
         <run_address>0x401f80</run_address>
         <size>0x4c0</size>
         <input_file_ref idref="fl-8f"/>
      </object_component>
      <object_component id="oc-f3">
         <name>.text:_fputs</name>
         <load_address>0x402440</load_address>
         <run_address>0x402440</run_address>
         <size>0x420</size>
         <input_file_ref idref="fl-9e"/>
      </object_component>
      <object_component id="oc-11a">
         <name>.text:_fcvt</name>
         <load_address>0x402860</load_address>
         <run_address>0x402860</run_address>
         <size>0x400</size>
         <input_file_ref idref="fl-8f"/>
      </object_component>
      <object_component id="oc-104">
         <name>.text:__pproc_fge</name>
         <load_address>0x402c60</load_address>
         <run_address>0x402c60</run_address>
         <size>0x3e0</size>
         <input_file_ref idref="fl-8f"/>
      </object_component>
      <object_component id="oc-117">
         <name>.text:_ecvt</name>
         <load_address>0x403040</load_address>
         <run_address>0x403040</run_address>
         <size>0x3c0</size>
         <input_file_ref idref="fl-8f"/>
      </object_component>
      <object_component id="oc-112">
         <name>.text:__pconv_e</name>
         <load_address>0x403400</load_address>
         <run_address>0x403400</run_address>
         <size>0x320</size>
         <input_file_ref idref="fl-8f"/>
      </object_component>
      <object_component id="oc-f5">
         <name>.text:__pproc_fwp</name>
         <load_address>0x403720</load_address>
         <run_address>0x403720</run_address>
         <size>0x300</size>
         <input_file_ref idref="fl-8f"/>
      </object_component>
      <object_component id="oc-e0">
         <name>.text:_fread</name>
         <load_address>0x403a20</load_address>
         <run_address>0x403a20</run_address>
         <size>0x300</size>
         <input_file_ref idref="fl-82"/>
      </object_component>
      <object_component id="oc-100">
         <name>.text:_free</name>
         <load_address>0x403d20</load_address>
         <run_address>0x403d20</run_address>
         <size>0x2e0</size>
         <input_file_ref idref="fl-86"/>
      </object_component>
      <object_component id="oc-129">
         <name>.text:__divull</name>
         <load_address>0x404000</load_address>
         <run_address>0x404000</run_address>
         <size>0x2c0</size>
         <input_file_ref idref="fl-a2"/>
      </object_component>
      <object_component id="oc-105">
         <name>.text:__pproc_diouxp</name>
         <load_address>0x4042c0</load_address>
         <run_address>0x4042c0</run_address>
         <size>0x2a0</size>
         <input_file_ref idref="fl-8f"/>
      </object_component>
      <object_component id="oc-11c">
         <name>.text:__mpyd</name>
         <load_address>0x404560</load_address>
         <run_address>0x404560</run_address>
         <size>0x280</size>
         <input_file_ref idref="fl-a7"/>
      </object_component>
      <object_component id="oc-130">
         <name>.text:__frcaddd</name>
         <load_address>0x4047e0</load_address>
         <run_address>0x4047e0</run_address>
         <size>0x260</size>
         <input_file_ref idref="fl-af"/>
      </object_component>
      <object_component id="oc-f7">
         <name>.text:__pproc_str</name>
         <load_address>0x404a40</load_address>
         <run_address>0x404a40</run_address>
         <size>0x260</size>
         <input_file_ref idref="fl-8f"/>
      </object_component>
      <object_component id="oc-f8">
         <name>.text:_fputc</name>
         <load_address>0x404ca0</load_address>
         <run_address>0x404ca0</run_address>
         <size>0x260</size>
         <input_file_ref idref="fl-9d"/>
      </object_component>
      <object_component id="oc-12c">
         <name>.text:__addd</name>
         <load_address>0x404f00</load_address>
         <run_address>0x404f00</run_address>
         <size>0x240</size>
         <input_file_ref idref="fl-ae"/>
      </object_component>
      <object_component id="oc-110">
         <name>.text:__pconv_g</name>
         <load_address>0x405140</load_address>
         <run_address>0x405140</run_address>
         <size>0x240</size>
         <input_file_ref idref="fl-8f"/>
      </object_component>
      <object_component id="oc-fa">
         <name>.text:_setvbuf</name>
         <load_address>0x405380</load_address>
         <run_address>0x405380</run_address>
         <size>0x240</size>
         <input_file_ref idref="fl-ab"/>
      </object_component>
      <object_component id="oc-d4">
         <name>.text:_HOSTrename</name>
         <load_address>0x4055c0</load_address>
         <run_address>0x4055c0</run_address>
         <size>0x200</size>
         <input_file_ref idref="fl-8a"/>
      </object_component>
      <object_component id="oc-119">
         <name>.text:__mcpy</name>
         <load_address>0x4057c0</load_address>
         <run_address>0x4057c0</run_address>
         <size>0x200</size>
         <input_file_ref idref="fl-8f"/>
      </object_component>
      <object_component id="oc-f1">
         <name>.text:__openfile</name>
         <load_address>0x4059c0</load_address>
         <run_address>0x4059c0</run_address>
         <size>0x1e0</size>
         <input_file_ref idref="fl-81"/>
      </object_component>
      <object_component id="oc-ec">
         <name>.text:_malloc</name>
         <load_address>0x405ba0</load_address>
         <run_address>0x405ba0</run_address>
         <size>0x1c0</size>
         <input_file_ref idref="fl-86"/>
      </object_component>
      <object_component id="oc-ff">
         <name>.text:_open</name>
         <load_address>0x405d60</load_address>
         <run_address>0x405d60</run_address>
         <size>0x1c0</size>
         <input_file_ref idref="fl-84"/>
      </object_component>
      <object_component id="oc-128">
         <name>.text:__divul</name>
         <load_address>0x405f20</load_address>
         <run_address>0x405f20</run_address>
         <size>0x1a0</size>
         <input_file_ref idref="fl-a1"/>
      </object_component>
      <object_component id="oc-f9">
         <name>.text:_fseek</name>
         <load_address>0x4060c0</load_address>
         <run_address>0x4060c0</run_address>
         <size>0x180</size>
         <input_file_ref idref="fl-a0"/>
      </object_component>
      <object_component id="oc-109">
         <name>.text:_getdevice</name>
         <load_address>0x406240</load_address>
         <run_address>0x406240</run_address>
         <size>0x180</size>
         <input_file_ref idref="fl-84"/>
      </object_component>
      <object_component id="oc-115">
         <name>.text:__ltostr</name>
         <load_address>0x4063c0</load_address>
         <run_address>0x4063c0</run_address>
         <size>0x160</size>
         <input_file_ref idref="fl-8f"/>
      </object_component>
      <object_component id="oc-f4">
         <name>.text:__pproc_fflags</name>
         <load_address>0x406520</load_address>
         <run_address>0x406520</run_address>
         <size>0x160</size>
         <input_file_ref idref="fl-8f"/>
      </object_component>
      <object_component id="oc-f2">
         <name>.text:__closefile</name>
         <load_address>0x406680</load_address>
         <run_address>0x406680</run_address>
         <size>0x140</size>
         <input_file_ref idref="fl-7f"/>
      </object_component>
      <object_component id="oc-f0">
         <name>.text:__search_fp</name>
         <load_address>0x4067c0</load_address>
         <run_address>0x4067c0</run_address>
         <size>0x140</size>
         <input_file_ref idref="fl-81"/>
      </object_component>
      <object_component id="oc-d2">
         <name>.text:_HOSTlseek</name>
         <load_address>0x406900</load_address>
         <run_address>0x406900</run_address>
         <size>0x120</size>
         <input_file_ref idref="fl-8a"/>
      </object_component>
      <object_component id="oc-ee">
         <name>.text:__buff_read</name>
         <load_address>0x406a20</load_address>
         <run_address>0x406a20</run_address>
         <size>0x120</size>
         <input_file_ref idref="fl-8c"/>
      </object_component>
      <object_component id="oc-125">
         <name>.text:__frcmpyd</name>
         <load_address>0x406b40</load_address>
         <run_address>0x406b40</run_address>
         <size>0x120</size>
         <input_file_ref idref="fl-b0"/>
      </object_component>
      <object_component id="oc-e8">
         <name>.text:__wrt_ok</name>
         <load_address>0x406c60</load_address>
         <run_address>0x406c60</run_address>
         <size>0x120</size>
         <input_file_ref idref="fl-8d"/>
      </object_component>
      <object_component id="oc-103">
         <name>.text:_atoi</name>
         <load_address>0x406d80</load_address>
         <run_address>0x406d80</run_address>
         <size>0x120</size>
         <input_file_ref idref="fl-91"/>
      </object_component>
      <object_component id="oc-ce">
         <name>.text:_HOSTopen</name>
         <load_address>0x406ea0</load_address>
         <run_address>0x406ea0</run_address>
         <size>0x100</size>
         <input_file_ref idref="fl-8a"/>
      </object_component>
      <object_component id="oc-d0">
         <name>.text:_HOSTread</name>
         <load_address>0x406fa0</load_address>
         <run_address>0x406fa0</run_address>
         <size>0x100</size>
         <input_file_ref idref="fl-8a"/>
      </object_component>
      <object_component id="oc-d1">
         <name>.text:_HOSTwrite</name>
         <load_address>0x4070a0</load_address>
         <run_address>0x4070a0</run_address>
         <size>0x100</size>
         <input_file_ref idref="fl-8a"/>
      </object_component>
      <object_component id="oc-127">
         <name>.text:__frcmpyd_div</name>
         <load_address>0x4071a0</load_address>
         <run_address>0x4071a0</run_address>
         <size>0x100</size>
         <input_file_ref idref="fl-9f"/>
      </object_component>
      <object_component id="oc-101">
         <name>.text:_close</name>
         <load_address>0x4072a0</load_address>
         <run_address>0x4072a0</run_address>
         <size>0x100</size>
         <input_file_ref idref="fl-84"/>
      </object_component>
      <object_component id="oc-121">
         <name>.text:_ltoa</name>
         <load_address>0x4073a0</load_address>
         <run_address>0x4073a0</run_address>
         <size>0x100</size>
         <input_file_ref idref="fl-a5"/>
      </object_component>
      <object_component id="oc-fd">
         <name>.text:_memset</name>
         <load_address>0x4074a0</load_address>
         <run_address>0x4074a0</run_address>
         <size>0x100</size>
         <input_file_ref idref="fl-87"/>
      </object_component>
      <object_component id="oc-d3">
         <name>.text:_HOSTunlink</name>
         <load_address>0x4075a0</load_address>
         <run_address>0x4075a0</run_address>
         <size>0xe0</size>
         <input_file_ref idref="fl-8a"/>
      </object_component>
      <object_component id="oc-cb">
         <name>.text:__auto_init</name>
         <load_address>0x407680</load_address>
         <run_address>0x407680</run_address>
         <size>0xe0</size>
         <input_file_ref idref="fl-92"/>
      </object_component>
      <object_component id="oc-10e">
         <name>.text:__cmpd</name>
         <load_address>0x407760</load_address>
         <run_address>0x407760</run_address>
         <size>0xe0</size>
         <input_file_ref idref="fl-93"/>
      </object_component>
      <object_component id="oc-11e">
         <name>.text:__div</name>
         <load_address>0x407840</load_address>
         <run_address>0x407840</run_address>
         <size>0xe0</size>
         <input_file_ref idref="fl-8f"/>
      </object_component>
      <object_component id="oc-e9">
         <name>.text:__doflush</name>
         <load_address>0x407920</load_address>
         <run_address>0x407920</run_address>
         <size>0xe0</size>
         <input_file_ref idref="fl-80"/>
      </object_component>
      <object_component id="oc-111">
         <name>.text:__pconv_f</name>
         <load_address>0x407a00</load_address>
         <run_address>0x407a00</run_address>
         <size>0xe0</size>
         <input_file_ref idref="fl-8f"/>
      </object_component>
      <object_component id="oc-d7">
         <name>.text:_memcpy</name>
         <load_address>0x407ae0</load_address>
         <run_address>0x407ae0</run_address>
         <size>0xe0</size>
         <input_file_ref idref="fl-85"/>
      </object_component>
      <object_component id="oc-fb">
         <name>.text:_mremove</name>
         <load_address>0x407bc0</load_address>
         <run_address>0x407bc0</run_address>
         <size>0xe0</size>
         <input_file_ref idref="fl-86"/>
      </object_component>
      <object_component id="oc-dd">
         <name>.text:_printf</name>
         <load_address>0x407ca0</load_address>
         <run_address>0x407ca0</run_address>
         <size>0xe0</size>
         <input_file_ref idref="fl-88"/>
      </object_component>
      <object_component id="oc-cf">
         <name>.text:_HOSTclose</name>
         <load_address>0x407d80</load_address>
         <run_address>0x407d80</run_address>
         <size>0xc0</size>
         <input_file_ref idref="fl-8a"/>
      </object_component>
      <object_component id="oc-fe">
         <name>.text:__cleanup</name>
         <load_address>0x407e40</load_address>
         <run_address>0x407e40</run_address>
         <size>0xc0</size>
         <input_file_ref idref="fl-81"/>
      </object_component>
      <object_component id="oc-ea">
         <name>.text:__divu</name>
         <load_address>0x407f00</load_address>
         <run_address>0x407f00</run_address>
         <size>0xc0</size>
         <input_file_ref idref="fl-99"/>
      </object_component>
      <object_component id="oc-118">
         <name>.text:__ecpy</name>
         <load_address>0x407fc0</load_address>
         <run_address>0x407fc0</run_address>
         <size>0xc0</size>
         <input_file_ref idref="fl-8f"/>
      </object_component>
      <object_component id="oc-11b">
         <name>.text:__fcpy</name>
         <load_address>0x408080</load_address>
         <run_address>0x408080</run_address>
         <size>0xc0</size>
         <input_file_ref idref="fl-8f"/>
      </object_component>
      <object_component id="oc-ed">
         <name>.text:__rd_ok</name>
         <load_address>0x408140</load_address>
         <run_address>0x408140</run_address>
         <size>0xc0</size>
         <input_file_ref idref="fl-8d"/>
      </object_component>
      <object_component id="oc-cd">
         <name>.text:_exit</name>
         <load_address>0x408200</load_address>
         <run_address>0x408200</run_address>
         <size>0xc0</size>
         <input_file_ref idref="fl-7e"/>
      </object_component>
      <object_component id="oc-107">
         <name>.text:_lseek</name>
         <load_address>0x4082c0</load_address>
         <run_address>0x4082c0</run_address>
         <size>0xc0</size>
         <input_file_ref idref="fl-84"/>
      </object_component>
      <object_component id="oc-fc">
         <name>.text:_minsert</name>
         <load_address>0x408380</load_address>
         <run_address>0x408380</run_address>
         <size>0xc0</size>
         <input_file_ref idref="fl-86"/>
      </object_component>
      <object_component id="oc-ef">
         <name>.text:_read</name>
         <load_address>0x408440</load_address>
         <run_address>0x408440</run_address>
         <size>0xc0</size>
         <input_file_ref idref="fl-84"/>
      </object_component>
      <object_component id="oc-eb">
         <name>.text:_write</name>
         <load_address>0x408500</load_address>
         <run_address>0x408500</run_address>
         <size>0xc0</size>
         <input_file_ref idref="fl-84"/>
      </object_component>
      <object_component id="oc-12b">
         <name>.text:__divli</name>
         <load_address>0x4085c0</load_address>
         <run_address>0x4085c0</run_address>
         <size>0xa0</size>
         <input_file_ref idref="fl-a1"/>
      </object_component>
      <object_component id="oc-124">
         <name>.text:__fixdi</name>
         <load_address>0x408660</load_address>
         <run_address>0x408660</run_address>
         <size>0xa0</size>
         <input_file_ref idref="fl-9a"/>
      </object_component>
      <object_component id="oc-120">
         <name>.text:__fixdli</name>
         <load_address>0x408700</load_address>
         <run_address>0x408700</run_address>
         <size>0xa0</size>
         <input_file_ref idref="fl-9b"/>
      </object_component>
      <object_component id="oc-131">
         <name>.text:__renormd</name>
         <load_address>0x4087a0</load_address>
         <run_address>0x4087a0</run_address>
         <size>0xa0</size>
         <input_file_ref idref="fl-b1"/>
      </object_component>
      <object_component id="oc-df">
         <name>.text:_calloc</name>
         <load_address>0x408840</load_address>
         <run_address>0x408840</run_address>
         <size>0xa0</size>
         <input_file_ref idref="fl-86"/>
      </object_component>
      <object_component id="oc-d6">
         <name>.text:_copy_in</name>
         <load_address>0x4088e0</load_address>
         <run_address>0x4088e0</run_address>
         <size>0xa0</size>
         <input_file_ref idref="fl-95"/>
      </object_component>
      <object_component id="oc-116">
         <name>.text:_finddevice</name>
         <load_address>0x408980</load_address>
         <run_address>0x408980</run_address>
         <size>0xa0</size>
         <input_file_ref idref="fl-84"/>
      </object_component>
      <object_component id="oc-108">
         <name>.text:_tabinit</name>
         <load_address>0x408a20</load_address>
         <run_address>0x408a20</run_address>
         <size>0xa0</size>
         <input_file_ref idref="fl-84"/>
      </object_component>
      <object_component id="oc-d8">
         <name>.text:___TI_cpp_init</name>
         <load_address>0x408ac0</load_address>
         <run_address>0x408ac0</run_address>
         <size>0x80</size>
         <input_file_ref idref="fl-94"/>
      </object_component>
      <object_component id="oc-122">
         <name>.text:__fltlid</name>
         <load_address>0x408b40</load_address>
         <run_address>0x408b40</run_address>
         <size>0x80</size>
         <input_file_ref idref="fl-9c"/>
      </object_component>
      <object_component id="oc-12d">
         <name>.text:__llshl</name>
         <load_address>0x408bc0</load_address>
         <run_address>0x408bc0</run_address>
         <size>0x80</size>
         <input_file_ref idref="fl-a4"/>
      </object_component>
      <object_component id="oc-11f">
         <name>.text:__mpyll</name>
         <load_address>0x408c40</load_address>
         <run_address>0x408c40</run_address>
         <size>0x80</size>
         <input_file_ref idref="fl-a8"/>
      </object_component>
      <object_component id="oc-e4">
         <name>.text:_fclose</name>
         <load_address>0x408cc0</load_address>
         <run_address>0x408cc0</run_address>
         <size>0x80</size>
         <input_file_ref idref="fl-7f"/>
      </object_component>
      <object_component id="oc-e1">
         <name>.text:_fopen</name>
         <load_address>0x408d40</load_address>
         <run_address>0x408d40</run_address>
         <size>0x80</size>
         <input_file_ref idref="fl-81"/>
      </object_component>
      <object_component id="oc-106">
         <name>.text:_memccpy</name>
         <load_address>0x408dc0</load_address>
         <run_address>0x408dc0</run_address>
         <size>0x80</size>
         <input_file_ref idref="fl-a6"/>
      </object_component>
      <object_component id="oc-dc">
         <name>.text:_readmsg</name>
         <load_address>0x408e40</load_address>
         <run_address>0x408e40</run_address>
         <size>0x80</size>
         <input_file_ref idref="fl-8b"/>
      </object_component>
      <object_component id="oc-10a">
         <name>.text:_unlink</name>
         <load_address>0x408ec0</load_address>
         <run_address>0x408ec0</run_address>
         <size>0x80</size>
         <input_file_ref idref="fl-84"/>
      </object_component>
      <object_component id="oc-12f">
         <name>.text:__llshru</name>
         <load_address>0x408f40</load_address>
         <run_address>0x408f40</run_address>
         <size>0x60</size>
         <input_file_ref idref="fl-a4"/>
      </object_component>
      <object_component id="oc-12a">
         <name>.text:__remli</name>
         <load_address>0x408fa0</load_address>
         <run_address>0x408fa0</run_address>
         <size>0x60</size>
         <input_file_ref idref="fl-a1"/>
      </object_component>
      <object_component id="oc-12e">
         <name>.text:__subcull</name>
         <load_address>0x409000</load_address>
         <run_address>0x409000</run_address>
         <size>0x60</size>
         <input_file_ref idref="fl-a2"/>
      </object_component>
      <object_component id="oc-17">
         <name>.text:_c_int00</name>
         <load_address>0x409060</load_address>
         <run_address>0x409060</run_address>
         <size>0x60</size>
         <input_file_ref idref="fl-7d"/>
      </object_component>
      <object_component id="oc-db">
         <name>.text:_writemsg</name>
         <load_address>0x4090c0</load_address>
         <run_address>0x4090c0</run_address>
         <size>0x60</size>
         <input_file_ref idref="fl-8b"/>
      </object_component>
      <object_component id="oc-10d">
         <name>.text:___isinf</name>
         <load_address>0x409120</load_address>
         <run_address>0x409120</run_address>
         <size>0x40</size>
         <input_file_ref idref="fl-a3"/>
      </object_component>
      <object_component id="oc-10c">
         <name>.text:___isnan</name>
         <load_address>0x409160</load_address>
         <run_address>0x409160</run_address>
         <size>0x40</size>
         <input_file_ref idref="fl-8f"/>
      </object_component>
      <object_component id="oc-cc">
         <name>.text:__args_main</name>
         <load_address>0x4091a0</load_address>
         <run_address>0x4091a0</run_address>
         <size>0x40</size>
         <input_file_ref idref="fl-90"/>
      </object_component>
      <object_component id="oc-10f">
         <name>.text:__negd</name>
         <load_address>0x4091e0</load_address>
         <run_address>0x4091e0</run_address>
         <size>0x40</size>
         <input_file_ref idref="fl-a9"/>
      </object_component>
      <object_component id="oc-123">
         <name>.text:__subd</name>
         <load_address>0x409220</load_address>
         <run_address>0x409220</run_address>
         <size>0x40</size>
         <input_file_ref idref="fl-ac"/>
      </object_component>
      <object_component id="oc-114">
         <name>.text:__negll</name>
         <load_address>0x409260</load_address>
         <run_address>0x409260</run_address>
         <size>0x20</size>
         <input_file_ref idref="fl-aa"/>
      </object_component>
      <object_component id="oc-d5">
         <name>.text:__nop</name>
         <load_address>0x409280</load_address>
         <run_address>0x409280</run_address>
         <size>0x20</size>
         <input_file_ref idref="fl-8e"/>
      </object_component>
      <object_component id="oc-e7">
         <name>.text:__outc</name>
         <load_address>0x4092a0</load_address>
         <run_address>0x4092a0</run_address>
         <size>0x20</size>
         <input_file_ref idref="fl-88"/>
      </object_component>
      <object_component id="oc-e5">
         <name>.text:__outs</name>
         <load_address>0x4092c0</load_address>
         <run_address>0x4092c0</run_address>
         <size>0x20</size>
         <input_file_ref idref="fl-88"/>
      </object_component>
      <object_component id="oc-da">
         <name>.text:_abort</name>
         <load_address>0x4092e0</load_address>
         <run_address>0x4092e0</run_address>
         <size>0x20</size>
         <input_file_ref idref="fl-7e"/>
      </object_component>
      <object_component id="oc-102">
         <name>.text:_remove</name>
         <load_address>0x409300</load_address>
         <run_address>0x409300</run_address>
         <size>0x20</size>
         <input_file_ref idref="fl-89"/>
      </object_component>
      <object_component id="oc-1d">
         <name>.stack</name>
         <uninitialized>true</uninitialized>
         <run_address>0x0</run_address>
         <size>0x8</size>
         <input_file_ref idref="fl-7d"/>
      </object_component>
      <object_component id="oc-14e">
         <name>.stack</name>
         <uninitialized>true</uninitialized>
         <run_address>0x0</run_address>
         <size>0x0</size>
      </object_component>
      <object_component id="oc-52">
         <name>.cio</name>
         <uninitialized>true</uninitialized>
         <run_address>0x409a48</run_address>
         <size>0x120</size>
         <input_file_ref idref="fl-8b"/>
      </object_component>
      <object_component id="oc-10b">
         <name>.const:.string:__ctypes_</name>
         <load_address>0x409788</load_address>
         <run_address>0x409788</run_address>
         <size>0x101</size>
         <input_file_ref idref="fl-96"/>
      </object_component>
      <object_component id="oc-61">
         <name>.const:.string</name>
         <load_address>0x409889</load_address>
         <run_address>0x409889</run_address>
         <size>0x23</size>
         <input_file_ref idref="fl-8f"/>
      </object_component>
      <object_component id="oc-19">
         <name>.const:.string</name>
         <load_address>0x4098ac</load_address>
         <run_address>0x4098ac</run_address>
         <size>0x1b</size>
         <input_file_ref idref="fl-2"/>
      </object_component>
      <object_component id="oc-e3">
         <name>.const:.string:_oFileName</name>
         <load_address>0x4098c8</load_address>
         <run_address>0x4098c8</run_address>
         <size>0xb</size>
         <input_file_ref idref="fl-2"/>
      </object_component>
      <object_component id="oc-8f">
         <name>.const:.string</name>
         <load_address>0x4098d3</load_address>
         <run_address>0x4098d3</run_address>
         <size>0x2</size>
         <input_file_ref idref="fl-9e"/>
      </object_component>
      <object_component id="oc-e2">
         <name>.const:.string:_iFileName</name>
         <load_address>0x4098d8</load_address>
         <run_address>0x4098d8</run_address>
         <size>0x9</size>
         <input_file_ref idref="fl-2"/>
      </object_component>
      <object_component id="oc-126">
         <name>.const:.string:_initial_approx$1</name>
         <load_address>0x4098e8</load_address>
         <run_address>0x4098e8</run_address>
         <size>0x8</size>
         <input_file_ref idref="fl-98"/>
      </object_component>
      <object_component id="oc-41">
         <name>.sysmem</name>
         <uninitialized>true</uninitialized>
         <run_address>0x200000</run_address>
         <size>0x8</size>
         <input_file_ref idref="fl-86"/>
      </object_component>
      <object_component id="oc-14f">
         <name>.sysmem</name>
         <uninitialized>true</uninitialized>
         <run_address>0x200000</run_address>
         <size>0x0</size>
      </object_component>
      <object_component id="oc-22">
         <name>.far</name>
         <uninitialized>true</uninitialized>
         <run_address>0x409764</run_address>
         <size>0xc</size>
         <input_file_ref idref="fl-7e"/>
      </object_component>
      <object_component id="oc-2d">
         <name>.far</name>
         <uninitialized>true</uninitialized>
         <run_address>0x409644</run_address>
         <size>0x4</size>
         <input_file_ref idref="fl-81"/>
      </object_component>
      <object_component id="oc-38">
         <name>.far</name>
         <uninitialized>true</uninitialized>
         <run_address>0x409648</run_address>
         <size>0x11c</size>
         <input_file_ref idref="fl-84"/>
      </object_component>
      <object_component id="oc-40">
         <name>.far</name>
         <uninitialized>true</uninitialized>
         <run_address>0x409778</run_address>
         <size>0x8</size>
         <input_file_ref idref="fl-86"/>
      </object_component>
      <object_component id="oc-4e">
         <name>.far</name>
         <uninitialized>true</uninitialized>
         <run_address>0x409780</run_address>
         <size>0x8</size>
         <input_file_ref idref="fl-8a"/>
      </object_component>
      <object_component id="oc-5d">
         <name>.far</name>
         <uninitialized>true</uninitialized>
         <run_address>0x409770</run_address>
         <size>0x8</size>
         <input_file_ref idref="fl-8e"/>
      </object_component>
      <object_component id="oc-7a">
         <name>.far</name>
         <uninitialized>true</uninitialized>
         <run_address>0x409320</run_address>
         <size>0x324</size>
         <input_file_ref idref="fl-97"/>
      </object_component>
      <object_component id="oc-79">
         <name>.cinit</name>
         <load_address>0x4098f0</load_address>
         <run_address>0x4098f0</run_address>
         <size>0x5c</size>
         <input_file_ref idref="fl-97"/>
      </object_component>
      <object_component id="oc-37">
         <name>.cinit</name>
         <load_address>0x409950</load_address>
         <run_address>0x409950</run_address>
         <size>0x5c</size>
         <input_file_ref idref="fl-84"/>
      </object_component>
      <object_component id="oc-21">
         <name>.cinit</name>
         <load_address>0x4099b0</load_address>
         <run_address>0x4099b0</run_address>
         <size>0x2c</size>
         <input_file_ref idref="fl-7e"/>
      </object_component>
      <object_component id="oc-3f">
         <name>.cinit</name>
         <load_address>0x4099e0</load_address>
         <run_address>0x4099e0</run_address>
         <size>0x2c</size>
         <input_file_ref idref="fl-86"/>
      </object_component>
      <object_component id="oc-5c">
         <name>.cinit</name>
         <load_address>0x409a10</load_address>
         <run_address>0x409a10</run_address>
         <size>0x1c</size>
         <input_file_ref idref="fl-8e"/>
      </object_component>
      <object_component id="oc-2c">
         <name>.cinit</name>
         <load_address>0x409a30</load_address>
         <run_address>0x409a30</run_address>
         <size>0xc</size>
         <input_file_ref idref="fl-81"/>
      </object_component>
      <object_component id="oc-18">
         <name>.debug_info</name>
         <load_address>0x0</load_address>
         <run_address>0x0</run_address>
         <size>0xf94</size>
         <input_file_ref idref="fl-2"/>
      </object_component>
      <object_component id="oc-1c">
         <name>.debug_info</name>
         <load_address>0xf94</load_address>
         <run_address>0xf94</run_address>
         <size>0x6f5</size>
         <input_file_ref idref="fl-7d"/>
      </object_component>
      <object_component id="oc-20">
         <name>.debug_info</name>
         <load_address>0x1689</load_address>
         <run_address>0x1689</run_address>
         <size>0x7c2</size>
         <input_file_ref idref="fl-7e"/>
      </object_component>
      <object_component id="oc-25">
         <name>.debug_info</name>
         <load_address>0x1e4b</load_address>
         <run_address>0x1e4b</run_address>
         <size>0x86a</size>
         <input_file_ref idref="fl-7f"/>
      </object_component>
      <object_component id="oc-28">
         <name>.debug_info</name>
         <load_address>0x26b5</load_address>
         <run_address>0x26b5</run_address>
         <size>0x76b</size>
         <input_file_ref idref="fl-80"/>
      </object_component>
      <object_component id="oc-2b">
         <name>.debug_info</name>
         <load_address>0x2e20</load_address>
         <run_address>0x2e20</run_address>
         <size>0xa95</size>
         <input_file_ref idref="fl-81"/>
      </object_component>
      <object_component id="oc-30">
         <name>.debug_info</name>
         <load_address>0x38b5</load_address>
         <run_address>0x38b5</run_address>
         <size>0x931</size>
         <input_file_ref idref="fl-82"/>
      </object_component>
      <object_component id="oc-33">
         <name>.debug_info</name>
         <load_address>0x41e6</load_address>
         <run_address>0x41e6</run_address>
         <size>0xac9</size>
         <input_file_ref idref="fl-83"/>
      </object_component>
      <object_component id="oc-36">
         <name>.debug_info</name>
         <load_address>0x4caf</load_address>
         <run_address>0x4caf</run_address>
         <size>0x10c7</size>
         <input_file_ref idref="fl-84"/>
      </object_component>
      <object_component id="oc-3b">
         <name>.debug_info</name>
         <load_address>0x5d76</load_address>
         <run_address>0x5d76</run_address>
         <size>0xcb</size>
         <input_file_ref idref="fl-85"/>
      </object_component>
      <object_component id="oc-3e">
         <name>.debug_info</name>
         <load_address>0x5e41</load_address>
         <run_address>0x5e41</run_address>
         <size>0xb8d</size>
         <input_file_ref idref="fl-86"/>
      </object_component>
      <object_component id="oc-44">
         <name>.debug_info</name>
         <load_address>0x69ce</load_address>
         <run_address>0x69ce</run_address>
         <size>0x7a0</size>
         <input_file_ref idref="fl-87"/>
      </object_component>
      <object_component id="oc-47">
         <name>.debug_info</name>
         <load_address>0x716e</load_address>
         <run_address>0x716e</run_address>
         <size>0x8ec</size>
         <input_file_ref idref="fl-88"/>
      </object_component>
      <object_component id="oc-4a">
         <name>.debug_info</name>
         <load_address>0x7a5a</load_address>
         <run_address>0x7a5a</run_address>
         <size>0x64e</size>
         <input_file_ref idref="fl-89"/>
      </object_component>
      <object_component id="oc-4d">
         <name>.debug_info</name>
         <load_address>0x80a8</load_address>
         <run_address>0x80a8</run_address>
         <size>0xdc6</size>
         <input_file_ref idref="fl-8a"/>
      </object_component>
      <object_component id="oc-51">
         <name>.debug_info</name>
         <load_address>0x8e6e</load_address>
         <run_address>0x8e6e</run_address>
         <size>0x853</size>
         <input_file_ref idref="fl-8b"/>
      </object_component>
      <object_component id="oc-55">
         <name>.debug_info</name>
         <load_address>0x96c1</load_address>
         <run_address>0x96c1</run_address>
         <size>0x7d0</size>
         <input_file_ref idref="fl-8c"/>
      </object_component>
      <object_component id="oc-58">
         <name>.debug_info</name>
         <load_address>0x9e91</load_address>
         <run_address>0x9e91</run_address>
         <size>0x7b7</size>
         <input_file_ref idref="fl-8d"/>
      </object_component>
      <object_component id="oc-5b">
         <name>.debug_info</name>
         <load_address>0xa648</load_address>
         <run_address>0xa648</run_address>
         <size>0x636</size>
         <input_file_ref idref="fl-8e"/>
      </object_component>
      <object_component id="oc-60">
         <name>.debug_info</name>
         <load_address>0xac7e</load_address>
         <run_address>0xac7e</run_address>
         <size>0x292c</size>
         <input_file_ref idref="fl-8f"/>
      </object_component>
      <object_component id="oc-64">
         <name>.debug_info</name>
         <load_address>0xd5aa</load_address>
         <run_address>0xd5aa</run_address>
         <size>0x6cb</size>
         <input_file_ref idref="fl-90"/>
      </object_component>
      <object_component id="oc-67">
         <name>.debug_info</name>
         <load_address>0xdc75</load_address>
         <run_address>0xdc75</run_address>
         <size>0x6d8</size>
         <input_file_ref idref="fl-91"/>
      </object_component>
      <object_component id="oc-6a">
         <name>.debug_info</name>
         <load_address>0xe34d</load_address>
         <run_address>0xe34d</run_address>
         <size>0x841</size>
         <input_file_ref idref="fl-92"/>
      </object_component>
      <object_component id="oc-6d">
         <name>.debug_info</name>
         <load_address>0xeb8e</load_address>
         <run_address>0xeb8e</run_address>
         <size>0x68f</size>
         <input_file_ref idref="fl-93"/>
      </object_component>
      <object_component id="oc-70">
         <name>.debug_info</name>
         <load_address>0xf21d</load_address>
         <run_address>0xf21d</run_address>
         <size>0x6b9</size>
         <input_file_ref idref="fl-94"/>
      </object_component>
      <object_component id="oc-73">
         <name>.debug_info</name>
         <load_address>0xf8d6</load_address>
         <run_address>0xf8d6</run_address>
         <size>0x7af</size>
         <input_file_ref idref="fl-95"/>
      </object_component>
      <object_component id="oc-76">
         <name>.debug_info</name>
         <load_address>0x10085</load_address>
         <run_address>0x10085</run_address>
         <size>0x5e4</size>
         <input_file_ref idref="fl-96"/>
      </object_component>
      <object_component id="oc-78">
         <name>.debug_info</name>
         <load_address>0x10669</load_address>
         <run_address>0x10669</run_address>
         <size>0x6d1</size>
         <input_file_ref idref="fl-97"/>
      </object_component>
      <object_component id="oc-7c">
         <name>.debug_info</name>
         <load_address>0x10d3a</load_address>
         <run_address>0x10d3a</run_address>
         <size>0x993</size>
         <input_file_ref idref="fl-98"/>
      </object_component>
      <object_component id="oc-7f">
         <name>.debug_info</name>
         <load_address>0x116cd</load_address>
         <run_address>0x116cd</run_address>
         <size>0xbc</size>
         <input_file_ref idref="fl-99"/>
      </object_component>
      <object_component id="oc-82">
         <name>.debug_info</name>
         <load_address>0x11789</load_address>
         <run_address>0x11789</run_address>
         <size>0x67e</size>
         <input_file_ref idref="fl-9a"/>
      </object_component>
      <object_component id="oc-85">
         <name>.debug_info</name>
         <load_address>0x11e07</load_address>
         <run_address>0x11e07</run_address>
         <size>0x681</size>
         <input_file_ref idref="fl-9b"/>
      </object_component>
      <object_component id="oc-88">
         <name>.debug_info</name>
         <load_address>0x12488</load_address>
         <run_address>0x12488</run_address>
         <size>0x69a</size>
         <input_file_ref idref="fl-9c"/>
      </object_component>
      <object_component id="oc-8b">
         <name>.debug_info</name>
         <load_address>0x12b22</load_address>
         <run_address>0x12b22</run_address>
         <size>0x814</size>
         <input_file_ref idref="fl-9d"/>
      </object_component>
      <object_component id="oc-8e">
         <name>.debug_info</name>
         <load_address>0x13336</load_address>
         <run_address>0x13336</run_address>
         <size>0xab3</size>
         <input_file_ref idref="fl-9e"/>
      </object_component>
      <object_component id="oc-92">
         <name>.debug_info</name>
         <load_address>0x13de9</load_address>
         <run_address>0x13de9</run_address>
         <size>0x68e</size>
         <input_file_ref idref="fl-9f"/>
      </object_component>
      <object_component id="oc-95">
         <name>.debug_info</name>
         <load_address>0x14477</load_address>
         <run_address>0x14477</run_address>
         <size>0x7a3</size>
         <input_file_ref idref="fl-a0"/>
      </object_component>
      <object_component id="oc-98">
         <name>.debug_info</name>
         <load_address>0x14c1a</load_address>
         <run_address>0x14c1a</run_address>
         <size>0x78d</size>
         <input_file_ref idref="fl-a1"/>
      </object_component>
      <object_component id="oc-9b">
         <name>.debug_info</name>
         <load_address>0x153a7</load_address>
         <run_address>0x153a7</run_address>
         <size>0x788</size>
         <input_file_ref idref="fl-a2"/>
      </object_component>
      <object_component id="oc-9e">
         <name>.debug_info</name>
         <load_address>0x15b2f</load_address>
         <run_address>0x15b2f</run_address>
         <size>0x800</size>
         <input_file_ref idref="fl-a3"/>
      </object_component>
      <object_component id="oc-a1">
         <name>.debug_info</name>
         <load_address>0x1632f</load_address>
         <run_address>0x1632f</run_address>
         <size>0x6eb</size>
         <input_file_ref idref="fl-a4"/>
      </object_component>
      <object_component id="oc-a4">
         <name>.debug_info</name>
         <load_address>0x16a1a</load_address>
         <run_address>0x16a1a</run_address>
         <size>0x719</size>
         <input_file_ref idref="fl-a5"/>
      </object_component>
      <object_component id="oc-a7">
         <name>.debug_info</name>
         <load_address>0x17133</load_address>
         <run_address>0x17133</run_address>
         <size>0x6bc</size>
         <input_file_ref idref="fl-a6"/>
      </object_component>
      <object_component id="oc-aa">
         <name>.debug_info</name>
         <load_address>0x177ef</load_address>
         <run_address>0x177ef</run_address>
         <size>0x6cf</size>
         <input_file_ref idref="fl-a7"/>
      </object_component>
      <object_component id="oc-ad">
         <name>.debug_info</name>
         <load_address>0x17ebe</load_address>
         <run_address>0x17ebe</run_address>
         <size>0x6a1</size>
         <input_file_ref idref="fl-a8"/>
      </object_component>
      <object_component id="oc-b0">
         <name>.debug_info</name>
         <load_address>0x1855f</load_address>
         <run_address>0x1855f</run_address>
         <size>0x607</size>
         <input_file_ref idref="fl-a9"/>
      </object_component>
      <object_component id="oc-b3">
         <name>.debug_info</name>
         <load_address>0x18b66</load_address>
         <run_address>0x18b66</run_address>
         <size>0x602</size>
         <input_file_ref idref="fl-aa"/>
      </object_component>
      <object_component id="oc-b6">
         <name>.debug_info</name>
         <load_address>0x19168</load_address>
         <run_address>0x19168</run_address>
         <size>0x7f6</size>
         <input_file_ref idref="fl-ab"/>
      </object_component>
      <object_component id="oc-b9">
         <name>.debug_info</name>
         <load_address>0x1995e</load_address>
         <run_address>0x1995e</run_address>
         <size>0x62e</size>
         <input_file_ref idref="fl-ac"/>
      </object_component>
      <object_component id="oc-bc">
         <name>.debug_info</name>
         <load_address>0x19f8c</load_address>
         <run_address>0x19f8c</run_address>
         <size>0x5b6</size>
         <input_file_ref idref="fl-ad"/>
      </object_component>
      <object_component id="oc-bf">
         <name>.debug_info</name>
         <load_address>0x1a542</load_address>
         <run_address>0x1a542</run_address>
         <size>0x6d4</size>
         <input_file_ref idref="fl-ae"/>
      </object_component>
      <object_component id="oc-c2">
         <name>.debug_info</name>
         <load_address>0x1ac16</load_address>
         <run_address>0x1ac16</run_address>
         <size>0x6e0</size>
         <input_file_ref idref="fl-af"/>
      </object_component>
      <object_component id="oc-c5">
         <name>.debug_info</name>
         <load_address>0x1b2f6</load_address>
         <run_address>0x1b2f6</run_address>
         <size>0x71c</size>
         <input_file_ref idref="fl-b0"/>
      </object_component>
      <object_component id="oc-c8">
         <name>.debug_info</name>
         <load_address>0x1ba12</load_address>
         <run_address>0x1ba12</run_address>
         <size>0x6f8</size>
         <input_file_ref idref="fl-b1"/>
      </object_component>
      <object_component id="oc-191">
         <name>.debug_info</name>
         <load_address>0x1c10a</load_address>
         <run_address>0x1c10a</run_address>
         <size>0x6d</size>
      </object_component>
      <object_component id="oc-1a">
         <name>.debug_line</name>
         <load_address>0x0</load_address>
         <run_address>0x0</run_address>
         <size>0xd0</size>
         <input_file_ref idref="fl-2"/>
      </object_component>
      <object_component id="oc-1e">
         <name>.debug_line</name>
         <load_address>0xd0</load_address>
         <run_address>0xd0</run_address>
         <size>0x3d</size>
         <input_file_ref idref="fl-7d"/>
      </object_component>
      <object_component id="oc-23">
         <name>.debug_line</name>
         <load_address>0x10d</load_address>
         <run_address>0x10d</run_address>
         <size>0x4f</size>
         <input_file_ref idref="fl-7e"/>
      </object_component>
      <object_component id="oc-26">
         <name>.debug_line</name>
         <load_address>0x15c</load_address>
         <run_address>0x15c</run_address>
         <size>0x53</size>
         <input_file_ref idref="fl-7f"/>
      </object_component>
      <object_component id="oc-29">
         <name>.debug_line</name>
         <load_address>0x1af</load_address>
         <run_address>0x1af</run_address>
         <size>0x3e</size>
         <input_file_ref idref="fl-80"/>
      </object_component>
      <object_component id="oc-2e">
         <name>.debug_line</name>
         <load_address>0x1ed</load_address>
         <run_address>0x1ed</run_address>
         <size>0x91</size>
         <input_file_ref idref="fl-81"/>
      </object_component>
      <object_component id="oc-31">
         <name>.debug_line</name>
         <load_address>0x27e</load_address>
         <run_address>0x27e</run_address>
         <size>0x4e</size>
         <input_file_ref idref="fl-82"/>
      </object_component>
      <object_component id="oc-34">
         <name>.debug_line</name>
         <load_address>0x2cc</load_address>
         <run_address>0x2cc</run_address>
         <size>0x93</size>
         <input_file_ref idref="fl-83"/>
      </object_component>
      <object_component id="oc-39">
         <name>.debug_line</name>
         <load_address>0x35f</load_address>
         <run_address>0x35f</run_address>
         <size>0x145</size>
         <input_file_ref idref="fl-84"/>
      </object_component>
      <object_component id="oc-3c">
         <name>.debug_line</name>
         <load_address>0x4a4</load_address>
         <run_address>0x4a4</run_address>
         <size>0x4f</size>
         <input_file_ref idref="fl-85"/>
      </object_component>
      <object_component id="oc-42">
         <name>.debug_line</name>
         <load_address>0x4f3</load_address>
         <run_address>0x4f3</run_address>
         <size>0xc4</size>
         <input_file_ref idref="fl-86"/>
      </object_component>
      <object_component id="oc-45">
         <name>.debug_line</name>
         <load_address>0x5b7</load_address>
         <run_address>0x5b7</run_address>
         <size>0x46</size>
         <input_file_ref idref="fl-87"/>
      </object_component>
      <object_component id="oc-48">
         <name>.debug_line</name>
         <load_address>0x5fd</load_address>
         <run_address>0x5fd</run_address>
         <size>0x6a</size>
         <input_file_ref idref="fl-88"/>
      </object_component>
      <object_component id="oc-4b">
         <name>.debug_line</name>
         <load_address>0x667</load_address>
         <run_address>0x667</run_address>
         <size>0x39</size>
         <input_file_ref idref="fl-89"/>
      </object_component>
      <object_component id="oc-4f">
         <name>.debug_line</name>
         <load_address>0x6a0</load_address>
         <run_address>0x6a0</run_address>
         <size>0x122</size>
         <input_file_ref idref="fl-8a"/>
      </object_component>
      <object_component id="oc-53">
         <name>.debug_line</name>
         <load_address>0x7c2</load_address>
         <run_address>0x7c2</run_address>
         <size>0x60</size>
         <input_file_ref idref="fl-8b"/>
      </object_component>
      <object_component id="oc-56">
         <name>.debug_line</name>
         <load_address>0x822</load_address>
         <run_address>0x822</run_address>
         <size>0x4a</size>
         <input_file_ref idref="fl-8c"/>
      </object_component>
      <object_component id="oc-59">
         <name>.debug_line</name>
         <load_address>0x86c</load_address>
         <run_address>0x86c</run_address>
         <size>0x57</size>
         <input_file_ref idref="fl-8d"/>
      </object_component>
      <object_component id="oc-5e">
         <name>.debug_line</name>
         <load_address>0x8c3</load_address>
         <run_address>0x8c3</run_address>
         <size>0x35</size>
         <input_file_ref idref="fl-8e"/>
      </object_component>
      <object_component id="oc-62">
         <name>.debug_line</name>
         <load_address>0x8f8</load_address>
         <run_address>0x8f8</run_address>
         <size>0x315</size>
         <input_file_ref idref="fl-8f"/>
      </object_component>
      <object_component id="oc-65">
         <name>.debug_line</name>
         <load_address>0xc0d</load_address>
         <run_address>0xc0d</run_address>
         <size>0x41</size>
         <input_file_ref idref="fl-90"/>
      </object_component>
      <object_component id="oc-68">
         <name>.debug_line</name>
         <load_address>0xc4e</load_address>
         <run_address>0xc4e</run_address>
         <size>0x3f</size>
         <input_file_ref idref="fl-91"/>
      </object_component>
      <object_component id="oc-6b">
         <name>.debug_line</name>
         <load_address>0xc8d</load_address>
         <run_address>0xc8d</run_address>
         <size>0x47</size>
         <input_file_ref idref="fl-92"/>
      </object_component>
      <object_component id="oc-6e">
         <name>.debug_line</name>
         <load_address>0xcd4</load_address>
         <run_address>0xcd4</run_address>
         <size>0x37</size>
         <input_file_ref idref="fl-93"/>
      </object_component>
      <object_component id="oc-71">
         <name>.debug_line</name>
         <load_address>0xd0b</load_address>
         <run_address>0xd0b</run_address>
         <size>0x45</size>
         <input_file_ref idref="fl-94"/>
      </object_component>
      <object_component id="oc-74">
         <name>.debug_line</name>
         <load_address>0xd50</load_address>
         <run_address>0xd50</run_address>
         <size>0x44</size>
         <input_file_ref idref="fl-95"/>
      </object_component>
      <object_component id="oc-7d">
         <name>.debug_line</name>
         <load_address>0xd94</load_address>
         <run_address>0xd94</run_address>
         <size>0x5a</size>
         <input_file_ref idref="fl-98"/>
      </object_component>
      <object_component id="oc-80">
         <name>.debug_line</name>
         <load_address>0xdee</load_address>
         <run_address>0xdee</run_address>
         <size>0x44</size>
         <input_file_ref idref="fl-99"/>
      </object_component>
      <object_component id="oc-83">
         <name>.debug_line</name>
         <load_address>0xe32</load_address>
         <run_address>0xe32</run_address>
         <size>0x3d</size>
         <input_file_ref idref="fl-9a"/>
      </object_component>
      <object_component id="oc-86">
         <name>.debug_line</name>
         <load_address>0xe6f</load_address>
         <run_address>0xe6f</run_address>
         <size>0x3d</size>
         <input_file_ref idref="fl-9b"/>
      </object_component>
      <object_component id="oc-89">
         <name>.debug_line</name>
         <load_address>0xeac</load_address>
         <run_address>0xeac</run_address>
         <size>0x3d</size>
         <input_file_ref idref="fl-9c"/>
      </object_component>
      <object_component id="oc-8c">
         <name>.debug_line</name>
         <load_address>0xee9</load_address>
         <run_address>0xee9</run_address>
         <size>0x3f</size>
         <input_file_ref idref="fl-9d"/>
      </object_component>
      <object_component id="oc-90">
         <name>.debug_line</name>
         <load_address>0xf28</load_address>
         <run_address>0xf28</run_address>
         <size>0x92</size>
         <input_file_ref idref="fl-9e"/>
      </object_component>
      <object_component id="oc-93">
         <name>.debug_line</name>
         <load_address>0xfba</load_address>
         <run_address>0xfba</run_address>
         <size>0x3e</size>
         <input_file_ref idref="fl-9f"/>
      </object_component>
      <object_component id="oc-96">
         <name>.debug_line</name>
         <load_address>0xff8</load_address>
         <run_address>0xff8</run_address>
         <size>0x3c</size>
         <input_file_ref idref="fl-a0"/>
      </object_component>
      <object_component id="oc-99">
         <name>.debug_line</name>
         <load_address>0x1034</load_address>
         <run_address>0x1034</run_address>
         <size>0x73</size>
         <input_file_ref idref="fl-a1"/>
      </object_component>
      <object_component id="oc-9c">
         <name>.debug_line</name>
         <load_address>0x10a7</load_address>
         <run_address>0x10a7</run_address>
         <size>0x5e</size>
         <input_file_ref idref="fl-a2"/>
      </object_component>
      <object_component id="oc-9f">
         <name>.debug_line</name>
         <load_address>0x1105</load_address>
         <run_address>0x1105</run_address>
         <size>0x38</size>
         <input_file_ref idref="fl-a3"/>
      </object_component>
      <object_component id="oc-a2">
         <name>.debug_line</name>
         <load_address>0x113d</load_address>
         <run_address>0x113d</run_address>
         <size>0x56</size>
         <input_file_ref idref="fl-a4"/>
      </object_component>
      <object_component id="oc-a5">
         <name>.debug_line</name>
         <load_address>0x1193</load_address>
         <run_address>0x1193</run_address>
         <size>0x40</size>
         <input_file_ref idref="fl-a5"/>
      </object_component>
      <object_component id="oc-a8">
         <name>.debug_line</name>
         <load_address>0x11d3</load_address>
         <run_address>0x11d3</run_address>
         <size>0x3f</size>
         <input_file_ref idref="fl-a6"/>
      </object_component>
      <object_component id="oc-ab">
         <name>.debug_line</name>
         <load_address>0x1212</load_address>
         <run_address>0x1212</run_address>
         <size>0x3c</size>
         <input_file_ref idref="fl-a7"/>
      </object_component>
      <object_component id="oc-ae">
         <name>.debug_line</name>
         <load_address>0x124e</load_address>
         <run_address>0x124e</run_address>
         <size>0x3d</size>
         <input_file_ref idref="fl-a8"/>
      </object_component>
      <object_component id="oc-b1">
         <name>.debug_line</name>
         <load_address>0x128b</load_address>
         <run_address>0x128b</run_address>
         <size>0x37</size>
         <input_file_ref idref="fl-a9"/>
      </object_component>
      <object_component id="oc-b4">
         <name>.debug_line</name>
         <load_address>0x12c2</load_address>
         <run_address>0x12c2</run_address>
         <size>0x37</size>
         <input_file_ref idref="fl-aa"/>
      </object_component>
      <object_component id="oc-b7">
         <name>.debug_line</name>
         <load_address>0x12f9</load_address>
         <run_address>0x12f9</run_address>
         <size>0x40</size>
         <input_file_ref idref="fl-ab"/>
      </object_component>
      <object_component id="oc-ba">
         <name>.debug_line</name>
         <load_address>0x1339</load_address>
         <run_address>0x1339</run_address>
         <size>0x37</size>
         <input_file_ref idref="fl-ac"/>
      </object_component>
      <object_component id="oc-bd">
         <name>.debug_line</name>
         <load_address>0x1370</load_address>
         <run_address>0x1370</run_address>
         <size>0x23</size>
         <input_file_ref idref="fl-ad"/>
      </object_component>
      <object_component id="oc-c0">
         <name>.debug_line</name>
         <load_address>0x1393</load_address>
         <run_address>0x1393</run_address>
         <size>0x3c</size>
         <input_file_ref idref="fl-ae"/>
      </object_component>
      <object_component id="oc-c3">
         <name>.debug_line</name>
         <load_address>0x13cf</load_address>
         <run_address>0x13cf</run_address>
         <size>0x3f</size>
         <input_file_ref idref="fl-af"/>
      </object_component>
      <object_component id="oc-c6">
         <name>.debug_line</name>
         <load_address>0x140e</load_address>
         <run_address>0x140e</run_address>
         <size>0x3a</size>
         <input_file_ref idref="fl-b0"/>
      </object_component>
      <object_component id="oc-c9">
         <name>.debug_line</name>
         <load_address>0x1448</load_address>
         <run_address>0x1448</run_address>
         <size>0x53</size>
         <input_file_ref idref="fl-b1"/>
      </object_component>
      <object_component id="oc-1b">
         <name>.debug_abbrev</name>
         <load_address>0x0</load_address>
         <run_address>0x0</run_address>
         <size>0x19b</size>
         <input_file_ref idref="fl-2"/>
      </object_component>
      <object_component id="oc-1f">
         <name>.debug_abbrev</name>
         <load_address>0x19b</load_address>
         <run_address>0x19b</run_address>
         <size>0xfe</size>
         <input_file_ref idref="fl-7d"/>
      </object_component>
      <object_component id="oc-24">
         <name>.debug_abbrev</name>
         <load_address>0x299</load_address>
         <run_address>0x299</run_address>
         <size>0x119</size>
         <input_file_ref idref="fl-7e"/>
      </object_component>
      <object_component id="oc-27">
         <name>.debug_abbrev</name>
         <load_address>0x3b2</load_address>
         <run_address>0x3b2</run_address>
         <size>0x130</size>
         <input_file_ref idref="fl-7f"/>
      </object_component>
      <object_component id="oc-2a">
         <name>.debug_abbrev</name>
         <load_address>0x4e2</load_address>
         <run_address>0x4e2</run_address>
         <size>0x12d</size>
         <input_file_ref idref="fl-80"/>
      </object_component>
      <object_component id="oc-2f">
         <name>.debug_abbrev</name>
         <load_address>0x60f</load_address>
         <run_address>0x60f</run_address>
         <size>0x1cd</size>
         <input_file_ref idref="fl-81"/>
      </object_component>
      <object_component id="oc-32">
         <name>.debug_abbrev</name>
         <load_address>0x7dc</load_address>
         <run_address>0x7dc</run_address>
         <size>0x12e</size>
         <input_file_ref idref="fl-82"/>
      </object_component>
      <object_component id="oc-35">
         <name>.debug_abbrev</name>
         <load_address>0x90a</load_address>
         <run_address>0x90a</run_address>
         <size>0x139</size>
         <input_file_ref idref="fl-83"/>
      </object_component>
      <object_component id="oc-3a">
         <name>.debug_abbrev</name>
         <load_address>0xa43</load_address>
         <run_address>0xa43</run_address>
         <size>0x215</size>
         <input_file_ref idref="fl-84"/>
      </object_component>
      <object_component id="oc-3d">
         <name>.debug_abbrev</name>
         <load_address>0xc58</load_address>
         <run_address>0xc58</run_address>
         <size>0x3a</size>
         <input_file_ref idref="fl-85"/>
      </object_component>
      <object_component id="oc-43">
         <name>.debug_abbrev</name>
         <load_address>0xc92</load_address>
         <run_address>0xc92</run_address>
         <size>0x1f8</size>
         <input_file_ref idref="fl-86"/>
      </object_component>
      <object_component id="oc-46">
         <name>.debug_abbrev</name>
         <load_address>0xe8a</load_address>
         <run_address>0xe8a</run_address>
         <size>0xd0</size>
         <input_file_ref idref="fl-87"/>
      </object_component>
      <object_component id="oc-49">
         <name>.debug_abbrev</name>
         <load_address>0xf5a</load_address>
         <run_address>0xf5a</run_address>
         <size>0x161</size>
         <input_file_ref idref="fl-88"/>
      </object_component>
      <object_component id="oc-4c">
         <name>.debug_abbrev</name>
         <load_address>0x10bb</load_address>
         <run_address>0x10bb</run_address>
         <size>0xab</size>
         <input_file_ref idref="fl-89"/>
      </object_component>
      <object_component id="oc-50">
         <name>.debug_abbrev</name>
         <load_address>0x1166</load_address>
         <run_address>0x1166</run_address>
         <size>0x180</size>
         <input_file_ref idref="fl-8a"/>
      </object_component>
      <object_component id="oc-54">
         <name>.debug_abbrev</name>
         <load_address>0x12e6</load_address>
         <run_address>0x12e6</run_address>
         <size>0xd5</size>
         <input_file_ref idref="fl-8b"/>
      </object_component>
      <object_component id="oc-57">
         <name>.debug_abbrev</name>
         <load_address>0x13bb</load_address>
         <run_address>0x13bb</run_address>
         <size>0x10e</size>
         <input_file_ref idref="fl-8c"/>
      </object_component>
      <object_component id="oc-5a">
         <name>.debug_abbrev</name>
         <load_address>0x14c9</load_address>
         <run_address>0x14c9</run_address>
         <size>0xd1</size>
         <input_file_ref idref="fl-8d"/>
      </object_component>
      <object_component id="oc-5f">
         <name>.debug_abbrev</name>
         <load_address>0x159a</load_address>
         <run_address>0x159a</run_address>
         <size>0x9f</size>
         <input_file_ref idref="fl-8e"/>
      </object_component>
      <object_component id="oc-63">
         <name>.debug_abbrev</name>
         <load_address>0x1639</load_address>
         <run_address>0x1639</run_address>
         <size>0x1d1</size>
         <input_file_ref idref="fl-8f"/>
      </object_component>
      <object_component id="oc-66">
         <name>.debug_abbrev</name>
         <load_address>0x180a</load_address>
         <run_address>0x180a</run_address>
         <size>0xe1</size>
         <input_file_ref idref="fl-90"/>
      </object_component>
      <object_component id="oc-69">
         <name>.debug_abbrev</name>
         <load_address>0x18eb</load_address>
         <run_address>0x18eb</run_address>
         <size>0xcc</size>
         <input_file_ref idref="fl-91"/>
      </object_component>
      <object_component id="oc-6c">
         <name>.debug_abbrev</name>
         <load_address>0x19b7</load_address>
         <run_address>0x19b7</run_address>
         <size>0x13f</size>
         <input_file_ref idref="fl-92"/>
      </object_component>
      <object_component id="oc-6f">
         <name>.debug_abbrev</name>
         <load_address>0x1af6</load_address>
         <run_address>0x1af6</run_address>
         <size>0xac</size>
         <input_file_ref idref="fl-93"/>
      </object_component>
      <object_component id="oc-72">
         <name>.debug_abbrev</name>
         <load_address>0x1ba2</load_address>
         <run_address>0x1ba2</run_address>
         <size>0xdd</size>
         <input_file_ref idref="fl-94"/>
      </object_component>
      <object_component id="oc-75">
         <name>.debug_abbrev</name>
         <load_address>0x1c7f</load_address>
         <run_address>0x1c7f</run_address>
         <size>0x10c</size>
         <input_file_ref idref="fl-95"/>
      </object_component>
      <object_component id="oc-77">
         <name>.debug_abbrev</name>
         <load_address>0x1d8b</load_address>
         <run_address>0x1d8b</run_address>
         <size>0x5f</size>
         <input_file_ref idref="fl-96"/>
      </object_component>
      <object_component id="oc-7b">
         <name>.debug_abbrev</name>
         <load_address>0x1dea</load_address>
         <run_address>0x1dea</run_address>
         <size>0x8e</size>
         <input_file_ref idref="fl-97"/>
      </object_component>
      <object_component id="oc-7e">
         <name>.debug_abbrev</name>
         <load_address>0x1e78</load_address>
         <run_address>0x1e78</run_address>
         <size>0x112</size>
         <input_file_ref idref="fl-98"/>
      </object_component>
      <object_component id="oc-81">
         <name>.debug_abbrev</name>
         <load_address>0x1f8a</load_address>
         <run_address>0x1f8a</run_address>
         <size>0x3a</size>
         <input_file_ref idref="fl-99"/>
      </object_component>
      <object_component id="oc-84">
         <name>.debug_abbrev</name>
         <load_address>0x1fc4</load_address>
         <run_address>0x1fc4</run_address>
         <size>0xac</size>
         <input_file_ref idref="fl-9a"/>
      </object_component>
      <object_component id="oc-87">
         <name>.debug_abbrev</name>
         <load_address>0x2070</load_address>
         <run_address>0x2070</run_address>
         <size>0xac</size>
         <input_file_ref idref="fl-9b"/>
      </object_component>
      <object_component id="oc-8a">
         <name>.debug_abbrev</name>
         <load_address>0x211c</load_address>
         <run_address>0x211c</run_address>
         <size>0xc3</size>
         <input_file_ref idref="fl-9c"/>
      </object_component>
      <object_component id="oc-8d">
[...]
            </allocated_space>
            <allocated_space>
               <start_address>0x409788</start_address>
               <size>0x168</size>
               <logical_group_ref idref="lg-6"/>
            </allocated_space>
            <allocated_space>
               <start_address>0x4098f0</start_address>
               <size>0x154</size>
               <logical_group_ref idref="lg-f"/>
            </allocated_space>
            <available_space>
               <start_address>0x409a44</start_address>
               <size>0x4</size>
            </available_space>
            <allocated_space>
               <start_address>0x409a48</start_address>
               <size>0x120</size>
               <logical_group_ref idref="lg-5"/>
            </allocated_space>
            <available_space>
               <start_address>0x409b68</start_address>
               <size>0x7bf6498</size>
            </available_space>
         </usage_details>
      </memory_area>
      <memory_area>
         <name>EMIFA_CS0</name>
         <page_id>0x0</page_id>
         <origin>0x80000000</origin>
         <length>0x10000000</length>
         <used_space>0x0</used_space>
         <unused_space>0x10000000</unused_space>
         <attributes>RWIX</attributes>
         <usage_details>
         </usage_details>
      </memory_area>
      <memory_area>
         <name>EMIFA_CS1</name>
         <page_id>0x0</page_id>
         <origin>0x90000000</origin>
         <length>0x10000000</length>
         <used_space>0x0</used_space>
         <unused_space>0x10000000</unused_space>
         <attributes>RWIX</attributes>
         <usage_details>
         </usage_details>
      </memory_area>
      <memory_area>
         <name>EMIFA_CS2</name>
         <page_id>0x0</page_id>
         <origin>0xa0000000</origin>
         <length>0x10000000</length>
         <used_space>0x0</used_space>
         <unused_space>0x10000000</unused_space>
         <attributes>RWIX</attributes>
         <usage_details>
         </usage_details>
      </memory_area>
      <memory_area>
         <name>EMIFA_CS3</name>
         <page_id>0x0</page_id>
         <origin>0xb0000000</origin>
         <length>0x10000000</length>
         <used_space>0x0</used_space>
         <unused_space>0x10000000</unused_space>
         <attributes>RWIX</attributes>
         <usage_details>
         </usage_details>
      </memory_area>
   </placement_map>
   <symbol_table>
      <symbol id="sm-0">
         <name>cinit</name>
         <value>0x4098f0</value>
      </symbol>
      <symbol id="sm-1">
         <name>___cinit__</name>
         <value>0x4098f0</value>
      </symbol>
      <symbol id="sm-2">
         <name>pinit</name>
         <value>0xffffffff</value>
      </symbol>
      <symbol id="sm-3">
         <name>___pinit__</name>
         <value>0xffffffff</value>
      </symbol>
      <symbol id="sm-4">
         <name>binit</name>
         <value>0xffffffff</value>
      </symbol>
      <symbol id="sm-5">
         <name>___binit__</name>
         <value>0xffffffff</value>
      </symbol>
      <symbol id="sm-6">
         <name>__STACK_SIZE</name>
         <value>0x200000</value>
      </symbol>
      <symbol id="sm-7">
         <name>__STACK_END</name>
         <value>0x200000</value>
      </symbol>
      <symbol id="sm-8">
         <name>__SYSMEM_SIZE</name>
         <value>0x200000</value>
      </symbol>
      <symbol id="sm-9">
         <name>___c_args__</name>
         <value>0xffffffff</value>
      </symbol>
      <symbol id="sm-a">
         <name>.text</name>
         <value>0x400000</value>
      </symbol>
      <symbol id="sm-b">
         <name>___text__</name>
         <value>0x400000</value>
      </symbol>
      <symbol id="sm-c">
         <name>etext</name>
         <value>0x409320</value>
      </symbol>
      <symbol id="sm-d">
         <name>___etext__</name>
         <value>0x409320</value>
      </symbol>
      <symbol id="sm-e">
         <name>.data</name>
         <value>0x0</value>
      </symbol>
      <symbol id="sm-f">
         <name>___data__</name>
         <value>0x0</value>
      </symbol>
      <symbol id="sm-10">
         <name>edata</name>
         <value>0x0</value>
      </symbol>
      <symbol id="sm-11">
         <name>___edata__</name>
         <value>0x0</value>
      </symbol>
      <symbol id="sm-12">
         <name>.bss</name>
         <value>0x0</value>
      </symbol>
      <symbol id="sm-13">
         <name>___bss__</name>
         <value>0x0</value>
      </symbol>
      <symbol id="sm-14">
         <name>end</name>
         <value>0x0</value>
      </symbol>
      <symbol id="sm-15">
         <name>___end__</name>
         <value>0x0</value>
      </symbol>
      <symbol id="sm-16">
         <name>___TI_pprof_out_hndl</name>
         <value>0xffffffff</value>
      </symbol>
      <symbol id="sm-17">
         <name>___TI_prof_data_start</name>
         <value>0xffffffff</value>
      </symbol>
      <symbol id="sm-18">
         <name>___TI_prof_data_size</name>
         <value>0xffffffff</value>
      </symbol>
      <symbol id="sm-19">
         <name>$bss</name>
         <value>0x0</value>
      </symbol>
      <symbol id="sm-59">
         <name>_main</name>
         <value>0x400854</value>
         <object_component_ref idref="oc-d9"/>
      </symbol>
      <symbol id="sm-5a">
         <name>_show_mat</name>
         <value>0x400000</value>
         <object_component_ref idref="oc-d9"/>
      </symbol>
      <symbol id="sm-5b">
         <name>_iFileName</name>
         <value>0x4098d8</value>
         <object_component_ref idref="oc-e2"/>
      </symbol>
      <symbol id="sm-5c">
         <name>_H_transform</name>
         <value>0x400228</value>
         <object_component_ref idref="oc-d9"/>
      </symbol>
      <symbol id="sm-5d">
         <name>_oFileName</name>
         <value>0x4098c8</value>
         <object_component_ref idref="oc-e3"/>
      </symbol>
      <symbol id="sm-5e">
         <name>_saveMat</name>
         <value>0x4000e4</value>
         <object_component_ref idref="oc-d9"/>
      </symbol>
      <symbol id="sm-5f">
         <name>_initMat</name>
         <value>0x40015c</value>
         <object_component_ref idref="oc-d9"/>
      </symbol>
      <symbol id="sm-6b">
         <name>_c_int00</name>
         <value>0x409060</value>
         <object_component_ref idref="oc-17"/>
      </symbol>
      <symbol id="sm-6c">
         <name>__stack</name>
         <value>0x0</value>
         <object_component_ref idref="oc-1d"/>
      </symbol>
      <symbol id="sm-7c">
         <name>C$$EXIT</name>
         <value>0x4092e0</value>
         <object_component_ref idref="oc-da"/>
      </symbol>
      <symbol id="sm-7d">
         <name>_exit</name>
         <value>0x408200</value>
         <object_component_ref idref="oc-cd"/>
      </symbol>
      <symbol id="sm-7e">
         <name>___TI_enable_exit_profile_output</name>
         <value>0x40976c</value>
         <object_component_ref idref="oc-22"/>
      </symbol>
      <symbol id="sm-7f">
         <name>_abort</name>
         <value>0x4092e0</value>
         <object_component_ref idref="oc-da"/>
      </symbol>
      <symbol id="sm-80">
         <name>__cleanup_ptr</name>
         <value>0x409764</value>
         <object_component_ref idref="oc-22"/>
      </symbol>
      <symbol id="sm-81">
         <name>__dtors_ptr</name>
         <value>0x409768</value>
         <object_component_ref idref="oc-22"/>
      </symbol>
      <symbol id="sm-8d">
         <name>__closefile</name>
         <value>0x406680</value>
         <object_component_ref idref="oc-f2"/>
      </symbol>
      <symbol id="sm-8e">
         <name>_fclose</name>
         <value>0x408cc0</value>
         <object_component_ref idref="oc-e4"/>
      </symbol>
      <symbol id="sm-98">
         <name>__doflush</name>
         <value>0x407920</value>
         <object_component_ref idref="oc-e9"/>
      </symbol>
      <symbol id="sm-ac">
         <name>__cleanup</name>
         <value>0x407e40</value>
         <object_component_ref idref="oc-fe"/>
      </symbol>
      <symbol id="sm-ad">
         <name>_fopen</name>
         <value>0x408d40</value>
         <object_component_ref idref="oc-e1"/>
      </symbol>
      <symbol id="sm-b7">
         <name>_fread</name>
         <value>0x403a20</value>
         <object_component_ref idref="oc-e0"/>
      </symbol>
      <symbol id="sm-c1">
         <name>_fwrite</name>
         <value>0x401520</value>
         <object_component_ref idref="oc-de"/>
      </symbol>
      <symbol id="sm-df">
         <name>_read</name>
         <value>0x408440</value>
         <object_component_ref idref="oc-ef"/>
      </symbol>
      <symbol id="sm-e0">
         <name>_unlink</name>
         <value>0x408ec0</value>
         <object_component_ref idref="oc-10a"/>
      </symbol>
      <symbol id="sm-e1">
         <name>_open</name>
         <value>0x405d60</value>
         <object_component_ref idref="oc-ff"/>
      </symbol>
      <symbol id="sm-e2">
         <name>_lseek</name>
         <value>0x4082c0</value>
         <object_component_ref idref="oc-107"/>
      </symbol>
      <symbol id="sm-e3">
         <name>_close</name>
         <value>0x4072a0</value>
         <object_component_ref idref="oc-101"/>
      </symbol>
      <symbol id="sm-e4">
         <name>_write</name>
         <value>0x408500</value>
         <object_component_ref idref="oc-eb"/>
      </symbol>
      <symbol id="sm-ec">
         <name>_memcpy</name>
         <value>0x407ae0</value>
         <object_component_ref idref="oc-d7"/>
      </symbol>
      <symbol id="sm-104">
         <name>__sys_memory</name>
         <value>0x200000</value>
         <object_component_ref idref="oc-41"/>
      </symbol>
      <symbol id="sm-105">
         <name>_free</name>
         <value>0x403d20</value>
         <object_component_ref idref="oc-100"/>
      </symbol>
      <symbol id="sm-106">
         <name>_calloc</name>
         <value>0x408840</value>
         <object_component_ref idref="oc-df"/>
      </symbol>
      <symbol id="sm-107">
         <name>_malloc</name>
         <value>0x405ba0</value>
         <object_component_ref idref="oc-ec"/>
      </symbol>
      <symbol id="sm-111">
         <name>_memset</name>
         <value>0x4074a0</value>
         <object_component_ref idref="oc-fd"/>
      </symbol>
      <symbol id="sm-11f">
         <name>_printf</name>
         <value>0x407ca0</value>
         <object_component_ref idref="oc-dd"/>
      </symbol>
      <symbol id="sm-129">
         <name>_remove</name>
         <value>0x409300</value>
         <object_component_ref idref="oc-102"/>
      </symbol>
      <symbol id="sm-141">
         <name>_HOSTopen</name>
         <value>0x406ea0</value>
         <object_component_ref idref="oc-ce"/>
      </symbol>
      <symbol id="sm-142">
         <name>_HOSTread</name>
         <value>0x406fa0</value>
         <object_component_ref idref="oc-d0"/>
      </symbol>
      <symbol id="sm-143">
         <name>_HOSTrename</name>
         <value>0x4055c0</value>
         <object_component_ref idref="oc-d4"/>
      </symbol>
      <symbol id="sm-144">
         <name>_HOSTwrite</name>
         <value>0x4070a0</value>
         <object_component_ref idref="oc-d1"/>
      </symbol>
      <symbol id="sm-145">
         <name>_HOSTlseek</name>
         <value>0x406900</value>
         <object_component_ref idref="oc-d2"/>
      </symbol>
      <symbol id="sm-146">
         <name>_HOSTunlink</name>
         <value>0x4075a0</value>
         <object_component_ref idref="oc-d3"/>
      </symbol>
      <symbol id="sm-147">
         <name>_HOSTclose</name>
         <value>0x407d80</value>
         <object_component_ref idref="oc-cf"/>
      </symbol>
      <symbol id="sm-155">
         <name>C$$IO$$</name>
         <value>0x409118</value>
         <object_component_ref idref="oc-db"/>
      </symbol>
      <symbol id="sm-156">
         <name>__CIOBUF_</name>
         <value>0x409a48</value>
         <object_component_ref idref="oc-52"/>
      </symbol>
      <symbol id="sm-157">
         <name>_readmsg</name>
         <value>0x408e40</value>
         <object_component_ref idref="oc-dc"/>
      </symbol>
      <symbol id="sm-158">
         <name>_writemsg</name>
         <value>0x4090c0</value>
         <object_component_ref idref="oc-db"/>
      </symbol>
      <symbol id="sm-162">
         <name>__buff_read</name>
         <value>0x406a20</value>
         <object_component_ref idref="oc-ee"/>
      </symbol>
      <symbol id="sm-16e">
         <name>__rd_ok</name>
         <value>0x408140</value>
         <object_component_ref idref="oc-ed"/>
      </symbol>
      <symbol id="sm-16f">
         <name>__wrt_ok</name>
         <value>0x406c60</value>
         <object_component_ref idref="oc-e8"/>
      </symbol>
      <symbol id="sm-17d">
         <name>__unlock</name>
         <value>0x409774</value>
         <object_component_ref idref="oc-5d"/>
      </symbol>
      <symbol id="sm-17e">
         <name>__lock</name>
         <value>0x409770</value>
         <object_component_ref idref="oc-5d"/>
      </symbol>
      <symbol id="sm-17f">
         <name>__nop</name>
         <value>0x409280</value>
         <object_component_ref idref="oc-d5"/>
      </symbol>
      <symbol id="sm-1af">
         <name>__printfi</name>
         <value>0x401f80</value>
         <object_component_ref idref="oc-e6"/>
      </symbol>
      <symbol id="sm-1b9">
         <name>__args_main</name>
         <value>0x4091a0</value>
         <object_component_ref idref="oc-cc"/>
      </symbol>
      <symbol id="sm-1ba">
         <name>__TI_args_main</name>
         <value>0x1</value>
      </symbol>
      <symbol id="sm-1c4">
         <name>_atoi</name>
         <value>0x406d80</value>
         <object_component_ref idref="oc-103"/>
      </symbol>
      <symbol id="sm-1ce">
         <name>__auto_init</name>
         <value>0x407680</value>
         <object_component_ref idref="oc-cb"/>
      </symbol>
      <symbol id="sm-1d8">
         <name>__cmpd</name>
         <value>0x407760</value>
         <object_component_ref idref="oc-10e"/>
      </symbol>
      <symbol id="sm-1e2">
         <name>___TI_cpp_init</name>
         <value>0x408ac0</value>
         <object_component_ref idref="oc-d8"/>
      </symbol>
      <symbol id="sm-1ec">
         <name>_copy_in</name>
         <value>0x4088e0</value>
         <object_component_ref idref="oc-d6"/>
      </symbol>
      <symbol id="sm-1f4">
         <name>__ctypes_</name>
         <value>0x409788</value>
         <object_component_ref idref="oc-10b"/>
      </symbol>
      <symbol id="sm-1fe">
         <name>__tmpnams</name>
         <value>0x409500</value>
         <object_component_ref idref="oc-7a"/>
      </symbol>
      <symbol id="sm-1ff">
         <name>__ft_end</name>
         <value>0x409640</value>
         <object_component_ref idref="oc-7a"/>
      </symbol>
      <symbol id="sm-200">
         <name>__ftable</name>
         <value>0x409320</value>
         <object_component_ref idref="oc-7a"/>
      </symbol>
      <symbol id="sm-20c">
         <name>__divd</name>
         <value>0x400f60</value>
         <object_component_ref idref="oc-11d"/>
      </symbol>
      <symbol id="sm-214">
         <name>__c6xabi_divu</name>
         <value>0x407f00</value>
         <object_component_ref idref="oc-ea"/>
      </symbol>
      <symbol id="sm-215">
         <name>__divu</name>
         <value>0x407f00</value>
         <object_component_ref idref="oc-ea"/>
      </symbol>
      <symbol id="sm-21f">
         <name>__fixdi</name>
         <value>0x408660</value>
         <object_component_ref idref="oc-124"/>
      </symbol>
      <symbol id="sm-229">
         <name>__fixdli</name>
         <value>0x408700</value>
         <object_component_ref idref="oc-120"/>
      </symbol>
      <symbol id="sm-233">
         <name>__fltlid</name>
         <value>0x408b40</value>
         <object_component_ref idref="oc-122"/>
      </symbol>
      <symbol id="sm-23d">
         <name>_putc</name>
         <value>0x404ca0</value>
         <object_component_ref idref="oc-f8"/>
      </symbol>
      <symbol id="sm-23e">
         <name>_fputc</name>
         <value>0x404ca0</value>
         <object_component_ref idref="oc-f8"/>
      </symbol>
      <symbol id="sm-24a">
         <name>_fputs</name>
         <value>0x402440</value>
         <object_component_ref idref="oc-f3"/>
      </symbol>
      <symbol id="sm-254">
         <name>__frcmpyd_div</name>
         <value>0x4071a0</value>
         <object_component_ref idref="oc-127"/>
      </symbol>
      <symbol id="sm-25e">
         <name>_fseek</name>
         <value>0x4060c0</value>
         <object_component_ref idref="oc-f9"/>
      </symbol>
      <symbol id="sm-26c">
         <name>__divul</name>
         <value>0x405f20</value>
         <object_component_ref idref="oc-128"/>
      </symbol>
      <symbol id="sm-26d">
         <name>__remli</name>
         <value>0x408fa0</value>
         <object_component_ref idref="oc-12a"/>
      </symbol>
      <symbol id="sm-26e">
         <name>__divli</name>
         <value>0x4085c0</value>
         <object_component_ref idref="oc-12b"/>
      </symbol>
      <symbol id="sm-27a">
         <name>__subcull</name>
         <value>0x409000</value>
         <object_component_ref idref="oc-12e"/>
      </symbol>
      <symbol id="sm-27b">
         <name>__divull</name>
         <value>0x404000</value>
         <object_component_ref idref="oc-129"/>
      </symbol>
      <symbol id="sm-285">
         <name>___isinf</name>
         <value>0x409120</value>
         <object_component_ref idref="oc-10d"/>
      </symbol>
      <symbol id="sm-291">
         <name>__llshl</name>
         <value>0x408bc0</value>
         <object_component_ref idref="oc-12d"/>
      </symbol>
      <symbol id="sm-292">
         <name>__llshru</name>
         <value>0x408f40</value>
         <object_component_ref idref="oc-12f"/>
      </symbol>
      <symbol id="sm-29c">
         <name>_ltoa</name>
         <value>0x4073a0</value>
         <object_component_ref idref="oc-121"/>
      </symbol>
      <symbol id="sm-2a6">
         <name>_memccpy</name>
         <value>0x408dc0</value>
         <object_component_ref idref="oc-106"/>
      </symbol>
      <symbol id="sm-2b0">
         <name>__mpyd</name>
         <value>0x404560</value>
         <object_component_ref idref="oc-11c"/>
      </symbol>
      <symbol id="sm-2ba">
         <name>__mpyll</name>
         <value>0x408c40</value>
         <object_component_ref idref="oc-11f"/>
      </symbol>
      <symbol id="sm-2c4">
         <name>__negd</name>
         <value>0x4091e0</value>
         <object_component_ref idref="oc-10f"/>
      </symbol>
      <symbol id="sm-2ce">
         <name>__negll</name>
         <value>0x409260</value>
         <object_component_ref idref="oc-114"/>
      </symbol>
      <symbol id="sm-2d8">
         <name>_setvbuf</name>
         <value>0x405380</value>
         <object_component_ref idref="oc-fa"/>
      </symbol>
      <symbol id="sm-2e2">
         <name>__subd</name>
         <value>0x409220</value>
         <object_component_ref idref="oc-123"/>
      </symbol>
      <symbol id="sm-2f3">
         <name>__addd</name>
         <value>0x404f00</value>
         <object_component_ref idref="oc-12c"/>
      </symbol>
      <symbol id="sm-2fd">
         <name>__frcaddd</name>
         <value>0x4047e0</value>
         <object_component_ref idref="oc-130"/>
      </symbol>
      <symbol id="sm-307">
         <name>__frcmpyd</name>
         <value>0x406b40</value>
         <object_component_ref idref="oc-125"/>
      </symbol>
      <symbol id="sm-311">
         <name>__renormd</name>
         <value>0x4087a0</value>
         <object_component_ref idref="oc-131"/>
      </symbol>
   </symbol_table>
</link_info>
