******************************************************************************
               TMS320C6x Linker PC v7.4.4                      
******************************************************************************
>> Linked Thu Jan 07 10:50:00 2021

OUTPUT FILE NAME:   <4x4_matrix_transform.out>
ENTRY POINT SYMBOL: "_c_int00"  address: 00409060


MEMORY CONFIGURATION

         name            origin    length      used     unused   attr    fill
----------------------  --------  ---------  --------  --------  ----  --------
  IRAM                  00000000   08000000  00409b64  07bf649c  RWIX
  EMIFA_CS0             80000000   10000000  00000000  10000000  RWIX
  EMIFA_CS1             90000000   10000000  00000000  10000000  RWIX
  EMIFA_CS2             a0000000   10000000  00000000  10000000  RWIX
  EMIFA_CS3             b0000000   10000000  00000000  10000000  RWIX


SECTION ALLOCATION MAP

 output                                  attributes/
section   page    origin      length       input sections
--------  ----  ----------  ----------   ----------------
.stack     0    00000000    00200000     UNINITIALIZED
                  00000000    00000008     rts6400.lib : boot.obj (.stack)
                  00000008    001ffff8     --HOLE--

.bss       0    00000000    00000000     UNINITIALIZED

.data      0    00000000    00000000     UNINITIALIZED

.pinit     0    00000000    00000000     UNINITIALIZED

.sysmem    0    00200000    00200000     UNINITIALIZED
                  00200000    00000008     rts6400.lib : memory.obj (.sysmem)
                  00200008    001ffff8     --HOLE--

.text      0    00400000    00009320     
                  00400000    00000940     main.obj (.text)
                  00400940    00000620     rts6400.lib : _printfi.obj (.text:__getarg_diouxp)
                  00400f60    000005c0                 : divd.obj (.text:__divd)
                  00401520    00000580                 : fwrite.obj (.text:_fwrite)
                  00401aa0    000004e0                 : _printfi.obj (.text:__setfield)
                  00401f80    000004c0                 : _printfi.obj (.text:__printfi)
                  00402440    00000420                 : fputs.obj (.text:_fputs)
                  00402860    00000400                 : _printfi.obj (.text:_fcvt)
                  00402c60    000003e0                 : _printfi.obj (.text:__pproc_fge)
                  00403040    000003c0                 : _printfi.obj (.text:_ecvt)
                  00403400    00000320                 : _printfi.obj (.text:__pconv_e)
                  00403720    00000300                 : _printfi.obj (.text:__pproc_fwp)
                  00403a20    00000300                 : fread.obj (.text:_fread)
                  00403d20    000002e0                 : memory.obj (.text:_free)
                  00404000    000002c0                 : imath64.obj (.text:__divull)
                  004042c0    000002a0                 : _printfi.obj (.text:__pproc_diouxp)
                  00404560    00000280                 : mpyd.obj (.text:__mpyd)
                  004047e0    00000260                 : frcaddd.obj (.text:__frcaddd)
                  00404a40    00000260                 : _printfi.obj (.text:__pproc_str)
                  00404ca0    00000260                 : fputc.obj (.text:_fputc)
                  00404f00    00000240                 : addd.obj (.text:__addd)
                  00405140    00000240                 : _printfi.obj (.text:__pconv_g)
                  00405380    00000240                 : setvbuf.obj (.text:_setvbuf)
                  004055c0    00000200                 : trgdrv.obj (.text:_HOSTrename)
                  004057c0    00000200                 : _printfi.obj (.text:__mcpy)
                  004059c0    000001e0                 : fopen.obj (.text:__openfile)
                  00405ba0    000001c0                 : memory.obj (.text:_malloc)
                  00405d60    000001c0                 : lowlev.obj (.text:_open)
                  00405f20    000001a0                 : imath40.obj (.text:__divul)
                  004060c0    00000180                 : fseek.obj (.text:_fseek)
                  00406240    00000180                 : lowlev.obj (.text:_getdevice)
                  004063c0    00000160                 : _printfi.obj (.text:__ltostr)
                  00406520    00000160                 : _printfi.obj (.text:__pproc_fflags)
                  00406680    00000140                 : fclose.obj (.text:__closefile)
                  004067c0    00000140                 : fopen.obj (.text:__search_fp)
                  00406900    00000120                 : trgdrv.obj (.text:_HOSTlseek)
                  00406a20    00000120                 : _bufread.obj (.text:__buff_read)
                  00406b40    00000120                 : frcmpyd.obj (.text:__frcmpyd)
                  00406c60    00000120                 : _io_perm.obj (.text:__wrt_ok)
                  00406d80    00000120                 : atoi.obj (.text:_atoi)
                  00406ea0    00000100                 : trgdrv.obj (.text:_HOSTopen)
                  00406fa0    00000100                 : trgdrv.obj (.text:_HOSTread)
                  004070a0    00000100                 : trgdrv.obj (.text:_HOSTwrite)
                  004071a0    00000100                 : frcmpyd_div.obj (.text:__frcmpyd_div)
                  004072a0    00000100                 : lowlev.obj (.text:_close)
                  004073a0    00000100                 : ltoa.obj (.text:_ltoa)
                  004074a0    00000100                 : memset.obj (.text:_memset)
                  004075a0    000000e0                 : trgdrv.obj (.text:_HOSTunlink)
                  00407680    000000e0                 : autoinit.obj (.text:__auto_init)
                  00407760    000000e0                 : cmpd.obj (.text:__cmpd)
                  00407840    000000e0                 : _printfi.obj (.text:__div)
                  00407920    000000e0                 : fflush.obj (.text:__doflush)
                  00407a00    000000e0                 : _printfi.obj (.text:__pconv_f)
                  00407ae0    000000e0                 : memcpy64.obj (.text:_memcpy)
                  00407bc0    000000e0                 : memory.obj (.text:_mremove)
                  00407ca0    000000e0                 : printf.obj (.text:_printf)
                  00407d80    000000c0                 : trgdrv.obj (.text:_HOSTclose)
                  00407e40    000000c0                 : fopen.obj (.text:__cleanup)
                  00407f00    000000c0                 : divu.obj (.text:__divu)
                  00407fc0    000000c0                 : _printfi.obj (.text:__ecpy)
                  00408080    000000c0                 : _printfi.obj (.text:__fcpy)
                  00408140    000000c0                 : _io_perm.obj (.text:__rd_ok)
                  00408200    000000c0                 : exit.obj (.text:_exit)
                  004082c0    000000c0                 : lowlev.obj (.text:_lseek)
                  00408380    000000c0                 : memory.obj (.text:_minsert)
                  00408440    000000c0                 : lowlev.obj (.text:_read)
                  00408500    000000c0                 : lowlev.obj (.text:_write)
                  004085c0    000000a0                 : imath40.obj (.text:__divli)
                  00408660    000000a0                 : fixdi.obj (.text:__fixdi)
                  00408700    000000a0                 : fixdli.obj (.text:__fixdli)
                  004087a0    000000a0                 : renormd.obj (.text:__renormd)
                  00408840    000000a0                 : memory.obj (.text:_calloc)
                  004088e0    000000a0                 : cpy_tbl.obj (.text:_copy_in)
                  00408980    000000a0                 : lowlev.obj (.text:_finddevice)
                  00408a20    000000a0                 : lowlev.obj (.text:_tabinit)
                  00408ac0    00000080                 : cpp_init.obj (.text:___TI_cpp_init)
                  00408b40    00000080                 : fltlid.obj (.text:__fltlid)
                  00408bc0    00000080                 : llshift.obj (.text:__llshl)
                  00408c40    00000080                 : mpyll.obj (.text:__mpyll)
                  00408cc0    00000080                 : fclose.obj (.text:_fclose)
                  00408d40    00000080                 : fopen.obj (.text:_fopen)
                  00408dc0    00000080                 : memccpy.obj (.text:_memccpy)
                  00408e40    00000080                 : trgmsg.obj (.text:_readmsg)
                  00408ec0    00000080                 : lowlev.obj (.text:_unlink)
                  00408f40    00000060                 : llshift.obj (.text:__llshru)
                  00408fa0    00000060                 : imath40.obj (.text:__remli)
                  00409000    00000060                 : imath64.obj (.text:__subcull)
                  00409060    00000060                 : boot.obj (.text:_c_int00)
                  004090c0    00000060                 : trgmsg.obj (.text:_writemsg)
                  00409120    00000040                 : isinf.obj (.text:___isinf)
                  00409160    00000040                 : _printfi.obj (.text:___isnan)
                  004091a0    00000040                 : args_main.obj (.text:__args_main)
                  004091e0    00000040                 : negd.obj (.text:__negd)
                  00409220    00000040                 : subd.obj (.text:__subd)
                  00409260    00000020                 : negll.obj (.text:__negll)
                  00409280    00000020                 : _lock.obj (.text:__nop)
                  004092a0    00000020                 : printf.obj (.text:__outc)
                  004092c0    00000020                 : printf.obj (.text:__outs)
                  004092e0    00000020                 : exit.obj (.text:_abort)
                  00409300    00000020                 : remove.obj (.text:_remove)

.far       0    00409320    00000468     UNINITIALIZED
                  00409320    00000324     rts6400.lib : defs.obj (.far)
                  00409644    00000004                 : fopen.obj (.far)
                  00409648    0000011c                 : lowlev.obj (.far)
                  00409764    0000000c                 : exit.obj (.far)
                  00409770    00000008                 : _lock.obj (.far)
                  00409778    00000008                 : memory.obj (.far)
                  00409780    00000008                 : trgdrv.obj (.far)

.const     0    00409788    00000168     
                  00409788    00000101     rts6400.lib : ctype.obj (.const:.string:__ctypes_)
                  00409889    00000023                 : _printfi.obj (.const:.string)
                  004098ac    0000001b     main.obj (.const:.string)
                  004098c7    00000001     --HOLE-- [fill = 0]
                  004098c8    0000000b     main.obj (.const:.string:_oFileName)
                  004098d3    00000002     rts6400.lib : fputs.obj (.const:.string)
                  004098d5    00000003     --HOLE-- [fill = 0]
                  004098d8    00000009     main.obj (.const:.string:_iFileName)
                  004098e1    00000007     --HOLE-- [fill = 0]
                  004098e8    00000008     rts6400.lib : divd.obj (.const:.string:_initial_approx$1)

.cinit     0    004098f0    00000154     
                  004098f0    0000005c     rts6400.lib : defs.obj (.cinit)
                  0040994c    00000004     --HOLE-- [fill = 0]
                  00409950    0000005c                 : lowlev.obj (.cinit)
                  004099ac    00000004     --HOLE-- [fill = 0]
                  004099b0    0000002c                 : exit.obj (.cinit)
                  004099dc    00000004     --HOLE-- [fill = 0]
                  004099e0    0000002c                 : memory.obj (.cinit)
                  00409a0c    00000004     --HOLE-- [fill = 0]
                  00409a10    0000001c                 : _lock.obj (.cinit)
                  00409a2c    00000004     --HOLE-- [fill = 0]
                  00409a30    0000000c                 : fopen.obj (.cinit)
                  00409a3c    00000004     --HOLE-- [fill = 0]
                  00409a40    00000004     (.pad.cinit) [fill = 0]

.cio       0    00409a48    00000120     UNINITIALIZED
                  00409a48    00000120     rts6400.lib : trgmsg.obj (.cio)


GLOBAL SYMBOLS: SORTED ALPHABETICALLY BY Name 

address    name
--------   ----
00000000   $bss
00000000   .bss
00000000   .data
00400000   .text
004092e0   C$$EXIT
00409118   C$$IO$$
00407d80   _HOSTclose
00406900   _HOSTlseek
00406ea0   _HOSTopen
00406fa0   _HOSTread
004055c0   _HOSTrename
004075a0   _HOSTunlink
004070a0   _HOSTwrite
00400228   _H_transform
00409a48   __CIOBUF_
00200000   __STACK_END
00200000   __STACK_SIZE
00200000   __SYSMEM_SIZE
00000001   __TI_args_main
00408ac0   ___TI_cpp_init
0040976c   ___TI_enable_exit_profile_output
ffffffff   ___TI_pprof_out_hndl
ffffffff   ___TI_prof_data_size
ffffffff   ___TI_prof_data_start
ffffffff   ___binit__
00000000   ___bss__
ffffffff   ___c_args__
004098f0   ___cinit__
00000000   ___data__
00000000   ___edata__
00000000   ___end__
00409320   ___etext__
00409120   ___isinf
ffffffff   ___pinit__
00400000   ___text__
00404f00   __addd
004091a0   __args_main
00407680   __auto_init
00406a20   __buff_read
00407f00   __c6xabi_divu
00407e40   __cleanup
00409764   __cleanup_ptr
00406680   __closefile
00407760   __cmpd
00409788   __ctypes_
00400f60   __divd
004085c0   __divli
00407f00   __divu
00405f20   __divul
00404000   __divull
00407920   __doflush
00409768   __dtors_ptr
00408660   __fixdi
00408700   __fixdli
00408b40   __fltlid
004047e0   __frcaddd
00406b40   __frcmpyd
004071a0   __frcmpyd_div
00409640   __ft_end
00409320   __ftable
00408bc0   __llshl
00408f40   __llshru
00409770   __lock
00404560   __mpyd
00408c40   __mpyll
004091e0   __negd
00409260   __negll
00409280   __nop
00401f80   __printfi
00408140   __rd_ok
00408fa0   __remli
004087a0   __renormd
00000000   __stack
00409000   __subcull
00409220   __subd
00200000   __sys_memory
00409500   __tmpnams
00409774   __unlock
00406c60   __wrt_ok
004092e0   _abort
00406d80   _atoi
00409060   _c_int00
00408840   _calloc
004072a0   _close
004088e0   _copy_in
00408200   _exit
00408cc0   _fclose
00408d40   _fopen
00404ca0   _fputc
00402440   _fputs
00403a20   _fread
00403d20   _free
004060c0   _fseek
00401520   _fwrite
004098d8   _iFileName
0040015c   _initMat
004082c0   _lseek
004073a0   _ltoa
00400854   _main
00405ba0   _malloc
00408dc0   _memccpy
00407ae0   _memcpy
004074a0   _memset
004098c8   _oFileName
00405d60   _open
00407ca0   _printf
00404ca0   _putc
00408440   _read
00408e40   _readmsg
00409300   _remove
004000e4   _saveMat
00405380   _setvbuf
00400000   _show_mat
00408ec0   _unlink
00408500   _write
004090c0   _writemsg
ffffffff   binit
004098f0   cinit
00000000   edata
00000000   end
00409320   etext
ffffffff   pinit


GLOBAL SYMBOLS: SORTED BY Symbol Address 

address    name
--------   ----
00000000   $bss
00000000   .bss
00000000   .data
00000000   ___bss__
00000000   ___data__
00000000   ___edata__
00000000   ___end__
00000000   __stack
00000000   edata
00000000   end
00000001   __TI_args_main
00200000   __STACK_END
00200000   __STACK_SIZE
00200000   __SYSMEM_SIZE
00200000   __sys_memory
00400000   .text
00400000   ___text__
00400000   _show_mat
004000e4   _saveMat
0040015c   _initMat
00400228   _H_transform
00400854   _main
00400f60   __divd
00401520   _fwrite
00401f80   __printfi
00402440   _fputs
00403a20   _fread
00403d20   _free
00404000   __divull
00404560   __mpyd
004047e0   __frcaddd
00404ca0   _fputc
00404ca0   _putc
00404f00   __addd
00405380   _setvbuf
004055c0   _HOSTrename
00405ba0   _malloc
00405d60   _open
00405f20   __divul
004060c0   _fseek
00406680   __closefile
00406900   _HOSTlseek
00406a20   __buff_read
00406b40   __frcmpyd
00406c60   __wrt_ok
00406d80   _atoi
00406ea0   _HOSTopen
00406fa0   _HOSTread
004070a0   _HOSTwrite
004071a0   __frcmpyd_div
004072a0   _close
004073a0   _ltoa
004074a0   _memset
004075a0   _HOSTunlink
00407680   __auto_init
00407760   __cmpd
00407920   __doflush
00407ae0   _memcpy
00407ca0   _printf
00407d80   _HOSTclose
00407e40   __cleanup
00407f00   __c6xabi_divu
00407f00   __divu
00408140   __rd_ok
00408200   _exit
004082c0   _lseek
00408440   _read
00408500   _write
004085c0   __divli
00408660   __fixdi
00408700   __fixdli
004087a0   __renormd
00408840   _calloc
004088e0   _copy_in
00408ac0   ___TI_cpp_init
00408b40   __fltlid
00408bc0   __llshl
00408c40   __mpyll
00408cc0   _fclose
00408d40   _fopen
00408dc0   _memccpy
00408e40   _readmsg
00408ec0   _unlink
00408f40   __llshru
00408fa0   __remli
00409000   __subcull
00409060   _c_int00
004090c0   _writemsg
00409118   C$$IO$$
00409120   ___isinf
004091a0   __args_main
004091e0   __negd
00409220   __subd
00409260   __negll
00409280   __nop
004092e0   C$$EXIT
004092e0   _abort
00409300   _remove
00409320   ___etext__
00409320   __ftable
00409320   etext
00409500   __tmpnams
00409640   __ft_end
00409764   __cleanup_ptr
00409768   __dtors_ptr
0040976c   ___TI_enable_exit_profile_output
00409770   __lock
00409774   __unlock
00409788   __ctypes_
004098c8   _oFileName
004098d8   _iFileName
004098f0   ___cinit__
004098f0   cinit
00409a48   __CIOBUF_
ffffffff   ___TI_pprof_out_hndl
ffffffff   ___TI_prof_data_size
ffffffff   ___TI_prof_data_start
ffffffff   ___binit__
ffffffff   ___c_args__
ffffffff   ___pinit__
ffffffff   binit
ffffffff   pinit

[122 symbols]
